<html>
<body>
<pre>
<h1>µVision Build Log</h1>
<h2>Tool Versions:</h2>
IDE-Version: ¦ÌVision V5.22.0.0
Copyright (C) 2016 ARM Ltd and ARM Germany GmbH. All rights reserved.
License Information: Wang Zhi, Microsoft, LIC=X1EY8-37EY8-9YIVW-Q8CCX-14VUY-3ESVA
 
Tool Versions:
Toolchain:       MDK-ARM Professional  Version: 5.22
Toolchain Path:  C:\Keil_v5\ARM\ARMCC\Bin
C Compiler:      Armcc.exe V5.06 update 4 (build 422)
Assembler:       Armasm.exe V5.06 update 4 (build 422)
Linker/Locator:  ArmLink.exe V5.06 update 4 (build 422)
Library Manager: ArmAr.exe V5.06 update 4 (build 422)
Hex Converter:   FromElf.exe V5.06 update 4 (build 422)
CPU DLL:         SARMCM3.DLL V5.22
Dialog DLL:      DARMSTM.DLL V1.67.0.0
Target DLL:      Segger\JL2CM3.dll V2.99.23.0
Dialog DLL:      TARMSTM.DLL V1.66.0.0
 
<h2>Project:</h2>
C:\Users\WHUTWZH\Desktop\simpleBGC32-source\source\USER\STM32-DEMO.uvprojx
Project File Date:  10/17/2019

<h2>Output:</h2>
*** Using Compiler 'V5.06 update 4 (build 422)', folder: 'C:\Keil_v5\ARM\ARMCC\Bin'
Build target 'USART1-DEMO'
compiling computeMotorCommands.c...
..\SRC\drv\drv_cli.h(88): warning:  #1295-D: Deprecated declaration SendToScope - give arg types
  void SendToScope();
..\SRC\drv\drv_i2c.h(56): warning:  #1-D: last line of file ends without a newline
  ///////////////////////////////////////////////////////////////////////////////
..\SRC\computeMotorCommands.c: 2 warnings, 0 errors
compiling pid.c...
..\SRC\drv\drv_cli.h(88): warning:  #1295-D: Deprecated declaration SendToScope - give arg types
  void SendToScope();
..\SRC\drv\drv_i2c.h(56): warning:  #1-D: last line of file ends without a newline
  ///////////////////////////////////////////////////////////////////////////////
..\SRC\pid.c(74): warning:  #177-D: variable "dTermFiltered"  was declared but never referenced
      float dTermFiltered;
..\SRC\pid.c(45): warning:  #550-D: variable "rc"  was set but never used
  static float rc;
..\SRC\pid.c: 4 warnings, 0 errors
compiling main.c...
..\SRC\drv\drv_cli.h(88): warning:  #1295-D: Deprecated declaration SendToScope - give arg types
  void SendToScope();
..\SRC\drv\drv_i2c.h(56): warning:  #1-D: last line of file ends without a newline
  ///////////////////////////////////////////////////////////////////////////////
main.c: 2 warnings, 0 errors
compiling fastTrig.c...
..\SRC\drv\drv_cli.h(88): warning:  #1295-D: Deprecated declaration SendToScope - give arg types
  void SendToScope();
..\SRC\drv\drv_i2c.h(56): warning:  #1-D: last line of file ends without a newline
  ///////////////////////////////////////////////////////////////////////////////
..\SRC\fastTrig.c: 2 warnings, 0 errors
compiling config.c...
..\SRC\drv\drv_cli.h(88): warning:  #1295-D: Deprecated declaration SendToScope - give arg types
  void SendToScope();
..\SRC\drv\drv_i2c.h(56): warning:  #1-D: last line of file ends without a newline
  ///////////////////////////////////////////////////////////////////////////////
..\SRC\config.c: 2 warnings, 0 errors
compiling evvgcCF.c...
..\SRC\drv\drv_cli.h(88): warning:  #1295-D: Deprecated declaration SendToScope - give arg types
  void SendToScope();
..\SRC\drv\drv_i2c.h(56): warning:  #1-D: last line of file ends without a newline
  ///////////////////////////////////////////////////////////////////////////////
..\SRC\evvgcCF.c: 2 warnings, 0 errors
compiling pointingCommands.c...
..\SRC\drv\drv_cli.h(88): warning:  #1295-D: Deprecated declaration SendToScope - give arg types
  void SendToScope();
..\SRC\drv\drv_i2c.h(56): warning:  #1-D: last line of file ends without a newline
  ///////////////////////////////////////////////////////////////////////////////
..\SRC\pointingCommands.c: 2 warnings, 0 errors
compiling firstOrderFilter.c...
..\SRC\drv\drv_cli.h(88): warning:  #1295-D: Deprecated declaration SendToScope - give arg types
  void SendToScope();
..\SRC\drv\drv_i2c.h(56): warning:  #1-D: last line of file ends without a newline
  ///////////////////////////////////////////////////////////////////////////////
..\SRC\firstOrderFilter.c: 2 warnings, 0 errors
compiling MargAHRS.c...
..\SRC\drv\drv_cli.h(88): warning:  #1295-D: Deprecated declaration SendToScope - give arg types
  void SendToScope();
..\SRC\drv\drv_i2c.h(56): warning:  #1-D: last line of file ends without a newline
  ///////////////////////////////////////////////////////////////////////////////
..\SRC\MargAHRS.c(574): warning:  #1-D: last line of file ends without a newline
  }
..\SRC\MargAHRS.c: 3 warnings, 0 errors
compiling drv_cli.c...
..\SRC\drv\drv_cli.h(88): warning:  #1295-D: Deprecated declaration SendToScope - give arg types
  void SendToScope();
..\SRC\drv\drv_i2c.h(56): warning:  #1-D: last line of file ends without a newline
  ///////////////////////////////////////////////////////////////////////////////
..\SRC\drv\drv_cli.c(43): warning:  #550-D: variable "USBCallBackCalled"  was set but never used
  static int USBCallBackCalled = 0;
..\SRC\drv\drv_cli.c: 3 warnings, 0 errors
compiling utilities.c...
..\SRC\drv\drv_cli.h(88): warning:  #1295-D: Deprecated declaration SendToScope - give arg types
  void SendToScope();
..\SRC\drv\drv_i2c.h(56): warning:  #1-D: last line of file ends without a newline
  ///////////////////////////////////////////////////////////////////////////////
..\SRC\utilities.c: 2 warnings, 0 errors
compiling drv_gpio.c...
..\SRC\drv\drv_cli.h(88): warning:  #1295-D: Deprecated declaration SendToScope - give arg types
  void SendToScope();
..\SRC\drv\drv_i2c.h(56): warning:  #1-D: last line of file ends without a newline
  ///////////////////////////////////////////////////////////////////////////////
..\SRC\drv\drv_gpio.c: 2 warnings, 0 errors
compiling drv_i2c.c...
..\SRC\drv\drv_cli.h(88): warning:  #1295-D: Deprecated declaration SendToScope - give arg types
  void SendToScope();
..\SRC\drv\drv_i2c.h(56): warning:  #1-D: last line of file ends without a newline
  ///////////////////////////////////////////////////////////////////////////////
..\SRC\drv\drv_i2c.c: 2 warnings, 0 errors
compiling drv_pwmMotors.c...
..\SRC\drv\drv_cli.h(88): warning:  #1295-D: Deprecated declaration SendToScope - give arg types
  void SendToScope();
..\SRC\drv\drv_i2c.h(56): warning:  #1-D: last line of file ends without a newline
  ///////////////////////////////////////////////////////////////////////////////
..\SRC\drv\drv_pwmMotors.c: 2 warnings, 0 errors
compiling drv_rc.c...
..\SRC\drv\drv_cli.h(88): warning:  #1295-D: Deprecated declaration SendToScope - give arg types
  void SendToScope();
..\SRC\drv\drv_i2c.h(56): warning:  #1-D: last line of file ends without a newline
  ///////////////////////////////////////////////////////////////////////////////
..\SRC\drv\drv_rc.c: 2 warnings, 0 errors
compiling drv_system.c...
..\SRC\drv\drv_cli.h(88): warning:  #1295-D: Deprecated declaration SendToScope - give arg types
  void SendToScope();
..\SRC\drv\drv_i2c.h(56): warning:  #1-D: last line of file ends without a newline
  ///////////////////////////////////////////////////////////////////////////////
..\SRC\drv\drv_system.c(219): warning:  #3731-D: intrinsic is deprecated
          timeMs = 
_LDREXW(&sysTickUptime);
..\SRC\drv\drv_system.c(223): warning:  #3731-D: intrinsic is deprecated
      while (
_STREXW(timeMs , &sysTickUptime));
..\SRC\drv\drv_system.c: 4 warnings, 0 errors
compiling drv_timingFunctions.c...
..\SRC\drv\drv_cli.h(88): warning:  #1295-D: Deprecated declaration SendToScope - give arg types
  void SendToScope();
..\SRC\drv\drv_i2c.h(56): warning:  #1-D: last line of file ends without a newline
  ///////////////////////////////////////////////////////////////////////////////
..\SRC\drv\drv_timingFunctions.c: 2 warnings, 0 errors
compiling drv_usart.c...
..\SRC\drv\drv_cli.h(88): warning:  #1295-D: Deprecated declaration SendToScope - give arg types
  void SendToScope();
..\SRC\drv\drv_i2c.h(56): warning:  #1-D: last line of file ends without a newline
  ///////////////////////////////////////////////////////////////////////////////
..\SRC\drv\drv_usart.c: 2 warnings, 0 errors
compiling ringbuffer.c...
..\SRC\drv\drv_cli.h(88): warning:  #1295-D: Deprecated declaration SendToScope - give arg types
  void SendToScope();
..\SRC\drv\drv_i2c.h(56): warning:  #1-D: last line of file ends without a newline
  ///////////////////////////////////////////////////////////////////////////////
..\SRC\drv\ringbuffer.c: 2 warnings, 0 errors
compiling hmc5883.c...
..\SRC\drv\drv_cli.h(88): warning:  #1295-D: Deprecated declaration SendToScope - give arg types
  void SendToScope();
..\SRC\drv\drv_i2c.h(56): warning:  #1-D: last line of file ends without a newline
  ///////////////////////////////////////////////////////////////////////////////
..\SRC\sensors\hmc5883.c: 2 warnings, 0 errors
compiling mpu6050.c...
..\SRC\drv\drv_cli.h(88): warning:  #1295-D: Deprecated declaration SendToScope - give arg types
  void SendToScope();
..\SRC\drv\drv_i2c.h(56): warning:  #1-D: last line of file ends without a newline
  ///////////////////////////////////////////////////////////////////////////////
..\SRC\sensors\mpu6050.c: 2 warnings, 0 errors
compiling cli.c...
..\SRC\drv\drv_cli.h(88): warning:  #1295-D: Deprecated declaration SendToScope - give arg types
  void SendToScope();
..\SRC\drv\drv_i2c.h(56): warning:  #1-D: last line of file ends without a newline
  ///////////////////////////////////////////////////////////////////////////////
..\SRC\cli\cli.c: 2 warnings, 0 errors
compiling cliSensor.c...
..\SRC\drv\drv_cli.h(88): warning:  #1295-D: Deprecated declaration SendToScope - give arg types
  void SendToScope();
..\SRC\drv\drv_i2c.h(56): warning:  #1-D: last line of file ends without a newline
  ///////////////////////////////////////////////////////////////////////////////
..\SRC\cli\cliSensor.c: 2 warnings, 0 errors
compiling magCalibration.c...
..\SRC\drv\drv_cli.h(88): warning:  #1295-D: Deprecated declaration SendToScope - give arg types
  void SendToScope();
..\SRC\drv\drv_i2c.h(56): warning:  #1-D: last line of file ends without a newline
  ///////////////////////////////////////////////////////////////////////////////
..\SRC\calibration\magCalibration.c: 2 warnings, 0 errors
compiling hw_config.c...
..\SRC\drv\drv_cli.h(88): warning:  #1295-D: Deprecated declaration SendToScope - give arg types
  void SendToScope();
..\SRC\drv\drv_i2c.h(56): warning:  #1-D: last line of file ends without a newline
  ///////////////////////////////////////////////////////////////////////////////
..\SRC\vcp\hw_config.c: 2 warnings, 0 errors
compiling mpu6050Calibration.c...
..\SRC\drv\drv_cli.h(88): warning:  #1295-D: Deprecated declaration SendToScope - give arg types
  void SendToScope();
..\SRC\drv\drv_i2c.h(56): warning:  #1-D: last line of file ends without a newline
  ///////////////////////////////////////////////////////////////////////////////
..\SRC\calibration\mpu6050Calibration.c: 2 warnings, 0 errors
linking...
Program Size: Code=55000 RO-data=712 RW-data=900 ZI-data=7420  
FromELF: creating hex file...
"..\Output\STM32-DEMO.axf" - 0 Error(s), 58 Warning(s).

<h2>Software Packages used:</h2>

Package Vendor: ARM
                http://www.keil.com/pack/ARM.CMSIS.5.0.0.pack
                ARM::CMSIS:CORE:5.0.0
                CMSIS (Cortex Microcontroller Software Interface Standard)
   * Component: CORE Version: 5.0.0

<h2>Collection of Component include folders:</h2>
  C:\Users\WHUTWZH\Desktop\simpleBGC32-source\source\USER\RTE\_USART1-DEMO
  C:\Keil_v5\ARM\PACK\ARM\CMSIS\5.0.0\CMSIS\Include
  C:\Keil_v5\ARM\PACK\Keil\STM32F1xx_DFP\2.3.0\Device\Include

<h2>Collection of Component Files used:</h2>

   * Component: ARM::CMSIS:CORE:5.0.0
Build Time Elapsed:  00:00:17
</pre>
</body>
</html>
