<html>
<body>
<pre>
<h1>µVision Build Log</h1>
<h2>Tool Versions:</h2>
IDE-Version: ¦ÌVision V5.22.0.0
Copyright (C) 2016 ARM Ltd and ARM Germany GmbH. All rights reserved.
License Information: Wang Zhi, Microsoft, LIC=X1EY8-37EY8-9YIVW-Q8CCX-14VUY-3ESVA
 
Tool Versions:
Toolchain:       MDK-ARM Professional  Version: 5.22
Toolchain Path:  C:\Keil_v5\ARM\ARMCC\Bin
C Compiler:      Armcc.exe V5.06 update 4 (build 422)
Assembler:       Armasm.exe V5.06 update 4 (build 422)
Linker/Locator:  ArmLink.exe V5.06 update 4 (build 422)
Library Manager: ArmAr.exe V5.06 update 4 (build 422)
Hex Converter:   FromElf.exe V5.06 update 4 (build 422)
CPU DLL:         SARMCM3.DLL V5.22
Dialog DLL:      DARMSTM.DLL V1.67.0.0
Target DLL:      Segger\JL2CM3.dll V2.99.23.0
Dialog DLL:      TARMSTM.DLL V1.66.0.0
 
<h2>Project:</h2>
C:\Users\WHUTWZH\Desktop\simpleBGC32-source\source\USER\STM32-DEMO.uvprojx
Project File Date:  10/17/2019

<h2>Output:</h2>
*** Using Compiler 'V5.06 update 4 (build 422)', folder: 'C:\Keil_v5\ARM\ARMCC\Bin'
Build target 'USART1-DEMO'
compiling drv_system.c...
..\SRC\drv\drv_system.c(207): warning:  #3731-D: intrinsic is deprecated
          timeMs = 
_LDREXW(&sysTickUptime);
..\SRC\drv\drv_system.c(211): warning:  #3731-D: intrinsic is deprecated
      while (
_STREXW(timeMs , &sysTickUptime));
..\SRC\drv\drv_system.c: 2 warnings, 0 errors
compiling drv_i2c.c...
linking...
Program Size: Code=61088 RO-data=3084 RW-data=800 ZI-data=7096  
FromELF: creating hex file...
"..\Output\STM32-DEMO.axf" - 0 Error(s), 2 Warning(s).

<h2>Software Packages used:</h2>

Package Vendor: ARM
                http://www.keil.com/pack/ARM.CMSIS.5.0.0.pack
                ARM::CMSIS:CORE:5.0.0
                CMSIS (Cortex Microcontroller Software Interface Standard)
   * Component: CORE Version: 5.0.0

<h2>Collection of Component include folders:</h2>
  C:\Users\WHUTWZH\Desktop\simpleBGC32-source\source\USER\RTE\_USART1-DEMO
  C:\Keil_v5\ARM\PACK\ARM\CMSIS\5.0.0\CMSIS\Include
  C:\Keil_v5\ARM\PACK\Keil\STM32F1xx_DFP\2.3.0\Device\Include

<h2>Collection of Component Files used:</h2>

   * Component: ARM::CMSIS:CORE:5.0.0
Build Time Elapsed:  00:00:07
</pre>
</body>
</html>
