Component: ARM Compiler 5.06 update 4 (build 422) Tool: armlink [4d35d2]

==============================================================================

Section Cross References

    startup_stm32f10x_hd.o(RESET) refers to startup_stm32f10x_hd.o(STACK) for __initial_sp
    startup_stm32f10x_hd.o(RESET) refers to startup_stm32f10x_hd.o(.text) for Reset_Handler
    startup_stm32f10x_hd.o(RESET) refers to stm32_it.o(.text) for NMI_Handler
    startup_stm32f10x_hd.o(RESET) refers to drv_system.o(.text) for SysTick_Handler
    startup_stm32f10x_hd.o(RESET) refers to drv_rc.o(.text) for EXTI3_IRQHandler
    startup_stm32f10x_hd.o(RESET) refers to drv_pwmmotors.o(.text) for TIM2_IRQHandler
    startup_stm32f10x_hd.o(RESET) refers to drv_i2c.o(.text) for I2C1_EV_IRQHandler
    startup_stm32f10x_hd.o(RESET) refers to drv_usart.o(.text) for UART4_IRQHandler
    startup_stm32f10x_hd.o(.text) refers to system_stm32f10x.o(.text) for SystemInit
    startup_stm32f10x_hd.o(.text) refers to entry.o(.ARM.Collect$$$$00000000) for __main
    main.o(.text) refers to drv_system.o(.text) for systemInit
    main.o(.text) refers to evvgccf.o(.text) for initOrientation
    main.o(.text) refers to pointingcommands.o(.text) for processPointingCommands
    main.o(.text) refers to fflti.o(.text) for __aeabi_i2f
    main.o(.text) refers to fmul.o(.text) for __aeabi_fmul
    main.o(.text) refers to fadd.o(.text) for __aeabi_fsub
    main.o(.text) refers to cli.o(.text) for cliCom
    main.o(.text) refers to stm32f10x_tim.o(.text) for TIM_Cmd
    main.o(.text) refers to ffltui.o(.text) for __aeabi_ui2f
    main.o(.text) refers to firstorderfilter.o(.text) for firstOrderFilter
    main.o(.text) refers to margahrs.o(.text) for MargAHRSupdate
    main.o(.text) refers to computemotorcommands.o(.text) for computeMotorCommands
    main.o(.text) refers to stm32f10x_gpio.o(.text) for GPIO_ResetBits
    main.o(.text) refers to drv_system.o(.data) for systemReady
    main.o(.text) refers to hmc5883.o(.data) for newMagData
    main.o(.text) refers to hmc5883.o(.bss) for magScaleFactor
    main.o(.text) refers to main.o(.bss) for eepromConfig
    main.o(.text) refers to main.o(.data) for timerValue
    main.o(.text) refers to mpu6050.o(.data) for accelData500Hz
    main.o(.text) refers to mpu6050.o(.bss) for accelTCBias
    main.o(.text) refers to evvgccf.o(.bss) for accAngleSmooth
    main.o(.text) refers to firstorderfilter.o(.bss) for firstOrderFilters
    usart1.o(.text) refers to stm32f10x_rcc.o(.text) for RCC_APB2PeriphClockCmd
    usart1.o(.text) refers to stm32f10x_gpio.o(.text) for GPIO_Init
    usart1.o(.text) refers to stm32f10x_usart.o(.text) for USART_Init
    usart1.o(.text) refers to misc.o(.text) for NVIC_PriorityGroupConfig
    usart1.o(.text) refers to printfa.o(i.__0vsnprintf) for vsnprintf
    stm32f10x_rcc.o(.text) refers to stm32f10x_rcc.o(.data) for APBAHBPrescTable
    stm32f10x_gpio.o(.text) refers to stm32f10x_rcc.o(.text) for RCC_APB2PeriphResetCmd
    stm32f10x_usart.o(.text) refers to stm32f10x_rcc.o(.text) for RCC_APB2PeriphResetCmd
    stm32f10x_adc.o(.text) refers to stm32f10x_rcc.o(.text) for RCC_APB2PeriphResetCmd
    stm32f10x_bkp.o(.text) refers to stm32f10x_rcc.o(.text) for RCC_BackupResetCmd
    stm32f10x_can.o(.text) refers to stm32f10x_rcc.o(.text) for RCC_APB1PeriphResetCmd
    stm32f10x_cec.o(.text) refers to stm32f10x_rcc.o(.text) for RCC_APB1PeriphResetCmd
    stm32f10x_dac.o(.text) refers to stm32f10x_rcc.o(.text) for RCC_APB1PeriphResetCmd
    stm32f10x_i2c.o(.text) refers to stm32f10x_rcc.o(.text) for RCC_APB1PeriphResetCmd
    stm32f10x_pwr.o(.text) refers to stm32f10x_rcc.o(.text) for RCC_APB1PeriphResetCmd
    stm32f10x_spi.o(.text) refers to stm32f10x_rcc.o(.text) for RCC_APB2PeriphResetCmd
    stm32f10x_tim.o(.text) refers to stm32f10x_rcc.o(.text) for RCC_APB2PeriphResetCmd
    stm32f10x_wwdg.o(.text) refers to stm32f10x_rcc.o(.text) for RCC_APB1PeriphResetCmd
    system_stm32f10x.o(.text) refers to system_stm32f10x.o(.data) for SystemCoreClock
    pid.o(.text) refers to fadd.o(.text) for __aeabi_fsub
    pid.o(.text) refers to utilities.o(.text) for standardRadianFormat
    pid.o(.text) refers to fmul.o(.text) for __aeabi_fmul
    pid.o(.text) refers to fdiv.o(.text) for __aeabi_fdiv
    pid.o(.text) refers to pid.o(.data) for rc
    pid.o(.text) refers to main.o(.bss) for eepromConfig
    computemotorcommands.o(.text) refers to fadd.o(.text) for __aeabi_fsub
    computemotorcommands.o(.text) refers to cfrcmple.o(.text) for __aeabi_cfrcmple
    computemotorcommands.o(.text) refers to fmul.o(.text) for __aeabi_fmul
    computemotorcommands.o(.text) refers to cfcmple.o(.text) for __aeabi_cfcmple
    computemotorcommands.o(.text) refers to fdiv.o(.text) for __aeabi_fdiv
    computemotorcommands.o(.text) refers to pid.o(.text) for updatePID
    computemotorcommands.o(.text) refers to ffixi.o(.text) for __aeabi_f2iz
    computemotorcommands.o(.text) refers to drv_pwmmotors.o(.text) for setRollMotor
[...]
    USART_ReceiverWakeUpCmd                  0x08000ed7   Thumb Code    24  stm32f10x_usart.o(.text)
    USART_LINBreakDetectLengthConfig         0x08000eef   Thumb Code    18  stm32f10x_usart.o(.text)
    USART_LINCmd                             0x08000f01   Thumb Code    24  stm32f10x_usart.o(.text)
    USART_SendData                           0x08000f19   Thumb Code     8  stm32f10x_usart.o(.text)
    USART_ReceiveData                        0x08000f21   Thumb Code    10  stm32f10x_usart.o(.text)
    USART_SendBreak                          0x08000f2b   Thumb Code    10  stm32f10x_usart.o(.text)
    USART_SetGuardTime                       0x08000f35   Thumb Code    16  stm32f10x_usart.o(.text)
    USART_SetPrescaler                       0x08000f45   Thumb Code    16  stm32f10x_usart.o(.text)
    USART_SmartCardCmd                       0x08000f55   Thumb Code    24  stm32f10x_usart.o(.text)
    USART_SmartCardNACKCmd                   0x08000f6d   Thumb Code    24  stm32f10x_usart.o(.text)
    USART_HalfDuplexCmd                      0x08000f85   Thumb Code    24  stm32f10x_usart.o(.text)
    USART_OverSampling8Cmd                   0x08000f9d   Thumb Code    22  stm32f10x_usart.o(.text)
    USART_OneBitMethodCmd                    0x08000fb3   Thumb Code    24  stm32f10x_usart.o(.text)
    USART_IrDAConfig                         0x08000fcb   Thumb Code    18  stm32f10x_usart.o(.text)
    USART_IrDACmd                            0x08000fdd   Thumb Code    24  stm32f10x_usart.o(.text)
    USART_GetFlagStatus                      0x08000ff5   Thumb Code    26  stm32f10x_usart.o(.text)
    USART_ClearFlag                          0x0800100f   Thumb Code    18  stm32f10x_usart.o(.text)
    USART_GetITStatus                        0x08001021   Thumb Code    84  stm32f10x_usart.o(.text)
    USART_ClearITPendingBit                  0x08001075   Thumb Code    52  stm32f10x_usart.o(.text)
    NVIC_PriorityGroupConfig                 0x080010a9   Thumb Code    10  misc.o(.text)
    NVIC_Init                                0x080010b3   Thumb Code   100  misc.o(.text)
    NVIC_SetVectorTable                      0x08001117   Thumb Code    14  misc.o(.text)
    NVIC_SystemLPConfig                      0x08001125   Thumb Code    34  misc.o(.text)
    SysTick_CLKSourceConfig                  0x08001147   Thumb Code    40  misc.o(.text)
    EXTI_DeInit                              0x08001185   Thumb Code    28  stm32f10x_exti.o(.text)
    EXTI_Init                                0x080011a1   Thumb Code   142  stm32f10x_exti.o(.text)
    EXTI_StructInit                          0x0800122f   Thumb Code    16  stm32f10x_exti.o(.text)
    EXTI_GenerateSWInterrupt                 0x0800123f   Thumb Code    16  stm32f10x_exti.o(.text)
    EXTI_GetFlagStatus                       0x0800124f   Thumb Code    22  stm32f10x_exti.o(.text)
    EXTI_ClearFlag                           0x08001265   Thumb Code     8  stm32f10x_exti.o(.text)
    EXTI_GetITStatus                         0x0800126d   Thumb Code    34  stm32f10x_exti.o(.text)
    EXTI_ClearITPendingBit                   0x0800128f   Thumb Code     8  stm32f10x_exti.o(.text)
    FLASH_SetLatency                         0x080012a1   Thumb Code    18  stm32f10x_flash.o(.text)
    FLASH_HalfCycleAccessCmd                 0x080012b3   Thumb Code    22  stm32f10x_flash.o(.text)
    FLASH_PrefetchBufferCmd                  0x080012c9   Thumb Code    22  stm32f10x_flash.o(.text)
    FLASH_Unlock                             0x080012df   Thumb Code    12  stm32f10x_flash.o(.text)
    FLASH_UnlockBank1                        0x080012eb   Thumb Code    12  stm32f10x_flash.o(.text)
    FLASH_Lock                               0x080012f7   Thumb Code    14  stm32f10x_flash.o(.text)
    FLASH_LockBank1                          0x08001305   Thumb Code    14  stm32f10x_flash.o(.text)
    FLASH_GetBank1Status                     0x08001313   Thumb Code    48  stm32f10x_flash.o(.text)
    FLASH_WaitForLastOperation               0x08001343   Thumb Code    38  stm32f10x_flash.o(.text)
    FLASH_ErasePage                          0x08001369   Thumb Code    72  stm32f10x_flash.o(.text)
    FLASH_EraseAllPages                      0x080013b1   Thumb Code    68  stm32f10x_flash.o(.text)
    FLASH_WaitForLastBank1Operation          0x080013f5   Thumb Code    38  stm32f10x_flash.o(.text)
    FLASH_EraseAllBank1Pages                 0x0800141b   Thumb Code    68  stm32f10x_flash.o(.text)
    FLASH_GetReadOutProtectionStatus         0x0800145f   Thumb Code    20  stm32f10x_flash.o(.text)
    FLASH_EraseOptionBytes                   0x08001473   Thumb Code   150  stm32f10x_flash.o(.text)
    FLASH_ProgramWord                        0x08001509   Thumb Code   102  stm32f10x_flash.o(.text)
    FLASH_ProgramHalfWord                    0x0800156f   Thumb Code    60  stm32f10x_flash.o(.text)
    FLASH_ProgramOptionByteData              0x080015ab   Thumb Code    72  stm32f10x_flash.o(.text)
    FLASH_EnableWriteProtection              0x080015f3   Thumb Code   200  stm32f10x_flash.o(.text)
    FLASH_ReadOutProtection                  0x080016bb   Thumb Code   156  stm32f10x_flash.o(.text)
    FLASH_UserOptionByteConfig               0x08001757   Thumb Code    88  stm32f10x_flash.o(.text)
    FLASH_GetUserOptionByte                  0x080017af   Thumb Code     8  stm32f10x_flash.o(.text)
    FLASH_GetWriteProtectionOptionByte       0x080017b7   Thumb Code     6  stm32f10x_flash.o(.text)
    FLASH_GetPrefetchBufferStatus            0x080017bd   Thumb Code    20  stm32f10x_flash.o(.text)
    FLASH_ITConfig                           0x080017d1   Thumb Code    26  stm32f10x_flash.o(.text)
    FLASH_GetFlagStatus                      0x080017eb   Thumb Code    42  stm32f10x_flash.o(.text)
    FLASH_ClearFlag                          0x08001815   Thumb Code     6  stm32f10x_flash.o(.text)
    FLASH_GetStatus                          0x0800181b   Thumb Code    48  stm32f10x_flash.o(.text)
    I2C_DeInit                               0x0800185d   Thumb Code    50  stm32f10x_i2c.o(.text)
    I2C_Init                                 0x0800188f   Thumb Code   222  stm32f10x_i2c.o(.text)
    I2C_StructInit                           0x0800196d   Thumb Code    30  stm32f10x_i2c.o(.text)
    I2C_Cmd                                  0x0800198b   Thumb Code    24  stm32f10x_i2c.o(.text)
    I2C_DMACmd                               0x080019a3   Thumb Code    24  stm32f10x_i2c.o(.text)
    I2C_DMALastTransferCmd                   0x080019bb   Thumb Code    24  stm32f10x_i2c.o(.text)
    I2C_GenerateSTART                        0x080019d3   Thumb Code    24  stm32f10x_i2c.o(.text)
    I2C_GenerateSTOP                         0x080019eb   Thumb Code    24  stm32f10x_i2c.o(.text)
    I2C_AcknowledgeConfig                    0x08001a03   Thumb Code    24  stm32f10x_i2c.o(.text)
    I2C_OwnAddress2Config                    0x08001a1b   Thumb Code    22  stm32f10x_i2c.o(.text)
    I2C_DualAddressCmd                       0x08001a31   Thumb Code    24  stm32f10x_i2c.o(.text)
    I2C_GeneralCallCmd                       0x08001a49   Thumb Code    24  stm32f10x_i2c.o(.text)
    I2C_ITConfig                             0x08001a61   Thumb Code    18  stm32f10x_i2c.o(.text)
    I2C_SendData                             0x08001a73   Thumb Code     4  stm32f10x_i2c.o(.text)
    I2C_ReceiveData                          0x08001a77   Thumb Code     8  stm32f10x_i2c.o(.text)
    I2C_Send7bitAddress                      0x08001a7f   Thumb Code    18  stm32f10x_i2c.o(.text)
    I2C_ReadRegister                         0x08001a91   Thumb Code    22  stm32f10x_i2c.o(.text)
    I2C_SoftwareResetCmd                     0x08001aa7   Thumb Code    22  stm32f10x_i2c.o(.text)
    I2C_NACKPositionConfig                   0x08001abd   Thumb Code    28  stm32f10x_i2c.o(.text)
    I2C_SMBusAlertConfig                     0x08001ad9   Thumb Code    28  stm32f10x_i2c.o(.text)
    I2C_TransmitPEC                          0x08001af5   Thumb Code    24  stm32f10x_i2c.o(.text)
    I2C_PECPositionConfig                    0x08001b0d   Thumb Code    28  stm32f10x_i2c.o(.text)
    I2C_CalculatePEC                         0x08001b29   Thumb Code    24  stm32f10x_i2c.o(.text)
    I2C_GetPEC                               0x08001b41   Thumb Code     8  stm32f10x_i2c.o(.text)
    I2C_ARPCmd                               0x08001b49   Thumb Code    24  stm32f10x_i2c.o(.text)
    I2C_StretchClockCmd                      0x08001b61   Thumb Code    24  stm32f10x_i2c.o(.text)
    I2C_FastModeDutyCycleConfig              0x08001b79   Thumb Code    28  stm32f10x_i2c.o(.text)
    I2C_CheckEvent                           0x08001b95   Thumb Code    42  stm32f10x_i2c.o(.text)
    I2C_GetLastEvent                         0x08001bbf   Thumb Code    26  stm32f10x_i2c.o(.text)
    I2C_GetFlagStatus                        0x08001bd9   Thumb Code    58  stm32f10x_i2c.o(.text)
    I2C_ClearFlag                            0x08001c13   Thumb Code    12  stm32f10x_i2c.o(.text)
    I2C_GetITStatus                          0x08001c1f   Thumb Code    54  stm32f10x_i2c.o(.text)
    I2C_ClearITPendingBit                    0x08001c55   Thumb Code    12  stm32f10x_i2c.o(.text)
    TIM_DeInit                               0x08001c61   Thumb Code   424  stm32f10x_tim.o(.text)
    TIM_TimeBaseInit                         0x08001e09   Thumb Code   122  stm32f10x_tim.o(.text)
    TIM_OC1Init                              0x08001e83   Thumb Code   132  stm32f10x_tim.o(.text)
    TIM_OC2Init                              0x08001f07   Thumb Code   154  stm32f10x_tim.o(.text)
    TIM_OC3Init                              0x08001fa1   Thumb Code   150  stm32f10x_tim.o(.text)
    TIM_OC4Init                              0x08002037   Thumb Code   182  stm32f10x_tim.o(.text)
    TIM_SetIC4Prescaler                      0x080020ed   Thumb Code    26  stm32f10x_tim.o(.text)
    TIM_SetIC3Prescaler                      0x08002189   Thumb Code    18  stm32f10x_tim.o(.text)
    TIM_SetIC2Prescaler                      0x08002215   Thumb Code    26  stm32f10x_tim.o(.text)
    TIM_SetIC1Prescaler                      0x080022b1   Thumb Code    18  stm32f10x_tim.o(.text)
    TIM_ICInit                               0x0800232f   Thumb Code   150  stm32f10x_tim.o(.text)
    TIM_PWMIConfig                           0x080023c5   Thumb Code   124  stm32f10x_tim.o(.text)
    TIM_BDTRConfig                           0x08002441   Thumb Code    32  stm32f10x_tim.o(.text)
    TIM_TimeBaseStructInit                   0x08002461   Thumb Code    18  stm32f10x_tim.o(.text)
    TIM_OCStructInit                         0x08002473   Thumb Code    20  stm32f10x_tim.o(.text)
    TIM_ICStructInit                         0x08002487   Thumb Code    18  stm32f10x_tim.o(.text)
    TIM_BDTRStructInit                       0x08002499   Thumb Code    40  stm32f10x_tim.o(.text)
    TIM_Cmd                                  0x080024c1   Thumb Code    24  stm32f10x_tim.o(.text)
    TIM_CtrlPWMOutputs                       0x080024d9   Thumb Code    30  stm32f10x_tim.o(.text)
    TIM_ITConfig                             0x080024f7   Thumb Code    18  stm32f10x_tim.o(.text)
    TIM_GenerateEvent                        0x08002509   Thumb Code     4  stm32f10x_tim.o(.text)
    TIM_DMAConfig                            0x0800250d   Thumb Code    10  stm32f10x_tim.o(.text)
    TIM_DMACmd                               0x08002517   Thumb Code    18  stm32f10x_tim.o(.text)
    TIM_InternalClockConfig                  0x08002529   Thumb Code    12  stm32f10x_tim.o(.text)
    TIM_SelectInputTrigger                   0x08002535   Thumb Code    18  stm32f10x_tim.o(.text)
    TIM_ITRxExternalClockConfig              0x08002547   Thumb Code    24  stm32f10x_tim.o(.text)
    TIM_TIxExternalClockConfig               0x0800255f   Thumb Code    62  stm32f10x_tim.o(.text)
    TIM_ETRConfig                            0x0800259d   Thumb Code    28  stm32f10x_tim.o(.text)
    TIM_ETRClockMode1Config                  0x080025b9   Thumb Code    54  stm32f10x_tim.o(.text)
    TIM_ETRClockMode2Config                  0x080025ef   Thumb Code    32  stm32f10x_tim.o(.text)
    TIM_PrescalerConfig                      0x0800260f   Thumb Code     6  stm32f10x_tim.o(.text)
    TIM_CounterModeConfig                    0x08002615   Thumb Code    18  stm32f10x_tim.o(.text)
    TIM_EncoderInterfaceConfig               0x08002627   Thumb Code    66  stm32f10x_tim.o(.text)
    TIM_ForcedOC1Config                      0x08002669   Thumb Code    18  stm32f10x_tim.o(.text)
    TIM_ForcedOC2Config                      0x0800267b   Thumb Code    26  stm32f10x_tim.o(.text)
    TIM_ForcedOC3Config                      0x08002695   Thumb Code    18  stm32f10x_tim.o(.text)
    TIM_ForcedOC4Config                      0x080026a7   Thumb Code    26  stm32f10x_tim.o(.text)
    TIM_ARRPreloadConfig                     0x080026c1   Thumb Code    24  stm32f10x_tim.o(.text)
    TIM_SelectCOM                            0x080026d9   Thumb Code    24  stm32f10x_tim.o(.text)
    TIM_SelectCCDMA                          0x080026f1   Thumb Code    24  stm32f10x_tim.o(.text)
    TIM_CCPreloadControl                     0x08002709   Thumb Code    24  stm32f10x_tim.o(.text)
    TIM_OC1PreloadConfig                     0x08002721   Thumb Code    18  stm32f10x_tim.o(.text)
    TIM_OC2PreloadConfig                     0x08002733   Thumb Code    26  stm32f10x_tim.o(.text)
    TIM_OC3PreloadConfig                     0x0800274d   Thumb Code    18  stm32f10x_tim.o(.text)
    TIM_OC4PreloadConfig                     0x0800275f   Thumb Code    26  stm32f10x_tim.o(.text)
    TIM_OC1FastConfig                        0x08002779   Thumb Code    18  stm32f10x_tim.o(.text)
    TIM_OC2FastConfig                        0x0800278b   Thumb Code    26  stm32f10x_tim.o(.text)
    TIM_OC3FastConfig                        0x080027a5   Thumb Code    18  stm32f10x_tim.o(.text)
    TIM_OC4FastConfig                        0x080027b7   Thumb Code    26  stm32f10x_tim.o(.text)
    TIM_ClearOC1Ref                          0x080027d1   Thumb Code    18  stm32f10x_tim.o(.text)
    TIM_ClearOC2Ref                          0x080027e3   Thumb Code    24  stm32f10x_tim.o(.text)
    TIM_ClearOC3Ref                          0x080027fb   Thumb Code    18  stm32f10x_tim.o(.text)
    TIM_ClearOC4Ref                          0x0800280d   Thumb Code    24  stm32f10x_tim.o(.text)
    TIM_OC1PolarityConfig                    0x08002825   Thumb Code    18  stm32f10x_tim.o(.text)
    TIM_OC1NPolarityConfig                   0x08002837   Thumb Code    18  stm32f10x_tim.o(.text)
    TIM_OC2PolarityConfig                    0x08002849   Thumb Code    26  stm32f10x_tim.o(.text)
    TIM_OC2NPolarityConfig                   0x08002863   Thumb Code    26  stm32f10x_tim.o(.text)
    TIM_OC3PolarityConfig                    0x0800287d   Thumb Code    26  stm32f10x_tim.o(.text)
    TIM_OC3NPolarityConfig                   0x08002897   Thumb Code    26  stm32f10x_tim.o(.text)
    TIM_OC4PolarityConfig                    0x080028b1   Thumb Code    26  stm32f10x_tim.o(.text)
    TIM_CCxCmd                               0x080028cb   Thumb Code    30  stm32f10x_tim.o(.text)
    TIM_CCxNCmd                              0x080028e9   Thumb Code    30  stm32f10x_tim.o(.text)
    TIM_SelectOCxM                           0x08002907   Thumb Code    82  stm32f10x_tim.o(.text)
    TIM_UpdateDisableConfig                  0x08002959   Thumb Code    24  stm32f10x_tim.o(.text)
    TIM_UpdateRequestConfig                  0x08002971   Thumb Code    24  stm32f10x_tim.o(.text)
    TIM_SelectHallSensor                     0x08002989   Thumb Code    24  stm32f10x_tim.o(.text)
    TIM_SelectOnePulseMode                   0x080029a1   Thumb Code    18  stm32f10x_tim.o(.text)
    TIM_SelectOutputTrigger                  0x080029b3   Thumb Code    18  stm32f10x_tim.o(.text)
    TIM_SelectSlaveMode                      0x080029c5   Thumb Code    18  stm32f10x_tim.o(.text)
    TIM_SelectMasterSlaveMode                0x080029d7   Thumb Code    18  stm32f10x_tim.o(.text)
    TIM_SetCounter                           0x080029e9   Thumb Code     4  stm32f10x_tim.o(.text)
    TIM_SetAutoreload                        0x080029ed   Thumb Code     4  stm32f10x_tim.o(.text)
    TIM_SetCompare1                          0x080029f1   Thumb Code     4  stm32f10x_tim.o(.text)
    TIM_SetCompare2                          0x080029f5   Thumb Code     4  stm32f10x_tim.o(.text)
    TIM_SetCompare3                          0x080029f9   Thumb Code     4  stm32f10x_tim.o(.text)
    TIM_SetCompare4                          0x080029fd   Thumb Code     6  stm32f10x_tim.o(.text)
    TIM_SetClockDivision                     0x08002a03   Thumb Code    18  stm32f10x_tim.o(.text)
    TIM_GetCapture1                          0x08002a15   Thumb Code     6  stm32f10x_tim.o(.text)
    TIM_GetCapture2                          0x08002a1b   Thumb Code     6  stm32f10x_tim.o(.text)
    TIM_GetCapture3                          0x08002a21   Thumb Code     6  stm32f10x_tim.o(.text)
    TIM_GetCapture4                          0x08002a27   Thumb Code     8  stm32f10x_tim.o(.text)
    TIM_GetCounter                           0x08002a2f   Thumb Code     6  stm32f10x_tim.o(.text)
    TIM_GetPrescaler                         0x08002a35   Thumb Code     6  stm32f10x_tim.o(.text)
    TIM_GetFlagStatus                        0x08002a3b   Thumb Code    18  stm32f10x_tim.o(.text)
    TIM_ClearFlag                            0x08002a4d   Thumb Code     6  stm32f10x_tim.o(.text)
    TIM_GetITStatus                          0x08002a53   Thumb Code    34  stm32f10x_tim.o(.text)
    TIM_ClearITPendingBit                    0x08002a75   Thumb Code     6  stm32f10x_tim.o(.text)
    SystemInit                               0x08002b5b   Thumb Code    78  system_stm32f10x.o(.text)
    SystemCoreClockUpdate                    0x08002ba9   Thumb Code   142  system_stm32f10x.o(.text)
    initPID                                  0x08002c5d   Thumb Code    70  pid.o(.text)
    updatePID                                0x08002ca3   Thumb Code   282  pid.o(.text)
    setPIDintegralError                      0x08002dbd   Thumb Code    14  pid.o(.text)
    zeroPIDintegralError                     0x08002dcb   Thumb Code    24  pid.o(.text)
    setPIDstates                             0x08002de3   Thumb Code    38  pid.o(.text)
    zeroPIDstates                            0x08002e09   Thumb Code    24  pid.o(.text)
    autoPan                                  0x08002e2d   Thumb Code   156  computemotorcommands.o(.text)
    computeMotorCommands                     0x08002ec9   Thumb Code   500  computemotorcommands.o(.text)
    readEEPROM                               0x080030fd   Thumb Code   160  config.o(.text)
    writeEEPROM                              0x0800319d   Thumb Code    66  config.o(.text)
    checkFirstTime                           0x080031df   Thumb Code   470  config.o(.text)
    initOrientation                          0x08003409   Thumb Code   272  evvgccf.o(.text)
    getOrientation                           0x08003519   Thumb Code   312  evvgccf.o(.text)
    initSinArray                             0x08003671   Thumb Code    86  fasttrig.o(.text)
    fastSin                                  0x080036c7   Thumb Code   140  fasttrig.o(.text)
    initFirstOrderFilter                     0x08003761   Thumb Code  1112  firstorderfilter.o(.text)
    firstOrderFilter                         0x08003bb9   Thumb Code    64  firstorderfilter.o(.text)
    calculateAccConfidence                   0x08003bfd   Thumb Code   146  margahrs.o(.text)
    MargAHRSinit                             0x08003c8f   Thumb Code   600  margahrs.o(.text)
    MargAHRSupdate                           0x08003ee7   Thumb Code  2802  margahrs.o(.text)
    processPointingCommands                  0x08004a1d   Thumb Code  1132  pointingcommands.o(.text)
    NMI_Handler                              0x08004e99   Thumb Code     2  stm32_it.o(.text)
    HardFault_Handler                        0x08004e9b   Thumb Code    10  stm32_it.o(.text)
    MemManage_Handler                        0x08004ea5   Thumb Code    10  stm32_it.o(.text)
    BusFault_Handler                         0x08004eaf   Thumb Code    10  stm32_it.o(.text)
    UsageFault_Handler                       0x08004eb9   Thumb Code    10  stm32_it.o(.text)
    SVC_Handler                              0x08004ec3   Thumb Code     2  stm32_it.o(.text)
    DebugMon_Handler                         0x08004ec5   Thumb Code     2  stm32_it.o(.text)
    PendSV_Handler                           0x08004ec7   Thumb Code     2  stm32_it.o(.text)
    USB_LP_CAN1_RX0_IRQHandler               0x08004ec9   Thumb Code     8  stm32_it.o(.text)
    USBWakeUp_IRQHandler                     0x08004ed1   Thumb Code    12  stm32_it.o(.text)
    constrain                                0x08004f49   Thumb Code    40  utilities.o(.text)
    matrixMultiply                           0x08004f71   Thumb Code   132  utilities.o(.text)
    Round                                    0x08004ff5   Thumb Code    38  utilities.o(.text)
    _sbrk                                    0x0800501b   Thumb Code    42  utilities.o(.text)
    sphereFit                                0x08005045   Thumb Code  2568  utilities.o(.text)
    standardRadianFormat                     0x08005a4d   Thumb Code    48  utilities.o(.text)
    stringToFloat                            0x08005a7d   Thumb Code   492  utilities.o(.text)
    printUSART                               0x08005c8d   Thumb Code    38  drv_cli.o(.text)
    printDirect                              0x08005cb3   Thumb Code    38  drv_cli.o(.text)
    usbOverrun                               0x08005cd9   Thumb Code     6  drv_cli.o(.text)
    USBPushTXData                            0x08005cdf   Thumb Code    82  drv_cli.o(.text)
    USBPushTX                                0x08005d31   Thumb Code    18  drv_cli.o(.text)
    EP1_IN_Callback                          0x08005d43   Thumb Code    14  drv_cli.o(.text)
    cliInit                                  0x08005d51   Thumb Code    40  drv_cli.o(.text)
    cliPrint                                 0x08005d79   Thumb Code    28  drv_cli.o(.text)
    cliAvailable                             0x08005d95   Thumb Code     6  drv_cli.o(.text)
    cliRead                                  0x08005d9b   Thumb Code    30  drv_cli.o(.text)
    cliPrintF                                0x08005db9   Thumb Code    50  drv_cli.o(.text)
    usbDsbISR                                0x08005deb   Thumb Code     2  drv_cli.o(.text)
    getChar                                  0x08005ded   Thumb Code    52  drv_cli.o(.text)
    gpioInit                                 0x08005e45   Thumb Code    80  drv_gpio.o(.text)
    i2cInit                                  0x08005fe9   Thumb Code   262  drv_i2c.o(.text)
    I2C1_ER_IRQHandler                       0x0800619f   Thumb Code     8  drv_i2c.o(.text)
    I2C1_EV_IRQHandler                       0x0800658f   Thumb Code     8  drv_i2c.o(.text)
    I2C2_ER_IRQHandler                       0x08006597   Thumb Code     8  drv_i2c.o(.text)
    I2C2_EV_IRQHandler                       0x0800659f   Thumb Code     8  drv_i2c.o(.text)
    i2cWriteBuffer                           0x080065a7   Thumb Code   208  drv_i2c.o(.text)
    i2cWrite                                 0x08006677   Thumb Code    20  drv_i2c.o(.text)
    i2cRead                                  0x0800668b   Thumb Code   228  drv_i2c.o(.text)
    i2cGetErrorCounter                       0x0800676f   Thumb Code     6  drv_i2c.o(.text)
    updateCounter                            0x08006781   Thumb Code    48  drv_pwmmotors.o(.text)
    TIM2_IRQHandler                          0x080067d1   Thumb Code   154  drv_pwmmotors.o(.text)
    TIM3_IRQHandler                          0x0800686b   Thumb Code   174  drv_pwmmotors.o(.text)
    TIM4_IRQHandler                          0x08006919   Thumb Code   170  drv_pwmmotors.o(.text)
    setPWMFastTable                          0x08006a59   Thumb Code   248  drv_pwmmotors.o(.text)
    setPWM                                   0x08006b51   Thumb Code    84  drv_pwmmotors.o(.text)
    setPWMData                               0x08006ba5   Thumb Code    46  drv_pwmmotors.o(.text)
    limitYawPWM                              0x08006bd3   Thumb Code    70  drv_pwmmotors.o(.text)
    activateIRQ                              0x08006c19   Thumb Code    46  drv_pwmmotors.o(.text)
    setRollMotor                             0x08006c47   Thumb Code    48  drv_pwmmotors.o(.text)
    setPitchMotor                            0x08006c77   Thumb Code    40  drv_pwmmotors.o(.text)
    setYawMotor                              0x08006c9f   Thumb Code    54  drv_pwmmotors.o(.text)
    forceMotorUpdate                         0x08006cd5   Thumb Code    24  drv_pwmmotors.o(.text)
    pwmMotorDriverInit                       0x08006ced   Thumb Code   244  drv_pwmmotors.o(.text)
    rcInit                                   0x08006e15   Thumb Code   202  drv_rc.o(.text)
    EXTI3_IRQHandler                         0x08006edf   Thumb Code    88  drv_rc.o(.text)
    EXTI4_IRQHandler                         0x08006f37   Thumb Code    88  drv_rc.o(.text)
    EXTI9_5_IRQHandler                       0x08006f8f   Thumb Code    88  drv_rc.o(.text)
    rxRead                                   0x08006fe7   Thumb Code    36  drv_rc.o(.text)
    micros                                   0x08007087   Thumb Code    52  drv_system.o(.text)
    SysTick_Handler                          0x080070bb   Thumb Code   270  drv_system.o(.text)
    millis                                   0x080071c9   Thumb Code     6  drv_system.o(.text)
    BKPInit                                  0x080071cf   Thumb Code    14  drv_system.o(.text)
    delayMicroseconds                        0x080071dd   Thumb Code    54  drv_system.o(.text)
    delay                                    0x08007213   Thumb Code    24  drv_system.o(.text)
    systemInit                               0x0800722b   Thumb Code   320  drv_system.o(.text)
    BKPRead                                  0x0800736b   Thumb Code    40  drv_system.o(.text)
    BKPWrite                                 0x08007393   Thumb Code    36  drv_system.o(.text)
    reboot                                   0x080073b7   Thumb Code    14  drv_system.o(.text)
    bootloader                               0x080073c5   Thumb Code    14  drv_system.o(.text)
    _init                                    0x080073d3   Thumb Code     2  drv_system.o(.text)
    timingFunctionsInit                      0x080075b9   Thumb Code    50  drv_timingfunctions.o(.text)
    InitUart4BufferIRQ                       0x080075f1   Thumb Code    42  drv_usart.o(.text)
    UART4EnableTxInterrupt                   0x0800761b   Thumb Code    16  drv_usart.o(.text)
    InitUart4Buffer                          0x0800762b   Thumb Code    22  drv_usart.o(.text)
    Usart4Init                               0x08007641   Thumb Code   156  drv_usart.o(.text)
    USART_GetChar                            0x080076dd   Thumb Code    10  drv_usart.o(.text)
    USART_Peek                               0x080076e7   Thumb Code    10  drv_usart.o(.text)
    USART_Available                          0x080076f1   Thumb Code    10  drv_usart.o(.text)
    USART_Flush                              0x080076fb   Thumb Code    16  drv_usart.o(.text)
    USART_PutCharDirect                      0x0800770b   Thumb Code    22  drv_usart.o(.text)
    USART_PutChar                            0x08007721   Thumb Code    16  drv_usart.o(.text)
    USART_PutStringDirect                    0x08007731   Thumb Code    22  drv_usart.o(.text)
    USART_PutString                          0x08007747   Thumb Code    56  drv_usart.o(.text)
    UART4_IRQHandler                         0x0800777f   Thumb Code   178  drv_usart.o(.text)
    RingBufferInit                           0x08007849   Thumb Code    14  ringbuffer.o(.text)
    RingBufferSize                           0x08007857   Thumb Code     8  ringbuffer.o(.text)
    RingBufferFillLevel                      0x0800785f   Thumb Code    34  ringbuffer.o(.text)
    RingBufferPut                            0x08007881   Thumb Code   108  ringbuffer.o(.text)
    RingBufferPutBlock                       0x080078ed   Thumb Code   192  ringbuffer.o(.text)
    RingBufferGet                            0x080079ad   Thumb Code    56  ringbuffer.o(.text)
    RingBufferPeek                           0x080079e5   Thumb Code    28  ringbuffer.o(.text)
    readMag                                  0x08007a01   Thumb Code   102  hmc5883.o(.text)
    initMag                                  0x08007a67   Thumb Code   344  hmc5883.o(.text)
    computeMPU6050TCBias                     0x08007bd5   Thumb Code   202  mpu6050.o(.text)
    readMPU6050                              0x08007c9f   Thumb Code   234  mpu6050.o(.text)
    computeMPU6050RTData                     0x08007d89   Thumb Code   534  mpu6050.o(.text)
    initMPU6050                              0x08007f9f   Thumb Code   222  mpu6050.o(.text)
    orientIMU                                0x0800807d   Thumb Code   330  mpu6050.o(.text)
    readStringCLI                            0x080081d1   Thumb Code    74  cli.o(.text)
    readFloatCLI                             0x0800821b   Thumb Code    88  cli.o(.text)
    readCliPID                               0x08008273   Thumb Code    70  cli.o(.text)
    disableGimbal                            0x080082b9   Thumb Code    68  cli.o(.text)
    enableGimbal                             0x080082fd   Thumb Code    42  cli.o(.text)
    cliCom                                   0x08008327   Thumb Code  6504  cli.o(.text)
    sensorCLI                                0x08009fb1   Thumb Code   864  clisensor.o(.text)
    magCalibration                           0x0800a5b1   Thumb Code   254  magcalibration.o(.text)
    mpu6050Calibration                       0x0800a75d   Thumb Code  1610  mpu6050calibration.o(.text)
    Set_System                               0x0800add5   Thumb Code   122  hw_config.o(.text)
    Set_USBClock                             0x0800ae4f   Thumb Code    18  hw_config.o(.text)
    Enter_LowPowerMode                       0x0800ae61   Thumb Code     8  hw_config.o(.text)
    Leave_LowPowerMode                       0x0800ae69   Thumb Code    28  hw_config.o(.text)
    USB_Interrupts_Config                    0x0800ae85   Thumb Code    60  hw_config.o(.text)
    Get_SerialNum                            0x0800aeff   Thumb Code    42  hw_config.o(.text)
    CDC_Send_DATA                            0x0800af29   Thumb Code    42  hw_config.o(.text)
    CDC_Receive_DATA                         0x0800af53   Thumb Code    96  hw_config.o(.text)
    usbIsConfigured                          0x0800afb3   Thumb Code    16  hw_config.o(.text)
    usbIsConnected                           0x0800afc3   Thumb Code    14  hw_config.o(.text)
    SetVCPConnectMode                        0x0800afd1   Thumb Code    22  hw_config.o(.text)
    ERR_Callback                             0x0800afe7   Thumb Code    14  hw_config.o(.text)
    GetVCPConnectMode                        0x0800aff5   Thumb Code     6  hw_config.o(.text)
    EP3_OUT_Callback                         0x0800b039   Thumb Code    30  usb_endp.o(.text)
    USB_Istr                                 0x0800b065   Thumb Code   154  usb_istr.o(.text)
    Virtual_Com_Port_init                    0x0800b115   Thumb Code    30  usb_prop.o(.text)
    Virtual_Com_Port_Reset                   0x0800b133   Thumb Code   224  usb_prop.o(.text)
    Virtual_Com_Port_SetConfiguration        0x0800b213   Thumb Code    14  usb_prop.o(.text)
    Virtual_Com_Port_SetDeviceAddress        0x0800b221   Thumb Code     8  usb_prop.o(.text)
    Virtual_Com_Port_Status_In               0x0800b229   Thumb Code    16  usb_prop.o(.text)
    Virtual_Com_Port_Status_Out              0x0800b239   Thumb Code     2  usb_prop.o(.text)
    Virtual_Com_Port_SetLineCoding           0x0800b23b   Thumb Code    20  usb_prop.o(.text)
    Virtual_Com_Port_GetLineCoding           0x0800b24f   Thumb Code    20  usb_prop.o(.text)
    Virtual_Com_Port_Data_Setup              0x0800b263   Thumb Code    92  usb_prop.o(.text)
    Virtual_Com_Port_NoData_Setup            0x0800b2bf   Thumb Code    44  usb_prop.o(.text)
    Virtual_Com_Port_GetDeviceDescriptor     0x0800b2eb   Thumb Code    14  usb_prop.o(.text)
    Virtual_Com_Port_GetConfigDescriptor     0x0800b2f9   Thumb Code    34  usb_prop.o(.text)
    Virtual_Com_Port_GetStringDescriptor     0x0800b31b   Thumb Code    32  usb_prop.o(.text)
    Virtual_Com_Port_Get_Interface_Setting   0x0800b33b   Thumb Code    22  usb_prop.o(.text)
    PowerOn                                  0x0800b37d   Thumb Code    46  usb_pwr.o(.text)
    PowerOff                                 0x0800b3ab   Thumb Code    22  usb_pwr.o(.text)
    Suspend                                  0x0800b3c1   Thumb Code   240  usb_pwr.o(.text)
    Resume_Init                              0x0800b4b1   Thumb Code    30  usb_pwr.o(.text)
    Resume                                   0x0800b4cf   Thumb Code   194  usb_pwr.o(.text)
    Standard_GetConfiguration                0x0800b5b1   Thumb Code    34  usb_core.o(.text)
    Standard_SetConfiguration                0x0800b5d3   Thumb Code    60  usb_core.o(.text)
    Standard_GetInterface                    0x0800b60f   Thumb Code    34  usb_core.o(.text)
    Standard_SetInterface                    0x0800b631   Thumb Code    96  usb_core.o(.text)
    Standard_GetStatus                       0x0800b691   Thumb Code   238  usb_core.o(.text)
    Standard_ClearFeature                    0x0800b77f   Thumb Code   342  usb_core.o(.text)
    Standard_SetEndPointFeature              0x0800b8d5   Thumb Code   220  usb_core.o(.text)
    Standard_SetDeviceFeature                0x0800b9b1   Thumb Code    30  usb_core.o(.text)
    Standard_GetDescriptorData               0x0800b9cf   Thumb Code    32  usb_core.o(.text)
    Post0_Process                            0x0800bf03   Thumb Code    54  usb_core.o(.text)
    Setup0_Process                           0x0800bf39   Thumb Code   170  usb_core.o(.text)
    SetDeviceAddress                         0x0800bfe3   Thumb Code    70  usb_core.o(.text)
    In0_Process                              0x0800c029   Thumb Code    98  usb_core.o(.text)
    Out0_Process                             0x0800c08b   Thumb Code    70  usb_core.o(.text)
    NOP_Process                              0x0800c0d1   Thumb Code     2  usb_core.o(.text)
    USB_Init                                 0x0800c101   Thumb Code    36  usb_init.o(.text)
    CTR_LP                                   0x0800c13d   Thumb Code   616  usb_int.o(.text)
    CTR_HP                                   0x0800c3a5   Thumb Code   178  usb_int.o(.text)
    UserToPMABufferCopy                      0x0800c479   Thumb Code    52  usb_mem.o(.text)
    PMAToUserBufferCopy                      0x0800c4ad   Thumb Code    34  usb_mem.o(.text)
    SetCNTR                                  0x0800c4d5   Thumb Code     6  usb_regs.o(.text)
    GetCNTR                                  0x0800c4db   Thumb Code     8  usb_regs.o(.text)
    SetISTR                                  0x0800c4e3   Thumb Code     8  usb_regs.o(.text)
    GetISTR                                  0x0800c4eb   Thumb Code    10  usb_regs.o(.text)
    GetFNR                                   0x0800c4f5   Thumb Code    10  usb_regs.o(.text)
    SetDADDR                                 0x0800c4ff   Thumb Code     8  usb_regs.o(.text)
    GetDADDR                                 0x0800c507   Thumb Code    10  usb_regs.o(.text)
    SetBTABLE                                0x0800c511   Thumb Code    14  usb_regs.o(.text)
    GetBTABLE                                0x0800c51f   Thumb Code    10  usb_regs.o(.text)
    SetENDPOINT                              0x0800c529   Thumb Code    12  usb_regs.o(.text)
    GetENDPOINT                              0x0800c535   Thumb Code    16  usb_regs.o(.text)
    SetEPType                                0x0800c545   Thumb Code    32  usb_regs.o(.text)
    GetEPType                                0x0800c565   Thumb Code    18  usb_regs.o(.text)
    SetEPTxStatus                            0x0800c577   Thumb Code    60  usb_regs.o(.text)
    SetEPRxStatus                            0x0800c5b3   Thumb Code    60  usb_regs.o(.text)
    SetDouBleBuffEPStall                     0x0800c5ef   Thumb Code    54  usb_regs.o(.text)
    GetEPTxStatus                            0x0800c625   Thumb Code    18  usb_regs.o(.text)
    GetEPRxStatus                            0x0800c637   Thumb Code    18  usb_regs.o(.text)
    SetEPTxValid                             0x0800c649   Thumb Code    48  usb_regs.o(.text)
    SetEPRxValid                             0x0800c679   Thumb Code    48  usb_regs.o(.text)
    SetEP_KIND                               0x0800c6a9   Thumb Code    38  usb_regs.o(.text)
    ClearEP_KIND                             0x0800c6cf   Thumb Code    34  usb_regs.o(.text)
    Clear_Status_Out                         0x0800c6f1   Thumb Code    34  usb_regs.o(.text)
    Set_Status_Out                           0x0800c713   Thumb Code    38  usb_regs.o(.text)
    SetEPDoubleBuff                          0x0800c739   Thumb Code    38  usb_regs.o(.text)
    ClearEPDoubleBuff                        0x0800c75f   Thumb Code    34  usb_regs.o(.text)
    GetTxStallStatus                         0x0800c781   Thumb Code    28  usb_regs.o(.text)
    GetRxStallStatus                         0x0800c79d   Thumb Code    30  usb_regs.o(.text)
    ClearEP_CTR_RX                           0x0800c7bb   Thumb Code    32  usb_regs.o(.text)
    ClearEP_CTR_TX                           0x0800c7db   Thumb Code    28  usb_regs.o(.text)
    ToggleDTOG_RX                            0x0800c7f7   Thumb Code    34  usb_regs.o(.text)
    ToggleDTOG_TX                            0x0800c819   Thumb Code    34  usb_regs.o(.text)
    ClearDTOG_RX                             0x0800c83b   Thumb Code    48  usb_regs.o(.text)
    ClearDTOG_TX                             0x0800c86b   Thumb Code    48  usb_regs.o(.text)
    SetEPAddress                             0x0800c89b   Thumb Code    46  usb_regs.o(.text)
    GetEPAddress                             0x0800c8c9   Thumb Code    18  usb_regs.o(.text)
    SetEPTxAddr                              0x0800c8db   Thumb Code    24  usb_regs.o(.text)
    SetEPRxAddr                              0x0800c8f3   Thumb Code    26  usb_regs.o(.text)
    GetEPTxAddr                              0x0800c90d   Thumb Code    22  usb_regs.o(.text)
    GetEPRxAddr                              0x0800c923   Thumb Code    24  usb_regs.o(.text)
    SetEPTxCount                             0x0800c93b   Thumb Code    20  usb_regs.o(.text)
    SetEPCountRxReg                          0x0800c94f   Thumb Code    48  usb_regs.o(.text)
    SetEPRxCount                             0x0800c97f   Thumb Code    68  usb_regs.o(.text)
    GetEPTxCount                             0x0800c9c3   Thumb Code    26  usb_regs.o(.text)
    GetEPRxCount                             0x0800c9dd   Thumb Code    26  usb_regs.o(.text)
    SetEPDblBuffAddr                         0x0800c9f7   Thumb Code    44  usb_regs.o(.text)
    SetEPDblBuf0Addr                         0x0800ca23   Thumb Code    24  usb_regs.o(.text)
    SetEPDblBuf1Addr                         0x0800ca3b   Thumb Code    26  usb_regs.o(.text)
    GetEPDblBuf0Addr                         0x0800ca55   Thumb Code    22  usb_regs.o(.text)
    GetEPDblBuf1Addr                         0x0800ca6b   Thumb Code    24  usb_regs.o(.text)
    SetEPDblBuffCount                        0x0800ca83   Thumb Code   186  usb_regs.o(.text)
    SetEPDblBuf0Count                        0x0800cb3d   Thumb Code    96  usb_regs.o(.text)
    SetEPDblBuf1Count                        0x0800cb9d   Thumb Code    96  usb_regs.o(.text)
    GetEPDblBuf0Count                        0x0800cbfd   Thumb Code    26  usb_regs.o(.text)
    GetEPDblBuf1Count                        0x0800cc17   Thumb Code    26  usb_regs.o(.text)
    GetEPDblBufDir                           0x0800cc31   Thumb Code    62  usb_regs.o(.text)
    FreeUserBuffer                           0x0800cc6f   Thumb Code    90  usb_regs.o(.text)
    ToWord                                   0x0800ccc9   Thumb Code     8  usb_regs.o(.text)
    ByteSwap                                 0x0800ccd1   Thumb Code    12  usb_regs.o(.text)
    USB_SIL_Init                             0x0800ccdd   Thumb Code    28  usb_sil.o(.text)
    USB_SIL_Write                            0x0800ccf9   Thumb Code    46  usb_sil.o(.text)
    USB_SIL_Read                             0x0800cd27   Thumb Code    46  usb_sil.o(.text)
    __aeabi_memcpy                           0x0800cd5d   Thumb Code    36  memcpya.o(.text)
    __aeabi_memcpy4                          0x0800cd5d   Thumb Code     0  memcpya.o(.text)
    __aeabi_memcpy8                          0x0800cd5d   Thumb Code     0  memcpya.o(.text)
    __aeabi_memset                           0x0800cd81   Thumb Code    14  memseta.o(.text)
    __aeabi_memset4                          0x0800cd81   Thumb Code     0  memseta.o(.text)
    __aeabi_memset8                          0x0800cd81   Thumb Code     0  memseta.o(.text)
    __aeabi_memclr                           0x0800cd8f   Thumb Code     4  memseta.o(.text)
    __aeabi_memclr4                          0x0800cd8f   Thumb Code     0  memseta.o(.text)
    __aeabi_memclr8                          0x0800cd8f   Thumb Code     0  memseta.o(.text)
    _memset$wrapper                          0x0800cd93   Thumb Code    18  memseta.o(.text)
    strlen                                   0x0800cda5   Thumb Code    14  strlen.o(.text)
    __aeabi_fadd                             0x0800cdb3   Thumb Code   164  fadd.o(.text)
    __aeabi_fsub                             0x0800ce57   Thumb Code     6  fadd.o(.text)
    __aeabi_frsub                            0x0800ce5d   Thumb Code     6  fadd.o(.text)
    __aeabi_fmul                             0x0800ce63   Thumb Code   100  fmul.o(.text)
    __aeabi_fdiv                             0x0800cec7   Thumb Code   124  fdiv.o(.text)
    __aeabi_dadd                             0x0800cf43   Thumb Code   322  dadd.o(.text)
    __aeabi_dsub                             0x0800d085   Thumb Code     6  dadd.o(.text)
    __aeabi_drsub                            0x0800d08b   Thumb Code     6  dadd.o(.text)
    __aeabi_dmul                             0x0800d091   Thumb Code   228  dmul.o(.text)
    __aeabi_ddiv                             0x0800d175   Thumb Code   222  ddiv.o(.text)
    __aeabi_i2f                              0x0800d253   Thumb Code    18  fflti.o(.text)
    __aeabi_ui2f                             0x0800d265   Thumb Code    10  ffltui.o(.text)
    __aeabi_i2d                              0x0800d26f   Thumb Code    34  dflti.o(.text)
    __aeabi_f2iz                             0x0800d291   Thumb Code    50  ffixi.o(.text)
    __aeabi_f2uiz                            0x0800d2c3   Thumb Code    40  ffixui.o(.text)
    __aeabi_d2iz                             0x0800d2eb   Thumb Code    62  dfixi.o(.text)
    __aeabi_f2d                              0x0800d329   Thumb Code    38  f2d.o(.text)
    __aeabi_d2f                              0x0800d34f   Thumb Code    56  d2f.o(.text)
    __aeabi_cfcmpeq                          0x0800d389   Thumb Code     0  cfcmple.o(.text)
    __aeabi_cfcmple                          0x0800d389   Thumb Code    20  cfcmple.o(.text)
    __aeabi_cfrcmple                         0x0800d39d   Thumb Code    20  cfrcmple.o(.text)
    __aeabi_uidiv                            0x0800d3b1   Thumb Code     0  uidiv.o(.text)
    __aeabi_uidivmod                         0x0800d3b1   Thumb Code    44  uidiv.o(.text)
    __aeabi_uldivmod                         0x0800d3dd   Thumb Code    98  uldiv.o(.text)
    __aeabi_llsl                             0x0800d43f   Thumb Code    30  llshl.o(.text)
    _ll_shift_l                              0x0800d43f   Thumb Code     0  llshl.o(.text)
    __aeabi_llsr                             0x0800d45d   Thumb Code    32  llushr.o(.text)
    _ll_ushift_r                             0x0800d45d   Thumb Code     0  llushr.o(.text)
    __aeabi_lasr                             0x0800d47d   Thumb Code    36  llsshr.o(.text)
    _ll_sshift_r                             0x0800d47d   Thumb Code     0  llsshr.o(.text)
    __I$use$fp                               0x0800d4a1   Thumb Code     0  iusefp.o(.text)
    _float_round                             0x0800d4a1   Thumb Code    18  fepilogue.o(.text)
    _float_epilogue                          0x0800d4b3   Thumb Code    92  fepilogue.o(.text)
    __ARM_scalbnf                            0x0800d50f   Thumb Code    24  fscalb.o(.text)
    scalbnf                                  0x0800d50f   Thumb Code     0  fscalb.o(.text)
    _frnd                                    0x0800d527   Thumb Code    60  frnd.o(.text)
    _double_round                            0x0800d563   Thumb Code    30  depilogue.o(.text)
    _double_epilogue                         0x0800d581   Thumb Code   156  depilogue.o(.text)
    _dsqrt                                   0x0800d61d   Thumb Code   162  dsqrt.o(.text)
    _drnd                                    0x0800d6c1   Thumb Code   132  drnd.o(.text)
    __aeabi_d2ulz                            0x0800d749   Thumb Code    48  dfixul.o(.text)
    __aeabi_cdcmpeq                          0x0800d779   Thumb Code     0  cdcmple.o(.text)
    __aeabi_cdcmple                          0x0800d779   Thumb Code    48  cdcmple.o(.text)
    __aeabi_cdrcmple                         0x0800d7a9   Thumb Code    48  cdrcmple.o(.text)
    __scatterload                            0x0800d7d9   Thumb Code    28  init.o(.text)
    __scatterload_rt2                        0x0800d7d9   Thumb Code     0  init.o(.text)
    _fsqrt                                   0x0800d7fd   Thumb Code    94  fsqrt.o(.text)
    __ARM_scalbn                             0x0800d85b   Thumb Code    46  dscalb.o(.text)
    scalbn                                   0x0800d85b   Thumb Code     0  dscalb.o(.text)
    __decompress                             0x0800d889   Thumb Code     0  __dczerorl2.o(.text)
    __decompress1                            0x0800d889   Thumb Code    86  __dczerorl2.o(.text)
    __0vsnprintf                             0x0800d8e1   Thumb Code    40  printfa.o(i.__0vsnprintf)
    __1vsnprintf                             0x0800d8e1   Thumb Code     0  printfa.o(i.__0vsnprintf)
    __2vsnprintf                             0x0800d8e1   Thumb Code     0  printfa.o(i.__0vsnprintf)
    __c89vsnprintf                           0x0800d8e1   Thumb Code     0  printfa.o(i.__0vsnprintf)
    vsnprintf                                0x0800d8e1   Thumb Code     0  printfa.o(i.__0vsnprintf)
    __ARM_fpclassify                         0x0800d90d   Thumb Code    40  fpclassify.o(i.__ARM_fpclassify)
    __ARM_fpclassifyf                        0x0800d935   Thumb Code    38  fpclassifyf.o(i.__ARM_fpclassifyf)
    __aeabi_errno_addr                       0x0800d95d   Thumb Code     4  errno.o(i.__aeabi_errno_addr)
    __rt_errno_addr                          0x0800d95d   Thumb Code     0  errno.o(i.__aeabi_errno_addr)
    __kernel_poly                            0x0800d965   Thumb Code   170  poly.o(i.__kernel_poly)
    __mathlib_dbl_infnan                     0x0800da0f   Thumb Code     6  dunder.o(i.__mathlib_dbl_infnan)
    __mathlib_dbl_infnan2                    0x0800da15   Thumb Code     4  dunder.o(i.__mathlib_dbl_infnan2)
    __mathlib_dbl_underflow                  0x0800da19   Thumb Code    10  dunder.o(i.__mathlib_dbl_underflow)
    __mathlib_flt_infnan                     0x0800da29   Thumb Code     6  funder.o(i.__mathlib_flt_infnan)
    __mathlib_flt_infnan2                    0x0800da2f   Thumb Code     4  funder.o(i.__mathlib_flt_infnan2)
    __mathlib_flt_invalid                    0x0800da33   Thumb Code     8  funder.o(i.__mathlib_flt_invalid)
    __mathlib_flt_underflow                  0x0800da3b   Thumb Code    10  funder.o(i.__mathlib_flt_underflow)
    __mathlib_rredf2                         0x0800da45   Thumb Code   344  rredf.o(i.__mathlib_rredf2)
    __scatterload_copy                       0x0800dbad   Thumb Code    14  handlers.o(i.__scatterload_copy)
    __scatterload_null                       0x0800dbbb   Thumb Code     2  handlers.o(i.__scatterload_null)
    __scatterload_zeroinit                   0x0800dbbd   Thumb Code    14  handlers.o(i.__scatterload_zeroinit)
    __set_errno                              0x0800dbcd   Thumb Code     6  errno.o(i.__set_errno)
    asinf                                    0x0800e4a1   Thumb Code   254  asinf.o(i.asinf)
    atan                                     0x0800e5c5   Thumb Code   474  atan.o(i.atan)
    atan2                                    0x0800e7e5   Thumb Code   346  atan2.o(i.atan2)
    atan2f                                   0x0800e965   Thumb Code   528  atan2f.o(i.atan2f)
    cosf                                     0x0800ebc1   Thumb Code   328  cosf.o(i.cosf)
    round                                    0x0800ed3d   Thumb Code   136  round.o(i.round)
    sinf                                     0x0800edd1   Thumb Code   338  sinf.o(i.sinf)
    sqrt                                     0x0800ef59   Thumb Code    76  sqrt.o(i.sqrt)
    sqrtf                                    0x0800efa5   Thumb Code    44  sqrtf.o(i.sqrtf)
    Virtual_Com_Port_DeviceDescriptor        0x0800efd0   Data          18  usb_desc.o(.constdata)
    Virtual_Com_Port_ConfigDescriptor        0x0800efe2   Data          67  usb_desc.o(.constdata)
    Virtual_Com_Port_StringLangID            0x0800f025   Data           4  usb_desc.o(.constdata)
    Virtual_Com_Port_StringVendor            0x0800f029   Data          38  usb_desc.o(.constdata)
    Virtual_Com_Port_StringProduct           0x0800f04f   Data          50  usb_desc.o(.constdata)
    __mathlib_zero                           0x0800f120   Data           8  qnan.o(.constdata)
    Region$$Table$$Base                      0x0800fa8c   Number         0  anon$$obj.o(Region$$Table)
    Region$$Table$$Limit                     0x0800faac   Number         0  anon$$obj.o(Region$$Table)
    testPhase                                0x20000000   Data           4  main.o(.data)
    testPhaseDelta                           0x20000004   Data           4  main.o(.data)
    timerValue                               0x20000008   Data           2  main.o(.data)
    SystemCoreClock                          0x20000020   Data           4  system_stm32f10x.o(.data)
    AHBPrescTable                            0x20000024   Data          16  system_stm32f10x.o(.data)
    holdIntegrators                          0x20000034   Data           1  pid.o(.data)
    mechanical2electricalDegrees             0x2000003c   Data          12  computemotorcommands.o(.data)
    electrical2mechanicalDegrees             0x20000048   Data          12  computemotorcommands.o(.data)
    yawCmd                                   0x20000054   Data           4  computemotorcommands.o(.data)
    centerPoint                              0x20000058   Data           4  computemotorcommands.o(.data)
    stepSmooth                               0x2000005c   Data           4  computemotorcommands.o(.data)
    step                                     0x20000060   Data           4  computemotorcommands.o(.data)
    exAcc                                    0x20000068   Data           4  margahrs.o(.data)
    eyAcc                                    0x2000006c   Data           4  margahrs.o(.data)
    ezAcc                                    0x20000070   Data           4  margahrs.o(.data)
    exAccInt                                 0x20000074   Data           4  margahrs.o(.data)
    eyAccInt                                 0x20000078   Data           4  margahrs.o(.data)
    ezAccInt                                 0x2000007c   Data           4  margahrs.o(.data)
    exMag                                    0x20000080   Data           4  margahrs.o(.data)
    eyMag                                    0x20000084   Data           4  margahrs.o(.data)
    ezMag                                    0x20000088   Data           4  margahrs.o(.data)
    exMagInt                                 0x2000008c   Data           4  margahrs.o(.data)
    eyMagInt                                 0x20000090   Data           4  margahrs.o(.data)
    ezMagInt                                 0x20000094   Data           4  margahrs.o(.data)
    kpAcc                                    0x20000098   Data           4  margahrs.o(.data)
    kiAcc                                    0x2000009c   Data           4  margahrs.o(.data)
    q0                                       0x200000a0   Data           4  margahrs.o(.data)
    q1                                       0x200000a4   Data           4  margahrs.o(.data)
    q2                                       0x200000a8   Data           4  margahrs.o(.data)
    q3                                       0x200000ac   Data           4  margahrs.o(.data)
    q0q0                                     0x200000b0   Data           4  margahrs.o(.data)
    q0q1                                     0x200000b4   Data           4  margahrs.o(.data)
    q0q2                                     0x200000b8   Data           4  margahrs.o(.data)
    q0q3                                     0x200000bc   Data           4  margahrs.o(.data)
    q1q1                                     0x200000c0   Data           4  margahrs.o(.data)
    q1q2                                     0x200000c4   Data           4  margahrs.o(.data)
    q1q3                                     0x200000c8   Data           4  margahrs.o(.data)
    q2q2                                     0x200000cc   Data           4  margahrs.o(.data)
    q2q3                                     0x200000d0   Data           4  margahrs.o(.data)
    q3q3                                     0x200000d4   Data           4  margahrs.o(.data)
    halfT                                    0x200000d8   Data           4  margahrs.o(.data)
    MargAHRSinitialized                      0x200000dc   Data           1  margahrs.o(.data)
    accConfidenceDecay                       0x200000e0   Data           4  margahrs.o(.data)
    accConfidence                            0x200000e4   Data           4  margahrs.o(.data)
    commandInDetent                          0x200000ec   Data           3  pointingcommands.o(.data)
    previousCommandInDetent                  0x200000ef   Data           3  pointingcommands.o(.data)
    __irq_nesting_counter                    0x20000118   Data           4  drv_irq.o(.data)
    timer1timer8deadTimeRegister             0x20000120   Data           4  drv_pwmmotors.o(.data)
    timer4timer5deadTimeDelay                0x20000124   Data           4  drv_pwmmotors.o(.data)
    oddEvenFrame                             0x20000128   Data           1  drv_pwmmotors.o(.data)
    rcActive                                 0x20000130   Data           1  drv_rc.o(.data)
    frameCounter                             0x20000144   Data           2  drv_system.o(.data)
    frame_500Hz                              0x20000146   Data           1  drv_system.o(.data)
    frame_100Hz                              0x20000147   Data           1  drv_system.o(.data)
    frame_50Hz                               0x20000148   Data           1  drv_system.o(.data)
    frame_10Hz                               0x20000149   Data           1  drv_system.o(.data)
    frame_5Hz                                0x2000014a   Data           1  drv_system.o(.data)
    frame_1Hz                                0x2000014b   Data           1  drv_system.o(.data)
    deltaTime1000Hz                          0x2000014c   Data           4  drv_system.o(.data)
    executionTime1000Hz                      0x20000150   Data           4  drv_system.o(.data)
    previous1000HzTime                       0x20000154   Data           4  drv_system.o(.data)
    deltaTime500Hz                           0x20000158   Data           4  drv_system.o(.data)
    executionTime500Hz                       0x2000015c   Data           4  drv_system.o(.data)
    previous500HzTime                        0x20000160   Data           4  drv_system.o(.data)
    deltaTime100Hz                           0x20000164   Data           4  drv_system.o(.data)
    executionTime100Hz                       0x20000168   Data           4  drv_system.o(.data)
    previous100HzTime                        0x2000016c   Data           4  drv_system.o(.data)
    deltaTime50Hz                            0x20000170   Data           4  drv_system.o(.data)
    executionTime50Hz                        0x20000174   Data           4  drv_system.o(.data)
    previous50HzTime                         0x20000178   Data           4  drv_system.o(.data)
    deltaTime10Hz                            0x2000017c   Data           4  drv_system.o(.data)
    executionTime10Hz                        0x20000180   Data           4  drv_system.o(.data)
    previous10HzTime                         0x20000184   Data           4  drv_system.o(.data)
    deltaTime5Hz                             0x20000188   Data           4  drv_system.o(.data)
    executionTime5Hz                         0x2000018c   Data           4  drv_system.o(.data)
    previous5HzTime                          0x20000190   Data           4  drv_system.o(.data)
    deltaTime1Hz                             0x20000194   Data           4  drv_system.o(.data)
    executionTime1Hz                         0x20000198   Data           4  drv_system.o(.data)
    previous1HzTime                          0x2000019c   Data           4  drv_system.o(.data)
    dt500Hz                                  0x200001a0   Data           4  drv_system.o(.data)
    systemReady                              0x200001a4   Data           1  drv_system.o(.data)
    IrqCntUart4                              0x200001a8   Data           4  drv_usart.o(.data)
    rawMag                                   0x200001ac   Data           6  hmc5883.o(.data)
    magDataUpdate                            0x200001b2   Data           1  hmc5883.o(.data)
    newMagData                               0x200001b3   Data           1  hmc5883.o(.data)
    accelOneG                                0x200001b4   Data           4  mpu6050.o(.data)
    accelData500Hz                           0x200001b8   Data           6  mpu6050.o(.data)
    rawAccel                                 0x200001be   Data           6  mpu6050.o(.data)
    gyroData500Hz                            0x200001c4   Data           6  mpu6050.o(.data)
    rawGyro                                  0x200001ca   Data           6  mpu6050.o(.data)
    mpu6050Calibrating                       0x200001d0   Data           1  mpu6050.o(.data)
    mpu6050Temperature                       0x200001d4   Data           4  mpu6050.o(.data)
    rawMPU6050Temperature                    0x200001d8   Data           2  mpu6050.o(.data)
    cliBusy                                  0x200001da   Data           1  cli.o(.data)
    gimbalStateEnabled                       0x200001dd   Data           1  cli.o(.data)
    savedRollState                           0x200001de   Data           1  cli.o(.data)
    savedPitchState                          0x200001df   Data           1  cli.o(.data)
    savedYawState                            0x200001e0   Data           1  cli.o(.data)
    magCalibrating                           0x200001e1   Data           1  magcalibration.o(.data)
    HSEStartUpStatus                         0x200001e5   Data           1  hw_config.o(.data)
    EXTI_InitStructure                       0x200001e8   Data           8  hw_config.o(.data)
    packetSent                               0x200001f0   Data           4  hw_config.o(.data)
    sendLength                               0x200001f4   Data           4  hw_config.o(.data)
    Virtual_Com_Port_StringSerial            0x200001f9   Data          26  usb_desc.o(.data)
    receiveLength                            0x20000214   Data           4  usb_endp.o(.data)
    wIstr                                    0x20000218   Data           2  usb_istr.o(.data)
    bIntPackSOF                              0x2000021a   Data           1  usb_istr.o(.data)
    esof_counter                             0x2000021c   Data           4  usb_istr.o(.data)
    wCNTR                                    0x20000220   Data           4  usb_istr.o(.data)
    pEpInt_IN                                0x20000224   Data          28  usb_istr.o(.data)
    pEpInt_OUT                               0x20000240   Data          28  usb_istr.o(.data)
    Request                                  0x20000260   Data           1  usb_prop.o(.data)
    linecoding                               0x20000264   Data           8  usb_prop.o(.data)
    Device_Table                             0x2000026c   Data           2  usb_prop.o(.data)
    Device_Property                          0x20000270   Data          48  usb_prop.o(.data)
    User_Standard_Requests                   0x200002a0   Data          36  usb_prop.o(.data)
    Device_Descriptor                        0x200002c4   Data           8  usb_prop.o(.data)
    Config_Descriptor                        0x200002cc   Data           8  usb_prop.o(.data)
    String_Descriptor                        0x200002d4   Data          32  usb_prop.o(.data)
    bDeviceState                             0x200002f4   Data           4  usb_pwr.o(.data)
    fSuspendEnabled                          0x200002f8   Data           1  usb_pwr.o(.data)
    ResumeS                                  0x200002f9   Data           2  usb_pwr.o(.data)
    remotewakeupon                           0x200002fc   Data           4  usb_pwr.o(.data)
    StatusInfo                               0x20000300   Data           2  usb_core.o(.data)
    Data_Mul_MaxPacketSize                   0x20000302   Data           1  usb_core.o(.data)
    EPindex                                  0x20000304   Data           1  usb_init.o(.data)
    pInformation                             0x20000308   Data           4  usb_init.o(.data)
    pProperty                                0x2000030c   Data           4  usb_init.o(.data)
    SaveState                                0x20000310   Data           2  usb_init.o(.data)
    wInterrupt_Mask                          0x20000312   Data           2  usb_init.o(.data)
    pUser_Standard_Requests                  0x20000314   Data           4  usb_init.o(.data)
    SaveRState                               0x20000318   Data           2  usb_int.o(.data)
    SaveTState                               0x2000031a   Data           2  usb_int.o(.data)
    eepromConfig                             0x20000320   Data         324  main.o(.bss)
    sensors                                  0x20000464   Data          60  main.o(.bss)
    outputRate                               0x200004a0   Data          12  computemotorcommands.o(.bss)
    pidCmd                                   0x200004ac   Data          12  computemotorcommands.o(.bss)
    pidCmdPrev                               0x200004b8   Data          12  computemotorcommands.o(.bss)
    accAngleSmooth                           0x200004c4   Data          12  evvgccf.o(.bss)
    sinDataI16                               0x200004d0   Data        2048  fasttrig.o(.bss)
    firstOrderFilters                        0x20000cd0   Data         180  firstorderfilter.o(.bss)
    pointingCmd                              0x20000d84   Data          12  pointingcommands.o(.bss)
    rxCommand                                0x20000d90   Data          12  pointingcommands.o(.bss)
    RingBufferUSBTX                          0x20000d9c   Data        1040  drv_cli.o(.bss)
    maxCnt                                   0x200011d0   Data          12  drv_pwmmotors.o(.bss)
    minCnt                                   0x200011dc   Data          12  drv_pwmmotors.o(.bss)
    irqCnt                                   0x200011e8   Data          12  drv_pwmmotors.o(.bss)
    magScaleFactor                           0x20001a14   Data          12  hmc5883.o(.bss)
    accelTCBias                              0x20001a20   Data          12  mpu6050.o(.bss)
    gyroRTBias                               0x20001a2c   Data          12  mpu6050.o(.bss)
    gyroTCBias                               0x20001a38   Data          12  mpu6050.o(.bss)
    orientationMatrix                        0x20001a44   Data          18  mpu6050.o(.bss)
    receiveBuffer                            0x20001a56   Data          64  hw_config.o(.bss)
    EP                                       0x20001a98   Data          32  usb_pwr.o(.bss)
    Device_Info                              0x20001ab8   Data          28  usb_init.o(.bss)
    __initial_sp                             0x20001ed8   Data           0  startup_stm32f10x_hd.o(STACK)



==============================================================================

Memory Map of the image

  Image Entry point : 0x08000131

  Load Region LR_IROM1 (Base: 0x08000000, Size: 0x0000fdcc, Max: 0x00080000, ABSOLUTE, COMPRESSED[0x0000fb78])

    Execution Region ER_IROM1 (Base: 0x08000000, Size: 0x0000faac, Max: 0x00080000, ABSOLUTE)

    Base Addr    Size         Type   Attr      Idx    E Section Name        Object

    0x08000000   0x00000130   Data   RO            3    RESET               startup_stm32f10x_hd.o
    0x08000130   0x00000000   Code   RO         1340  * .ARM.Collect$$$$00000000  mc_w.l(entry.o)
    0x08000130   0x00000004   Code   RO         1470    .ARM.Collect$$$$00000001  mc_w.l(entry2.o)
    0x08000134   0x00000004   Code   RO         1473    .ARM.Collect$$$$00000004  mc_w.l(entry5.o)
    0x08000138   0x00000000   Code   RO         1475    .ARM.Collect$$$$00000008  mc_w.l(entry7b.o)
    0x08000138   0x00000000   Code   RO         1477    .ARM.Collect$$$$0000000A  mc_w.l(entry8b.o)
    0x08000138   0x00000008   Code   RO         1478    .ARM.Collect$$$$0000000B  mc_w.l(entry9a.o)
    0x08000140   0x00000000   Code   RO         1480    .ARM.Collect$$$$0000000D  mc_w.l(entry10a.o)
    0x08000140   0x00000000   Code   RO         1482    .ARM.Collect$$$$0000000F  mc_w.l(entry11a.o)
    0x08000140   0x00000004   Code   RO         1471    .ARM.Collect$$$$00002712  mc_w.l(entry2.o)
    0x08000144   0x00000020   Code   RO          581    .emb_text           core_cm3.o
    0x08000164   0x00000024   Code   RO            4    .text               startup_stm32f10x_hd.o
    0x08000188   0x00000418   Code   RO           10    .text               main.o
    0x080005a0   0x000003a4   Code   RO          303    .text               stm32f10x_rcc.o
    0x08000944   0x0000035c   Code   RO          317    .text               stm32f10x_gpio.o
    0x08000ca0   0x00000408   Code   RO          329    .text               stm32f10x_usart.o
    0x080010a8   0x000000dc   Code   RO          341    .text               misc.o
    0x08001184   0x0000011c   Code   RO          449    .text               stm32f10x_exti.o
    0x080012a0   0x000005bc   Code   RO          461    .text               stm32f10x_flash.o
    0x0800185c   0x00000404   Code   RO          485    .text               stm32f10x_i2c.o
    0x08001c60   0x00000e1a   Code   RO          557    .text               stm32f10x_tim.o
    0x08002a7a   0x00000002   PAD
    0x08002a7c   0x000001e0   Code   RO          591    .text               system_stm32f10x.o
    0x08002c5c   0x000001d0   Code   RO          609    .text               pid.o
    0x08002e2c   0x000002d0   Code   RO          643    .text               computemotorcommands.o
    0x080030fc   0x0000030c   Code   RO          675    .text               config.o
    0x08003408   0x00000268   Code   RO          689    .text               evvgccf.o
    0x08003670   0x000000f0   Code   RO          711    .text               fasttrig.o
    0x08003760   0x0000049c   Code   RO          729    .text               firstorderfilter.o
    0x08003bfc   0x00000e20   Code   RO          747    .text               margahrs.o
    0x08004a1c   0x0000047c   Code   RO          762    .text               pointingcommands.o
    0x08004e98   0x000000b0   Code   RO          781    .text               stm32_it.o
    0x08004f48   0x00000d44   Code   RO          806    .text               utilities.o
    0x08005c8c   0x000001b8   Code   RO          819    .text               drv_cli.o
    0x08005e44   0x00000054   Code   RO          839    .text               drv_gpio.o
    0x08005e98   0x000008e8   Code   RO          851    .text               drv_i2c.o
    0x08006780   0x00000694   Code   RO          872    .text               drv_pwmmotors.o
    0x08006e14   0x00000240   Code   RO          888    .text               drv_rc.o
    0x08007054   0x00000564   Code   RO          910    .text               drv_system.o
    0x080075b8   0x00000038   Code   RO          932    .text               drv_timingfunctions.o
    0x080075f0   0x00000258   Code   RO          944    .text               drv_usart.o
    0x08007848   0x000001b8   Code   RO          960    .text               ringbuffer.o
    0x08007a00   0x000001d4   Code   RO          972    .text               hmc5883.o
    0x08007bd4   0x000005fc   Code   RO          991    .text               mpu6050.o
    0x080081d0   0x00001de0   Code   RO         1010    .text               cli.o
    0x08009fb0   0x00000600   Code   RO         1028    .text               clisensor.o
    0x0800a5b0   0x000001ac   Code   RO         1041    .text               magcalibration.o
    0x0800a75c   0x00000678   Code   RO         1057    .text               mpu6050calibration.o
    0x0800add4   0x0000025c   Code   RO         1069    .text               hw_config.o
    0x0800b030   0x00000034   Code   RO         1105    .text               usb_endp.o
    0x0800b064   0x000000b0   Code   RO         1132    .text               usb_istr.o
    0x0800b114   0x00000268   Code   RO         1150    .text               usb_prop.o
    0x0800b37c   0x00000234   Code   RO         1173    .text               usb_pwr.o
    0x0800b5b0   0x00000b50   Code   RO         1192    .text               usb_core.o
    0x0800c100   0x0000003c   Code   RO         1207    .text               usb_init.o
    0x0800c13c   0x0000033c   Code   RO         1230    .text               usb_int.o
    0x0800c478   0x0000005c   Code   RO         1254    .text               usb_mem.o
    0x0800c4d4   0x00000808   Code   RO         1266    .text               usb_regs.o
    0x0800ccdc   0x00000080   Code   RO         1278    .text               usb_sil.o
    0x0800cd5c   0x00000024   Code   RO         1343    .text               mc_w.l(memcpya.o)
    0x0800cd80   0x00000024   Code   RO         1345    .text               mc_w.l(memseta.o)
    0x0800cda4   0x0000000e   Code   RO         1347    .text               mc_w.l(strlen.o)
    0x0800cdb2   0x000000b0   Code   RO         1386    .text               mf_w.l(fadd.o)
    0x0800ce62   0x00000064   Code   RO         1388    .text               mf_w.l(fmul.o)
    0x0800cec6   0x0000007c   Code   RO         1390    .text               mf_w.l(fdiv.o)
    0x0800cf42   0x0000014e   Code   RO         1392    .text               mf_w.l(dadd.o)
    0x0800d090   0x000000e4   Code   RO         1394    .text               mf_w.l(dmul.o)
    0x0800d174   0x000000de   Code   RO         1396    .text               mf_w.l(ddiv.o)
    0x0800d252   0x00000012   Code   RO         1398    .text               mf_w.l(fflti.o)
    0x0800d264   0x0000000a   Code   RO         1400    .text               mf_w.l(ffltui.o)
    0x0800d26e   0x00000022   Code   RO         1402    .text               mf_w.l(dflti.o)
    0x0800d290   0x00000032   Code   RO         1404    .text               mf_w.l(ffixi.o)
    0x0800d2c2   0x00000028   Code   RO         1406    .text               mf_w.l(ffixui.o)
    0x0800d2ea   0x0000003e   Code   RO         1408    .text               mf_w.l(dfixi.o)
    0x0800d328   0x00000026   Code   RO         1410    .text               mf_w.l(f2d.o)
    0x0800d34e   0x00000038   Code   RO         1412    .text               mf_w.l(d2f.o)
    0x0800d386   0x00000002   PAD
    0x0800d388   0x00000014   Code   RO         1414    .text               mf_w.l(cfcmple.o)
    0x0800d39c   0x00000014   Code   RO         1416    .text               mf_w.l(cfrcmple.o)
    0x0800d3b0   0x0000002c   Code   RO         1487    .text               mc_w.l(uidiv.o)
    0x0800d3dc   0x00000062   Code   RO         1489    .text               mc_w.l(uldiv.o)
    0x0800d43e   0x0000001e   Code   RO         1491    .text               mc_w.l(llshl.o)
    0x0800d45c   0x00000020   Code   RO         1493    .text               mc_w.l(llushr.o)
    0x0800d47c   0x00000024   Code   RO         1495    .text               mc_w.l(llsshr.o)
    0x0800d4a0   0x00000000   Code   RO         1497    .text               mc_w.l(iusefp.o)
    0x0800d4a0   0x0000006e   Code   RO         1498    .text               mf_w.l(fepilogue.o)
    0x0800d50e   0x00000018   Code   RO         1500    .text               mf_w.l(fscalb.o)
    0x0800d526   0x0000003c   Code   RO         1502    .text               mf_w.l(frnd.o)
    0x0800d562   0x000000ba   Code   RO         1504    .text               mf_w.l(depilogue.o)
    0x0800d61c   0x000000a2   Code   RO         1506    .text               mf_w.l(dsqrt.o)
    0x0800d6be   0x00000002   PAD
    0x0800d6c0   0x00000088   Code   RO         1508    .text               mf_w.l(drnd.o)
    0x0800d748   0x00000030   Code   RO         1510    .text               mf_w.l(dfixul.o)
    0x0800d778   0x00000030   Code   RO         1512    .text               mf_w.l(cdcmple.o)
    0x0800d7a8   0x00000030   Code   RO         1514    .text               mf_w.l(cdrcmple.o)
    0x0800d7d8   0x00000024   Code   RO         1520    .text               mc_w.l(init.o)
    0x0800d7fc   0x0000005e   Code   RO         1524    .text               mf_w.l(fsqrt.o)
    0x0800d85a   0x0000002e   Code   RO         1526    .text               mf_w.l(dscalb.o)
    0x0800d888   0x00000056   Code   RO         1536    .text               mc_w.l(__dczerorl2.o)
    0x0800d8de   0x00000002   PAD
    0x0800d8e0   0x0000002c   Code   RO         1357    i.__0vsnprintf      mc_w.l(printfa.o)
    0x0800d90c   0x00000028   Code   RO         1516    i.__ARM_fpclassify  m_ws.l(fpclassify.o)
    0x0800d934   0x00000026   Code   RO         1442    i.__ARM_fpclassifyf  m_ws.l(fpclassifyf.o)
    0x0800d95a   0x00000002   PAD
    0x0800d95c   0x00000008   Code   RO         1379    i.__aeabi_errno_addr  mc_w.l(errno.o)
    0x0800d964   0x000000aa   Code   RO         1518    i.__kernel_poly     m_ws.l(poly.o)
    0x0800da0e   0x00000006   Code   RO         1429    i.__mathlib_dbl_infnan  m_ws.l(dunder.o)
    0x0800da14   0x00000004   Code   RO         1430    i.__mathlib_dbl_infnan2  m_ws.l(dunder.o)
    0x0800da18   0x00000010   Code   RO         1434    i.__mathlib_dbl_underflow  m_ws.l(dunder.o)
    0x0800da28   0x00000006   Code   RO         1445    i.__mathlib_flt_infnan  m_ws.l(funder.o)
    0x0800da2e   0x00000004   Code   RO         1446    i.__mathlib_flt_infnan2  m_ws.l(funder.o)
    0x0800da32   0x00000008   Code   RO         1447    i.__mathlib_flt_invalid  m_ws.l(funder.o)
    0x0800da3a   0x0000000a   Code   RO         1450    i.__mathlib_flt_underflow  m_ws.l(funder.o)
    0x0800da44   0x00000168   Code   RO         1459    i.__mathlib_rredf2  m_ws.l(rredf.o)
    0x0800dbac   0x0000000e   Code   RO         1530    i.__scatterload_copy  mc_w.l(handlers.o)
    0x0800dbba   0x00000002   Code   RO         1531    i.__scatterload_null  mc_w.l(handlers.o)
    0x0800dbbc   0x0000000e   Code   RO         1532    i.__scatterload_zeroinit  mc_w.l(handlers.o)
    0x0800dbca   0x00000002   PAD
    0x0800dbcc   0x0000000c   Code   RO         1381    i.__set_errno       mc_w.l(errno.o)
    0x0800dbd8   0x00000184   Code   RO         1359    i._fp_digits        mc_w.l(printfa.o)
    0x0800dd5c   0x000006dc   Code   RO         1360    i._printf_core      mc_w.l(printfa.o)
    0x0800e438   0x00000024   Code   RO         1361    i._printf_post_padding  mc_w.l(printfa.o)
    0x0800e45c   0x0000002e   Code   RO         1362    i._printf_pre_padding  mc_w.l(printfa.o)
    0x0800e48a   0x00000016   Code   RO         1363    i._snputc           mc_w.l(printfa.o)
    0x0800e4a0   0x00000124   Code   RO         1291    i.asinf             m_ws.l(asinf.o)
    0x0800e5c4   0x00000220   Code   RO         1419    i.atan              m_ws.l(atan.o)
    0x0800e7e4   0x00000180   Code   RO         1299    i.atan2             m_ws.l(atan2.o)
    0x0800e964   0x0000025c   Code   RO         1307    i.atan2f            m_ws.l(atan2f.o)
    0x0800ebc0   0x0000017c   Code   RO         1315    i.cosf              m_ws.l(cosf.o)
    0x0800ed3c   0x00000094   Code   RO         1322    i.round             m_ws.l(round.o)
    0x0800edd0   0x00000188   Code   RO         1325    i.sinf              m_ws.l(sinf.o)
    0x0800ef58   0x0000004c   Code   RO         1333    i.sqrt              m_ws.l(sqrt.o)
    0x0800efa4   0x0000002c   Code   RO         1463    i.sqrtf             m_ws.l(sqrtf.o)
    0x0800efd0   0x000000b1   Data   RO         1092    .constdata          usb_desc.o
    0x0800f081   0x00000007   PAD
    0x0800f088   0x00000098   Data   RO         1420    .constdata          m_ws.l(atan.o)
    0x0800f120   0x00000008   Data   RO         1458    .constdata          m_ws.l(qnan.o)
    0x0800f128   0x00000020   Data   RO         1460    .constdata          m_ws.l(rredf.o)
    0x0800f148   0x00000637   Data   RO         1011    .conststring        cli.o
    0x0800f77f   0x00000001   PAD
    0x0800f780   0x0000027c   Data   RO         1029    .conststring        clisensor.o
    0x0800f9fc   0x0000008d   Data   RO         1042    .conststring        magcalibration.o
    0x0800fa89   0x00000003   PAD
    0x0800fa8c   0x00000020   Data   RO         1528    Region$$Table       anon$$obj.o


    Execution Region RW_IRAM1 (Base: 0x20000000, Size: 0x00001ed8, Max: 0x00010000, ABSOLUTE, COMPRESSED[0x000000cc])

    Base Addr    Size         Type   Attr      Idx    E Section Name        Object

    0x20000000   0x0000000a   Data   RW           12    .data               main.o
    0x2000000a   0x00000014   Data   RW          304    .data               stm32f10x_rcc.o
    0x2000001e   0x00000002   PAD
    0x20000020   0x00000014   Data   RW          592    .data               system_stm32f10x.o
    0x20000034   0x00000008   Data   RW          610    .data               pid.o
    0x2000003c   0x00000028   Data   RW          645    .data               computemotorcommands.o
    0x20000064   0x00000001   Data   RW          676    .data               config.o
    0x20000065   0x00000003   PAD
    0x20000068   0x00000084   Data   RW          748    .data               margahrs.o
    0x200000ec   0x00000006   Data   RW          764    .data               pointingcommands.o
    0x200000f2   0x00000002   PAD
    0x200000f4   0x00000004   Data   RW          807    .data               utilities.o
    0x200000f8   0x00000008   Data   RW          821    .data               drv_cli.o
    0x20000100   0x00000017   Data   RW          852    .data               drv_i2c.o
    0x20000117   0x00000001   PAD
    0x20000118   0x00000004   Data   RW          865    .data               drv_irq.o
    0x2000011c   0x0000000d   Data   RW          874    .data               drv_pwmmotors.o
    0x20000129   0x00000001   PAD
    0x2000012a   0x0000000e   Data   RW          889    .data               drv_rc.o
    0x20000138   0x0000006d   Data   RW          911    .data               drv_system.o
    0x200001a5   0x00000003   PAD
    0x200001a8   0x00000004   Data   RW          946    .data               drv_usart.o
    0x200001ac   0x00000008   Data   RW          974    .data               hmc5883.o
    0x200001b4   0x00000026   Data   RW          993    .data               mpu6050.o
    0x200001da   0x00000007   Data   RW         1012    .data               cli.o
    0x200001e1   0x00000001   Data   RW         1043    .data               magcalibration.o
    0x200001e2   0x00000002   PAD
    0x200001e4   0x00000015   Data   RW         1071    .data               hw_config.o
    0x200001f9   0x0000001a   Data   RW         1093    .data               usb_desc.o
    0x20000213   0x00000001   PAD
    0x20000214   0x00000004   Data   RW         1106    .data               usb_endp.o
    0x20000218   0x00000044   Data   RW         1133    .data               usb_istr.o
    0x2000025c   0x00000098   Data   RW         1151    .data               usb_prop.o
    0x200002f4   0x0000000c   Data   RW         1175    .data               usb_pwr.o
    0x20000300   0x00000003   Data   RW         1193    .data               usb_core.o
    0x20000303   0x00000001   PAD
    0x20000304   0x00000014   Data   RW         1209    .data               usb_init.o
    0x20000318   0x00000004   Data   RW         1231    .data               usb_int.o
    0x2000031c   0x00000004   Data   RW         1382    .data               mc_w.l(errno.o)
    0x20000320   0x00000180   Zero   RW           11    .bss                main.o
    0x200004a0   0x00000024   Zero   RW          644    .bss                computemotorcommands.o
    0x200004c4   0x0000000c   Zero   RW          690    .bss                evvgccf.o
    0x200004d0   0x00000800   Zero   RW          712    .bss                fasttrig.o
    0x20000cd0   0x000000b4   Zero   RW          730    .bss                firstorderfilter.o
    0x20000d84   0x00000018   Zero   RW          763    .bss                pointingcommands.o
    0x20000d9c   0x00000410   Zero   RW          820    .bss                drv_cli.o
    0x200011ac   0x00000048   Zero   RW          873    .bss                drv_pwmmotors.o
    0x200011f4   0x00000820   Zero   RW          945    .bss                drv_usart.o
    0x20001a14   0x0000000c   Zero   RW          973    .bss                hmc5883.o
    0x20001a20   0x00000036   Zero   RW          992    .bss                mpu6050.o
    0x20001a56   0x00000040   Zero   RW         1070    .bss                hw_config.o
    0x20001a96   0x00000002   PAD
    0x20001a98   0x00000020   Zero   RW         1174    .bss                usb_pwr.o
    0x20001ab8   0x0000001c   Zero   RW         1208    .bss                usb_init.o
    0x20001ad4   0x00000004   PAD
    0x20001ad8   0x00000400   Zero   RW            1    STACK               startup_stm32f10x_hd.o


==============================================================================

Image component sizes


      Code (inc. data)   RO Data    RW Data    ZI Data      Debug   Object Name

      7648       3326       1591          7          0       3716   cli.o
      1536        678        636          0          0        900   clisensor.o
       720         64          0         40         36       4431   computemotorcommands.o
       780         84          0          1          0       1424   config.o
        32          0          0          0          0        528   core_cm3.o
       440         36          0          8       1040       3456   drv_cli.o
        84          4          0          0          0        495   drv_gpio.o
      2280        116          0         23          0       4909   drv_i2c.o
         0          0          0          4          0        252   drv_irq.o
      1684        116          0         13         72       6412   drv_pwmmotors.o
       576         52          0         14          0      17123   drv_rc.o
      1380        484          0        109          0      20341   drv_system.o
        56          6          0          0          0        530   drv_timingfunctions.o
       600         24          0          4       2080       3559   drv_usart.o
       616         32          0          0         12       1586   evvgccf.o
       240         14          0          0       2048       1316   fasttrig.o
      1180         24          0          0        180       2252   firstorderfilter.o
       468         22          0          8         12       1839   hmc5883.o
       604         54          0         21         64       5585   hw_config.o
       428        174        141          1          0       1026   magcalibration.o
      1048        182          0         10        384     285665   main.o
      3616        336          0        132          0       4006   margahrs.o
       220         22          0          0          0       1737   misc.o
      1532        134          0         38         54       4332   mpu6050.o
      1656        330          0          0          0       1101   mpu6050calibration.o
       464         12          0          8          0       2830   pid.o
      1148         64          0          6         24       1578   pointingcommands.o
       440          0          0          0          0       2610   ringbuffer.o
        36          8        304          0       1024        836   startup_stm32f10x_hd.o
       176        108          0          0          0       1870   stm32_it.o
       284         10          0          0          0       2195   stm32f10x_exti.o
      1468         34          0          0          0       8146   stm32f10x_flash.o
       860         38          0          0          0       5673   stm32f10x_gpio.o
      1028         16          0          0          0       9163   stm32f10x_i2c.o
       932         36          0         20          0       8832   stm32f10x_rcc.o
      3610         88          0          0          0      22780   stm32f10x_tim.o
      1032         22          0          0          0       8392   stm32f10x_usart.o
       480         38          0         20          0       1767   system_stm32f10x.o
         0          0          0          0          0        564   usart1.o
      2896        114          0          3          0       8195   usb_core.o
         0          0        177         26          0       1059   usb_desc.o
        52         14          0          4          0       1287   usb_endp.o
        60         24          0         20         28       4198   usb_init.o
       828         34          0          4          0       1991   usb_int.o
       176         22          0         68          0       1339   usb_istr.o
        92          6          0          0          0       1474   usb_mem.o
       616         44          0        152          0       7487   usb_prop.o
       564         40          0         12         32       2923   usb_pwr.o
      2056         20          0          0          0      12049   usb_regs.o
       128          8          0          0          0       1538   usb_sil.o
      3396         42          0          4          0       4704   utilities.o

    ----------------------------------------------------------------------
     52248       7156       2892        796       7096     504001   Object Totals
         0          0         32          0          0          0   (incl. Generated)
         2          0         11         16          6          0   (incl. Padding)

    ----------------------------------------------------------------------

      Code (inc. data)   RO Data    RW Data    ZI Data      Debug   Library Member Name

       292         38          0          0          0        120   asinf.o
       544         70        152          0          0        124   atan.o
       384         38          0          0          0        144   atan2.o
       604         76          0          0          0        116   atan2f.o
       380         52          0          0          0        124   cosf.o
        26          6          0          0          0        204   dunder.o
        40          0          0          0          0         68   fpclassify.o
        38          0          0          0          0         68   fpclassifyf.o
        28          0          0          0          0        272   funder.o
       170          0          0          0          0         96   poly.o
         0          0          8          0          0          0   qnan.o
       148         12          0          0          0         88   round.o
       360         16         32          0          0         88   rredf.o
       392         54          0          0          0        124   sinf.o
        76          0          0          0          0         84   sqrt.o
        44          0          0          0          0         80   sqrtf.o
        86          0          0          0          0          0   __dczerorl2.o
         0          0          0          0          0          0   entry.o
         0          0          0          0          0          0   entry10a.o
         0          0          0          0          0          0   entry11a.o
         8          4          0          0          0          0   entry2.o
         4          0          0          0          0          0   entry5.o
         0          0          0          0          0          0   entry7b.o
         0          0          0          0          0          0   entry8b.o
         8          4          0          0          0          0   entry9a.o
        20         10          0          4          0        136   errno.o
        30          0          0          0          0          0   handlers.o
        36          8          0          0          0         68   init.o
         0          0          0          0          0          0   iusefp.o
        30          0          0          0          0         68   llshl.o
        36          0          0          0          0         68   llsshr.o
        32          0          0          0          0         68   llushr.o
        36          0          0          0          0         68   memcpya.o
        36          0          0          0          0        108   memseta.o
      2292         84          0          0          0        516   printfa.o
        14          0          0          0          0         68   strlen.o
        44          0          0          0          0         80   uidiv.o
        98          0          0          0          0         92   uldiv.o
        48          0          0          0          0         68   cdcmple.o
        48          0          0          0          0         68   cdrcmple.o
        20          0          0          0          0         68   cfcmple.o
        20          0          0          0          0         68   cfrcmple.o
        56          0          0          0          0         88   d2f.o
       334          0          0          0          0        148   dadd.o
       222          0          0          0          0        100   ddiv.o
       186          0          0          0          0        176   depilogue.o
        62          0          0          0          0         80   dfixi.o
        48          0          0          0          0         68   dfixul.o
        34          0          0          0          0         76   dflti.o
       228          0          0          0          0         96   dmul.o
       136          4          0          0          0         92   drnd.o
        46          0          0          0          0         80   dscalb.o
       162          0          0          0          0        100   dsqrt.o
        38          0          0          0          0         68   f2d.o
       176          0          0          0          0        140   fadd.o
       124          0          0          0          0         88   fdiv.o
       110          0          0          0          0        168   fepilogue.o
        50          0          0          0          0         68   ffixi.o
        40          0          0          0          0         68   ffixui.o
        18          0          0          0          0         68   fflti.o
        10          0          0          0          0         68   ffltui.o
       100          0          0          0          0         76   fmul.o
        60          0          0          0          0         76   frnd.o
        24          0          0          0          0         68   fscalb.o
        94          0          0          0          0         96   fsqrt.o

    ----------------------------------------------------------------------
      8840        476        192          4          0       5568   Library Totals
        10          0          0          0          0          0   (incl. Padding)

    ----------------------------------------------------------------------

      Code (inc. data)   RO Data    RW Data    ZI Data      Debug   Library Name

      3526        362        192          0          0       1800   m_ws.l
      2810        110          0          4          0       1340   mc_w.l
      2494          4          0          0          0       2428   mf_w.l

    ----------------------------------------------------------------------
      8840        476        192          4          0       5568   Library Totals

    ----------------------------------------------------------------------

==============================================================================


      Code (inc. data)   RO Data    RW Data    ZI Data      Debug   

     61088       7632       3084        800       7096     502157   Grand Totals
     61088       7632       3084        204       7096     502157   ELF Image Totals (compressed)
     61088       7632       3084        204          0          0   ROM Totals

==============================================================================

    Total RO  Size (Code + RO Data)                64172 (  62.67kB)
    Total RW  Size (RW Data + ZI Data)              7896 (   7.71kB)
    Total ROM Size (Code + RO Data + RW Data)      64376 (  62.87kB)

==============================================================================

