Component: ARM Compiler 5.06 update 4 (build 422) Tool: armlink [4d35d2]

==============================================================================

Section Cross References

    startup_stm32f10x_hd.o(RESET) refers to startup_stm32f10x_hd.o(STACK) for __initial_sp
    startup_stm32f10x_hd.o(RESET) refers to startup_stm32f10x_hd.o(.text) for Reset_Handler
    startup_stm32f10x_hd.o(RESET) refers to stm32_it.o(.text) for NMI_Handler
    startup_stm32f10x_hd.o(RESET) refers to drv_system.o(.text) for SysTick_Handler
    startup_stm32f10x_hd.o(RESET) refers to drv_rc.o(.text) for EXTI3_IRQHandler
    startup_stm32f10x_hd.o(RESET) refers to drv_pwmmotors.o(.text) for TIM1_UP_IRQHandler
    startup_stm32f10x_hd.o(RESET) refers to drv_i2c.o(.text) for I2C1_EV_IRQHandler
    startup_stm32f10x_hd.o(RESET) refers to drv_usart.o(.text) for UART4_IRQHandler
    startup_stm32f10x_hd.o(.text) refers to system_stm32f10x.o(.text) for SystemInit
    startup_stm32f10x_hd.o(.text) refers to entry.o(.ARM.Collect$$$$00000000) for __main
    main.o(.text) refers to drv_system.o(.text) for systemInit
    main.o(.text) refers to evvgccf.o(.text) for initOrientation
    main.o(.text) refers to pointingcommands.o(.text) for processPointingCommands
    main.o(.text) refers to cli.o(.text) for cliCom
    main.o(.text) refers to stm32f10x_tim.o(.text) for TIM_Cmd
    main.o(.text) refers to ffltui.o(.text) for __aeabi_ui2f
    main.o(.text) refers to fmul.o(.text) for __aeabi_fmul
    main.o(.text) refers to fflti.o(.text) for __aeabi_i2f
    main.o(.text) refers to fadd.o(.text) for __aeabi_fsub
    main.o(.text) refers to firstorderfilter.o(.text) for firstOrderFilter
    main.o(.text) refers to margahrs.o(.text) for MargAHRSupdate
    main.o(.text) refers to computemotorcommands.o(.text) for computeMotorCommands
    main.o(.text) refers to drv_system.o(.data) for systemReady
    main.o(.text) refers to main.o(.data) for timerValue
    main.o(.text) refers to mpu6050.o(.data) for accelData500Hz
    main.o(.text) refers to mpu6050.o(.bss) for accelTCBias
    main.o(.text) refers to main.o(.bss) for sensors
    main.o(.text) refers to evvgccf.o(.bss) for accAngleSmooth
    main.o(.text) refers to firstorderfilter.o(.bss) for firstOrderFilters
    main.o(.text) refers to hmc5883.o(.data) for magDataUpdate
    usart1.o(.text) refers to stm32f10x_rcc.o(.text) for RCC_APB2PeriphClockCmd
    usart1.o(.text) refers to stm32f10x_gpio.o(.text) for GPIO_Init
    usart1.o(.text) refers to stm32f10x_usart.o(.text) for USART_Init
    usart1.o(.text) refers to misc.o(.text) for NVIC_PriorityGroupConfig
    usart1.o(.text) refers to printfa.o(i.__0vsnprintf) for __c89vsnprintf
    stm32f10x_rcc.o(.text) refers to stm32f10x_rcc.o(.data) for APBAHBPrescTable
    stm32f10x_gpio.o(.text) refers to stm32f10x_rcc.o(.text) for RCC_APB2PeriphResetCmd
    stm32f10x_usart.o(.text) refers to stm32f10x_rcc.o(.text) for RCC_APB2PeriphResetCmd
    stm32f10x_adc.o(.text) refers to stm32f10x_rcc.o(.text) for RCC_APB2PeriphResetCmd
    stm32f10x_bkp.o(.text) refers to stm32f10x_rcc.o(.text) for RCC_BackupResetCmd
    stm32f10x_can.o(.text) refers to stm32f10x_rcc.o(.text) for RCC_APB1PeriphResetCmd
    stm32f10x_cec.o(.text) refers to stm32f10x_rcc.o(.text) for RCC_APB1PeriphResetCmd
    stm32f10x_dac.o(.text) refers to stm32f10x_rcc.o(.text) for RCC_APB1PeriphResetCmd
    stm32f10x_i2c.o(.text) refers to stm32f10x_rcc.o(.text) for RCC_APB1PeriphResetCmd
    stm32f10x_pwr.o(.text) refers to stm32f10x_rcc.o(.text) for RCC_APB1PeriphResetCmd
    stm32f10x_spi.o(.text) refers to stm32f10x_rcc.o(.text) for RCC_APB2PeriphResetCmd
    stm32f10x_tim.o(.text) refers to stm32f10x_rcc.o(.text) for RCC_APB2PeriphResetCmd
    stm32f10x_wwdg.o(.text) refers to stm32f10x_rcc.o(.text) for RCC_APB1PeriphResetCmd
    system_stm32f10x.o(.text) refers to system_stm32f10x.o(.data) for SystemCoreClock
    pid.o(.text) refers to fadd.o(.text) for __aeabi_fsub
    pid.o(.text) refers to utilities.o(.text) for standardRadianFormat
    pid.o(.text) refers to fmul.o(.text) for __aeabi_fmul
    pid.o(.text) refers to fdiv.o(.text) for __aeabi_fdiv
    pid.o(.text) refers to pid.o(.data) for rc
    pid.o(.text) refers to main.o(.bss) for eepromConfig
    computemotorcommands.o(.text) refers to fadd.o(.text) for __aeabi_fsub
    computemotorcommands.o(.text) refers to cfrcmple.o(.text) for __aeabi_cfrcmple
    computemotorcommands.o(.text) refers to fmul.o(.text) for __aeabi_fmul
    computemotorcommands.o(.text) refers to cfcmple.o(.text) for __aeabi_cfcmple
    computemotorcommands.o(.text) refers to fdiv.o(.text) for __aeabi_fdiv
    computemotorcommands.o(.text) refers to pid.o(.text) for updatePID
    computemotorcommands.o(.text) refers to ffixi.o(.text) for __aeabi_f2iz
    computemotorcommands.o(.text) refers to drv_pwmmotors.o(.text) for setRollMotor
    computemotorcommands.o(.text) refers to computemotorcommands.o(.data) for centerPoint
[...]
    GPIO_EventOutputCmd                      0x08000af9   Thumb Code     6  stm32f10x_gpio.o(.text)
    GPIO_PinRemapConfig                      0x08000aff   Thumb Code   138  stm32f10x_gpio.o(.text)
    GPIO_EXTILineConfig                      0x08000b89   Thumb Code    66  stm32f10x_gpio.o(.text)
    GPIO_ETH_MediaInterfaceConfig            0x08000bcb   Thumb Code     8  stm32f10x_gpio.o(.text)
    USART_DeInit                             0x08000bf9   Thumb Code   134  stm32f10x_usart.o(.text)
    USART_Init                               0x08000c7f   Thumb Code   210  stm32f10x_usart.o(.text)
    USART_StructInit                         0x08000d51   Thumb Code    24  stm32f10x_usart.o(.text)
    USART_ClockInit                          0x08000d69   Thumb Code    34  stm32f10x_usart.o(.text)
    USART_ClockStructInit                    0x08000d8b   Thumb Code    12  stm32f10x_usart.o(.text)
    USART_Cmd                                0x08000d97   Thumb Code    24  stm32f10x_usart.o(.text)
    USART_ITConfig                           0x08000daf   Thumb Code    74  stm32f10x_usart.o(.text)
    USART_DMACmd                             0x08000df9   Thumb Code    18  stm32f10x_usart.o(.text)
    USART_SetAddress                         0x08000e0b   Thumb Code    18  stm32f10x_usart.o(.text)
    USART_WakeUpConfig                       0x08000e1d   Thumb Code    18  stm32f10x_usart.o(.text)
    USART_ReceiverWakeUpCmd                  0x08000e2f   Thumb Code    24  stm32f10x_usart.o(.text)
    USART_LINBreakDetectLengthConfig         0x08000e47   Thumb Code    18  stm32f10x_usart.o(.text)
    USART_LINCmd                             0x08000e59   Thumb Code    24  stm32f10x_usart.o(.text)
    USART_SendData                           0x08000e71   Thumb Code     8  stm32f10x_usart.o(.text)
    USART_ReceiveData                        0x08000e79   Thumb Code    10  stm32f10x_usart.o(.text)
    USART_SendBreak                          0x08000e83   Thumb Code    10  stm32f10x_usart.o(.text)
    USART_SetGuardTime                       0x08000e8d   Thumb Code    16  stm32f10x_usart.o(.text)
    USART_SetPrescaler                       0x08000e9d   Thumb Code    16  stm32f10x_usart.o(.text)
    USART_SmartCardCmd                       0x08000ead   Thumb Code    24  stm32f10x_usart.o(.text)
    USART_SmartCardNACKCmd                   0x08000ec5   Thumb Code    24  stm32f10x_usart.o(.text)
    USART_HalfDuplexCmd                      0x08000edd   Thumb Code    24  stm32f10x_usart.o(.text)
    USART_OverSampling8Cmd                   0x08000ef5   Thumb Code    22  stm32f10x_usart.o(.text)
    USART_OneBitMethodCmd                    0x08000f0b   Thumb Code    24  stm32f10x_usart.o(.text)
    USART_IrDAConfig                         0x08000f23   Thumb Code    18  stm32f10x_usart.o(.text)
    USART_IrDACmd                            0x08000f35   Thumb Code    24  stm32f10x_usart.o(.text)
    USART_GetFlagStatus                      0x08000f4d   Thumb Code    26  stm32f10x_usart.o(.text)
    USART_ClearFlag                          0x08000f67   Thumb Code    18  stm32f10x_usart.o(.text)
    USART_GetITStatus                        0x08000f79   Thumb Code    84  stm32f10x_usart.o(.text)
    USART_ClearITPendingBit                  0x08000fcd   Thumb Code    52  stm32f10x_usart.o(.text)
    NVIC_PriorityGroupConfig                 0x08001001   Thumb Code    10  misc.o(.text)
    NVIC_Init                                0x0800100b   Thumb Code   100  misc.o(.text)
    NVIC_SetVectorTable                      0x0800106f   Thumb Code    14  misc.o(.text)
    NVIC_SystemLPConfig                      0x0800107d   Thumb Code    34  misc.o(.text)
    SysTick_CLKSourceConfig                  0x0800109f   Thumb Code    40  misc.o(.text)
    EXTI_DeInit                              0x080010dd   Thumb Code    28  stm32f10x_exti.o(.text)
    EXTI_Init                                0x080010f9   Thumb Code   142  stm32f10x_exti.o(.text)
    EXTI_StructInit                          0x08001187   Thumb Code    16  stm32f10x_exti.o(.text)
    EXTI_GenerateSWInterrupt                 0x08001197   Thumb Code    16  stm32f10x_exti.o(.text)
    EXTI_GetFlagStatus                       0x080011a7   Thumb Code    22  stm32f10x_exti.o(.text)
    EXTI_ClearFlag                           0x080011bd   Thumb Code     8  stm32f10x_exti.o(.text)
    EXTI_GetITStatus                         0x080011c5   Thumb Code    34  stm32f10x_exti.o(.text)
    EXTI_ClearITPendingBit                   0x080011e7   Thumb Code     8  stm32f10x_exti.o(.text)
    FLASH_SetLatency                         0x080011f9   Thumb Code    18  stm32f10x_flash.o(.text)
    FLASH_HalfCycleAccessCmd                 0x0800120b   Thumb Code    22  stm32f10x_flash.o(.text)
    FLASH_PrefetchBufferCmd                  0x08001221   Thumb Code    22  stm32f10x_flash.o(.text)
    FLASH_Unlock                             0x08001237   Thumb Code    12  stm32f10x_flash.o(.text)
    FLASH_UnlockBank1                        0x08001243   Thumb Code    12  stm32f10x_flash.o(.text)
    FLASH_Lock                               0x0800124f   Thumb Code    14  stm32f10x_flash.o(.text)
    FLASH_LockBank1                          0x0800125d   Thumb Code    14  stm32f10x_flash.o(.text)
    FLASH_GetBank1Status                     0x0800126b   Thumb Code    48  stm32f10x_flash.o(.text)
    FLASH_WaitForLastOperation               0x0800129b   Thumb Code    38  stm32f10x_flash.o(.text)
    FLASH_ErasePage                          0x080012c1   Thumb Code    72  stm32f10x_flash.o(.text)
    FLASH_EraseAllPages                      0x08001309   Thumb Code    68  stm32f10x_flash.o(.text)
    FLASH_WaitForLastBank1Operation          0x0800134d   Thumb Code    38  stm32f10x_flash.o(.text)
    FLASH_EraseAllBank1Pages                 0x08001373   Thumb Code    68  stm32f10x_flash.o(.text)
    FLASH_GetReadOutProtectionStatus         0x080013b7   Thumb Code    20  stm32f10x_flash.o(.text)
    FLASH_EraseOptionBytes                   0x080013cb   Thumb Code   150  stm32f10x_flash.o(.text)
    FLASH_ProgramWord                        0x08001461   Thumb Code   102  stm32f10x_flash.o(.text)
    FLASH_ProgramHalfWord                    0x080014c7   Thumb Code    60  stm32f10x_flash.o(.text)
    FLASH_ProgramOptionByteData              0x08001503   Thumb Code    72  stm32f10x_flash.o(.text)
    FLASH_EnableWriteProtection              0x0800154b   Thumb Code   200  stm32f10x_flash.o(.text)
    FLASH_ReadOutProtection                  0x08001613   Thumb Code   156  stm32f10x_flash.o(.text)
    FLASH_UserOptionByteConfig               0x080016af   Thumb Code    88  stm32f10x_flash.o(.text)
    FLASH_GetUserOptionByte                  0x08001707   Thumb Code     8  stm32f10x_flash.o(.text)
    FLASH_GetWriteProtectionOptionByte       0x0800170f   Thumb Code     6  stm32f10x_flash.o(.text)
    FLASH_GetPrefetchBufferStatus            0x08001715   Thumb Code    20  stm32f10x_flash.o(.text)
    FLASH_ITConfig                           0x08001729   Thumb Code    26  stm32f10x_flash.o(.text)
    FLASH_GetFlagStatus                      0x08001743   Thumb Code    42  stm32f10x_flash.o(.text)
    FLASH_ClearFlag                          0x0800176d   Thumb Code     6  stm32f10x_flash.o(.text)
    FLASH_GetStatus                          0x08001773   Thumb Code    48  stm32f10x_flash.o(.text)
    I2C_DeInit                               0x080017b5   Thumb Code    50  stm32f10x_i2c.o(.text)
    I2C_Init                                 0x080017e7   Thumb Code   222  stm32f10x_i2c.o(.text)
    I2C_StructInit                           0x080018c5   Thumb Code    30  stm32f10x_i2c.o(.text)
    I2C_Cmd                                  0x080018e3   Thumb Code    24  stm32f10x_i2c.o(.text)
    I2C_DMACmd                               0x080018fb   Thumb Code    24  stm32f10x_i2c.o(.text)
    I2C_DMALastTransferCmd                   0x08001913   Thumb Code    24  stm32f10x_i2c.o(.text)
    I2C_GenerateSTART                        0x0800192b   Thumb Code    24  stm32f10x_i2c.o(.text)
    I2C_GenerateSTOP                         0x08001943   Thumb Code    24  stm32f10x_i2c.o(.text)
    I2C_AcknowledgeConfig                    0x0800195b   Thumb Code    24  stm32f10x_i2c.o(.text)
    I2C_OwnAddress2Config                    0x08001973   Thumb Code    22  stm32f10x_i2c.o(.text)
    I2C_DualAddressCmd                       0x08001989   Thumb Code    24  stm32f10x_i2c.o(.text)
    I2C_GeneralCallCmd                       0x080019a1   Thumb Code    24  stm32f10x_i2c.o(.text)
    I2C_ITConfig                             0x080019b9   Thumb Code    18  stm32f10x_i2c.o(.text)
    I2C_SendData                             0x080019cb   Thumb Code     4  stm32f10x_i2c.o(.text)
    I2C_ReceiveData                          0x080019cf   Thumb Code     8  stm32f10x_i2c.o(.text)
    I2C_Send7bitAddress                      0x080019d7   Thumb Code    18  stm32f10x_i2c.o(.text)
    I2C_ReadRegister                         0x080019e9   Thumb Code    22  stm32f10x_i2c.o(.text)
    I2C_SoftwareResetCmd                     0x080019ff   Thumb Code    22  stm32f10x_i2c.o(.text)
    I2C_NACKPositionConfig                   0x08001a15   Thumb Code    28  stm32f10x_i2c.o(.text)
    I2C_SMBusAlertConfig                     0x08001a31   Thumb Code    28  stm32f10x_i2c.o(.text)
    I2C_TransmitPEC                          0x08001a4d   Thumb Code    24  stm32f10x_i2c.o(.text)
    I2C_PECPositionConfig                    0x08001a65   Thumb Code    28  stm32f10x_i2c.o(.text)
    I2C_CalculatePEC                         0x08001a81   Thumb Code    24  stm32f10x_i2c.o(.text)
    I2C_GetPEC                               0x08001a99   Thumb Code     8  stm32f10x_i2c.o(.text)
    I2C_ARPCmd                               0x08001aa1   Thumb Code    24  stm32f10x_i2c.o(.text)
    I2C_StretchClockCmd                      0x08001ab9   Thumb Code    24  stm32f10x_i2c.o(.text)
    I2C_FastModeDutyCycleConfig              0x08001ad1   Thumb Code    28  stm32f10x_i2c.o(.text)
    I2C_CheckEvent                           0x08001aed   Thumb Code    42  stm32f10x_i2c.o(.text)
    I2C_GetLastEvent                         0x08001b17   Thumb Code    26  stm32f10x_i2c.o(.text)
    I2C_GetFlagStatus                        0x08001b31   Thumb Code    58  stm32f10x_i2c.o(.text)
    I2C_ClearFlag                            0x08001b6b   Thumb Code    12  stm32f10x_i2c.o(.text)
    I2C_GetITStatus                          0x08001b77   Thumb Code    54  stm32f10x_i2c.o(.text)
    I2C_ClearITPendingBit                    0x08001bad   Thumb Code    12  stm32f10x_i2c.o(.text)
    TIM_DeInit                               0x08001bb9   Thumb Code   424  stm32f10x_tim.o(.text)
    TIM_TimeBaseInit                         0x08001d61   Thumb Code   122  stm32f10x_tim.o(.text)
    TIM_OC1Init                              0x08001ddb   Thumb Code   132  stm32f10x_tim.o(.text)
    TIM_OC2Init                              0x08001e5f   Thumb Code   154  stm32f10x_tim.o(.text)
    TIM_OC3Init                              0x08001ef9   Thumb Code   150  stm32f10x_tim.o(.text)
    TIM_OC4Init                              0x08001f8f   Thumb Code   182  stm32f10x_tim.o(.text)
    TIM_SetIC4Prescaler                      0x08002045   Thumb Code    26  stm32f10x_tim.o(.text)
    TIM_SetIC3Prescaler                      0x080020e1   Thumb Code    18  stm32f10x_tim.o(.text)
    TIM_SetIC2Prescaler                      0x0800216d   Thumb Code    26  stm32f10x_tim.o(.text)
    TIM_SetIC1Prescaler                      0x08002209   Thumb Code    18  stm32f10x_tim.o(.text)
    TIM_ICInit                               0x08002287   Thumb Code   150  stm32f10x_tim.o(.text)
    TIM_PWMIConfig                           0x0800231d   Thumb Code   124  stm32f10x_tim.o(.text)
    TIM_BDTRConfig                           0x08002399   Thumb Code    32  stm32f10x_tim.o(.text)
    TIM_TimeBaseStructInit                   0x080023b9   Thumb Code    18  stm32f10x_tim.o(.text)
    TIM_OCStructInit                         0x080023cb   Thumb Code    20  stm32f10x_tim.o(.text)
    TIM_ICStructInit                         0x080023df   Thumb Code    18  stm32f10x_tim.o(.text)
    TIM_BDTRStructInit                       0x080023f1   Thumb Code    40  stm32f10x_tim.o(.text)
    TIM_Cmd                                  0x08002419   Thumb Code    24  stm32f10x_tim.o(.text)
    TIM_CtrlPWMOutputs                       0x08002431   Thumb Code    30  stm32f10x_tim.o(.text)
    TIM_ITConfig                             0x0800244f   Thumb Code    18  stm32f10x_tim.o(.text)
    TIM_GenerateEvent                        0x08002461   Thumb Code     4  stm32f10x_tim.o(.text)
    TIM_DMAConfig                            0x08002465   Thumb Code    10  stm32f10x_tim.o(.text)
    TIM_DMACmd                               0x0800246f   Thumb Code    18  stm32f10x_tim.o(.text)
    TIM_InternalClockConfig                  0x08002481   Thumb Code    12  stm32f10x_tim.o(.text)
    TIM_SelectInputTrigger                   0x0800248d   Thumb Code    18  stm32f10x_tim.o(.text)
    TIM_ITRxExternalClockConfig              0x0800249f   Thumb Code    24  stm32f10x_tim.o(.text)
    TIM_TIxExternalClockConfig               0x080024b7   Thumb Code    62  stm32f10x_tim.o(.text)
    TIM_ETRConfig                            0x080024f5   Thumb Code    28  stm32f10x_tim.o(.text)
    TIM_ETRClockMode1Config                  0x08002511   Thumb Code    54  stm32f10x_tim.o(.text)
    TIM_ETRClockMode2Config                  0x08002547   Thumb Code    32  stm32f10x_tim.o(.text)
    TIM_PrescalerConfig                      0x08002567   Thumb Code     6  stm32f10x_tim.o(.text)
    TIM_CounterModeConfig                    0x0800256d   Thumb Code    18  stm32f10x_tim.o(.text)
    TIM_EncoderInterfaceConfig               0x0800257f   Thumb Code    66  stm32f10x_tim.o(.text)
    TIM_ForcedOC1Config                      0x080025c1   Thumb Code    18  stm32f10x_tim.o(.text)
    TIM_ForcedOC2Config                      0x080025d3   Thumb Code    26  stm32f10x_tim.o(.text)
    TIM_ForcedOC3Config                      0x080025ed   Thumb Code    18  stm32f10x_tim.o(.text)
    TIM_ForcedOC4Config                      0x080025ff   Thumb Code    26  stm32f10x_tim.o(.text)
    TIM_ARRPreloadConfig                     0x08002619   Thumb Code    24  stm32f10x_tim.o(.text)
    TIM_SelectCOM                            0x08002631   Thumb Code    24  stm32f10x_tim.o(.text)
    TIM_SelectCCDMA                          0x08002649   Thumb Code    24  stm32f10x_tim.o(.text)
    TIM_CCPreloadControl                     0x08002661   Thumb Code    24  stm32f10x_tim.o(.text)
    TIM_OC1PreloadConfig                     0x08002679   Thumb Code    18  stm32f10x_tim.o(.text)
    TIM_OC2PreloadConfig                     0x0800268b   Thumb Code    26  stm32f10x_tim.o(.text)
    TIM_OC3PreloadConfig                     0x080026a5   Thumb Code    18  stm32f10x_tim.o(.text)
    TIM_OC4PreloadConfig                     0x080026b7   Thumb Code    26  stm32f10x_tim.o(.text)
    TIM_OC1FastConfig                        0x080026d1   Thumb Code    18  stm32f10x_tim.o(.text)
    TIM_OC2FastConfig                        0x080026e3   Thumb Code    26  stm32f10x_tim.o(.text)
    TIM_OC3FastConfig                        0x080026fd   Thumb Code    18  stm32f10x_tim.o(.text)
    TIM_OC4FastConfig                        0x0800270f   Thumb Code    26  stm32f10x_tim.o(.text)
    TIM_ClearOC1Ref                          0x08002729   Thumb Code    18  stm32f10x_tim.o(.text)
    TIM_ClearOC2Ref                          0x0800273b   Thumb Code    24  stm32f10x_tim.o(.text)
    TIM_ClearOC3Ref                          0x08002753   Thumb Code    18  stm32f10x_tim.o(.text)
    TIM_ClearOC4Ref                          0x08002765   Thumb Code    24  stm32f10x_tim.o(.text)
    TIM_OC1PolarityConfig                    0x0800277d   Thumb Code    18  stm32f10x_tim.o(.text)
    TIM_OC1NPolarityConfig                   0x0800278f   Thumb Code    18  stm32f10x_tim.o(.text)
    TIM_OC2PolarityConfig                    0x080027a1   Thumb Code    26  stm32f10x_tim.o(.text)
    TIM_OC2NPolarityConfig                   0x080027bb   Thumb Code    26  stm32f10x_tim.o(.text)
    TIM_OC3PolarityConfig                    0x080027d5   Thumb Code    26  stm32f10x_tim.o(.text)
    TIM_OC3NPolarityConfig                   0x080027ef   Thumb Code    26  stm32f10x_tim.o(.text)
    TIM_OC4PolarityConfig                    0x08002809   Thumb Code    26  stm32f10x_tim.o(.text)
    TIM_CCxCmd                               0x08002823   Thumb Code    30  stm32f10x_tim.o(.text)
    TIM_CCxNCmd                              0x08002841   Thumb Code    30  stm32f10x_tim.o(.text)
    TIM_SelectOCxM                           0x0800285f   Thumb Code    82  stm32f10x_tim.o(.text)
    TIM_UpdateDisableConfig                  0x080028b1   Thumb Code    24  stm32f10x_tim.o(.text)
    TIM_UpdateRequestConfig                  0x080028c9   Thumb Code    24  stm32f10x_tim.o(.text)
    TIM_SelectHallSensor                     0x080028e1   Thumb Code    24  stm32f10x_tim.o(.text)
    TIM_SelectOnePulseMode                   0x080028f9   Thumb Code    18  stm32f10x_tim.o(.text)
    TIM_SelectOutputTrigger                  0x0800290b   Thumb Code    18  stm32f10x_tim.o(.text)
    TIM_SelectSlaveMode                      0x0800291d   Thumb Code    18  stm32f10x_tim.o(.text)
    TIM_SelectMasterSlaveMode                0x0800292f   Thumb Code    18  stm32f10x_tim.o(.text)
    TIM_SetCounter                           0x08002941   Thumb Code     4  stm32f10x_tim.o(.text)
    TIM_SetAutoreload                        0x08002945   Thumb Code     4  stm32f10x_tim.o(.text)
    TIM_SetCompare1                          0x08002949   Thumb Code     4  stm32f10x_tim.o(.text)
    TIM_SetCompare2                          0x0800294d   Thumb Code     4  stm32f10x_tim.o(.text)
    TIM_SetCompare3                          0x08002951   Thumb Code     4  stm32f10x_tim.o(.text)
    TIM_SetCompare4                          0x08002955   Thumb Code     6  stm32f10x_tim.o(.text)
    TIM_SetClockDivision                     0x0800295b   Thumb Code    18  stm32f10x_tim.o(.text)
    TIM_GetCapture1                          0x0800296d   Thumb Code     6  stm32f10x_tim.o(.text)
    TIM_GetCapture2                          0x08002973   Thumb Code     6  stm32f10x_tim.o(.text)
    TIM_GetCapture3                          0x08002979   Thumb Code     6  stm32f10x_tim.o(.text)
    TIM_GetCapture4                          0x0800297f   Thumb Code     8  stm32f10x_tim.o(.text)
    TIM_GetCounter                           0x08002987   Thumb Code     6  stm32f10x_tim.o(.text)
    TIM_GetPrescaler                         0x0800298d   Thumb Code     6  stm32f10x_tim.o(.text)
    TIM_GetFlagStatus                        0x08002993   Thumb Code    18  stm32f10x_tim.o(.text)
    TIM_ClearFlag                            0x080029a5   Thumb Code     6  stm32f10x_tim.o(.text)
    TIM_GetITStatus                          0x080029ab   Thumb Code    34  stm32f10x_tim.o(.text)
    TIM_ClearITPendingBit                    0x080029cd   Thumb Code     6  stm32f10x_tim.o(.text)
    SystemInit                               0x08002ab3   Thumb Code    78  system_stm32f10x.o(.text)
    SystemCoreClockUpdate                    0x08002b01   Thumb Code   142  system_stm32f10x.o(.text)
    initPID                                  0x08002bb5   Thumb Code    70  pid.o(.text)
    updatePID                                0x08002bfb   Thumb Code   362  pid.o(.text)
    setPIDintegralError                      0x08002d65   Thumb Code    14  pid.o(.text)
    zeroPIDintegralError                     0x08002d73   Thumb Code    24  pid.o(.text)
    setPIDstates                             0x08002d8b   Thumb Code    38  pid.o(.text)
    zeroPIDstates                            0x08002db1   Thumb Code    24  pid.o(.text)
    autoPan                                  0x08002dd9   Thumb Code   156  computemotorcommands.o(.text)
    computeMotorCommands                     0x08002e75   Thumb Code   628  computemotorcommands.o(.text)
    readEEPROM                               0x08003129   Thumb Code   160  config.o(.text)
    writeEEPROM                              0x080031c9   Thumb Code    66  config.o(.text)
    checkFirstTime                           0x0800320b   Thumb Code   484  config.o(.text)
    initOrientation                          0x08003441   Thumb Code   272  evvgccf.o(.text)
    getOrientation                           0x08003551   Thumb Code   312  evvgccf.o(.text)
    initSinArray                             0x080036a9   Thumb Code    80  fasttrig.o(.text)
    fastSin                                  0x080036f9   Thumb Code   140  fasttrig.o(.text)
    initFirstOrderFilter                     0x08003791   Thumb Code  1112  firstorderfilter.o(.text)
    firstOrderFilter                         0x08003be9   Thumb Code    64  firstorderfilter.o(.text)
    calculateAccConfidence                   0x08003c2d   Thumb Code   146  margahrs.o(.text)
    MargAHRSinit                             0x08003cbf   Thumb Code   600  margahrs.o(.text)
    MargAHRSupdate                           0x08003f17   Thumb Code  2718  margahrs.o(.text)
    processPointingCommands                  0x080049d1   Thumb Code  1132  pointingcommands.o(.text)
    NMI_Handler                              0x08004e4d   Thumb Code     2  stm32_it.o(.text)
    HardFault_Handler                        0x08004e4f   Thumb Code    10  stm32_it.o(.text)
    MemManage_Handler                        0x08004e59   Thumb Code    10  stm32_it.o(.text)
    BusFault_Handler                         0x08004e63   Thumb Code    10  stm32_it.o(.text)
    UsageFault_Handler                       0x08004e6d   Thumb Code    10  stm32_it.o(.text)
    SVC_Handler                              0x08004e77   Thumb Code     2  stm32_it.o(.text)
    DebugMon_Handler                         0x08004e79   Thumb Code     2  stm32_it.o(.text)
    PendSV_Handler                           0x08004e7b   Thumb Code     2  stm32_it.o(.text)
    USB_LP_CAN1_RX0_IRQHandler               0x08004e7d   Thumb Code     8  stm32_it.o(.text)
    USBWakeUp_IRQHandler                     0x08004e85   Thumb Code    12  stm32_it.o(.text)
    constrain                                0x08004efd   Thumb Code    40  utilities.o(.text)
    matrixMultiply                           0x08004f25   Thumb Code   132  utilities.o(.text)
    Round                                    0x08004fa9   Thumb Code    38  utilities.o(.text)
    _sbrk                                    0x08004fcf   Thumb Code    42  utilities.o(.text)
    sphereFit                                0x08004ff9   Thumb Code  2608  utilities.o(.text)
    standardRadianFormat                     0x08005a29   Thumb Code    48  utilities.o(.text)
    stringToFloat                            0x08005a59   Thumb Code   492  utilities.o(.text)
    printUSART                               0x08005c69   Thumb Code    38  drv_cli.o(.text)
    printDirect                              0x08005c8f   Thumb Code    38  drv_cli.o(.text)
    usbOverrun                               0x08005cb5   Thumb Code     6  drv_cli.o(.text)
    USBPushTXData                            0x08005cbb   Thumb Code    82  drv_cli.o(.text)
    USBPushTX                                0x08005d0d   Thumb Code    18  drv_cli.o(.text)
    EP1_IN_Callback                          0x08005d1f   Thumb Code    14  drv_cli.o(.text)
    cliInit                                  0x08005d2d   Thumb Code    40  drv_cli.o(.text)
    cliPrint                                 0x08005d55   Thumb Code    28  drv_cli.o(.text)
    cliAvailable                             0x08005d71   Thumb Code     6  drv_cli.o(.text)
    cliRead                                  0x08005d77   Thumb Code    30  drv_cli.o(.text)
    cliPrintF                                0x08005d95   Thumb Code    50  drv_cli.o(.text)
    usbDsbISR                                0x08005dc7   Thumb Code     2  drv_cli.o(.text)
    getChar                                  0x08005dc9   Thumb Code    52  drv_cli.o(.text)
    gpioInit                                 0x08005e21   Thumb Code    80  drv_gpio.o(.text)
    i2cInit                                  0x08005f21   Thumb Code   164  drv_i2c.o(.text)
    I2C1_ER_IRQHandler                       0x08006075   Thumb Code     8  drv_i2c.o(.text)
    I2C1_EV_IRQHandler                       0x0800645f   Thumb Code     8  drv_i2c.o(.text)
    I2C2_ER_IRQHandler                       0x08006467   Thumb Code     8  drv_i2c.o(.text)
    I2C2_EV_IRQHandler                       0x0800646f   Thumb Code     8  drv_i2c.o(.text)
    i2cWriteBuffer                           0x08006477   Thumb Code   208  drv_i2c.o(.text)
    i2cWrite                                 0x08006547   Thumb Code    20  drv_i2c.o(.text)
    i2cRead                                  0x0800655b   Thumb Code   174  drv_i2c.o(.text)
    i2cGetErrorCounter                       0x08006609   Thumb Code     6  drv_i2c.o(.text)
    updateCounter                            0x08006645   Thumb Code    48  drv_pwmmotors.o(.text)
    TIM8_UP_IRQHandler                       0x08006695   Thumb Code   138  drv_pwmmotors.o(.text)
    TIM1_UP_IRQHandler                       0x0800671f   Thumb Code   138  drv_pwmmotors.o(.text)
    TIM5_IRQHandler                          0x080067a9   Thumb Code   204  drv_pwmmotors.o(.text)
    setPWMFastTable                          0x0800699d   Thumb Code   328  drv_pwmmotors.o(.text)
    setPWM                                   0x08006ae5   Thumb Code    20  drv_pwmmotors.o(.text)
    setPWMData                               0x08006af9   Thumb Code    46  drv_pwmmotors.o(.text)
    limitYawPWM                              0x08006b27   Thumb Code    70  drv_pwmmotors.o(.text)
    activateIRQ                              0x08006b6d   Thumb Code    46  drv_pwmmotors.o(.text)
    setRollMotor                             0x08006b9b   Thumb Code    40  drv_pwmmotors.o(.text)
    setPitchMotor                            0x08006bc3   Thumb Code    40  drv_pwmmotors.o(.text)
    setYawMotor                              0x08006beb   Thumb Code    46  drv_pwmmotors.o(.text)
    forceMotorUpdate                         0x08006c19   Thumb Code    22  drv_pwmmotors.o(.text)
    pwmMotorDriverInit                       0x08006c2f   Thumb Code   470  drv_pwmmotors.o(.text)
    rcInit                                   0x08006e49   Thumb Code   202  drv_rc.o(.text)
    EXTI3_IRQHandler                         0x08006f13   Thumb Code    88  drv_rc.o(.text)
    EXTI4_IRQHandler                         0x08006f6b   Thumb Code    88  drv_rc.o(.text)
    EXTI9_5_IRQHandler                       0x08006fc3   Thumb Code    88  drv_rc.o(.text)
    rxRead                                   0x0800701b   Thumb Code    36  drv_rc.o(.text)
    micros                                   0x080070bb   Thumb Code    52  drv_system.o(.text)
    SysTick_Handler                          0x080070ef   Thumb Code   270  drv_system.o(.text)
    millis                                   0x080071fd   Thumb Code     6  drv_system.o(.text)
    BKPInit                                  0x08007203   Thumb Code    14  drv_system.o(.text)
    delayMicroseconds                        0x08007211   Thumb Code    54  drv_system.o(.text)
    delay                                    0x08007247   Thumb Code    24  drv_system.o(.text)
    systemInit                               0x0800725f   Thumb Code   324  drv_system.o(.text)
    BKPRead                                  0x080073a3   Thumb Code    40  drv_system.o(.text)
    BKPWrite                                 0x080073cb   Thumb Code    36  drv_system.o(.text)
    reboot                                   0x080073ef   Thumb Code    14  drv_system.o(.text)
    bootloader                               0x080073fd   Thumb Code    14  drv_system.o(.text)
    _init                                    0x0800740b   Thumb Code     2  drv_system.o(.text)
    timingFunctionsInit                      0x080075f1   Thumb Code    50  drv_timingfunctions.o(.text)
    InitUart4BufferIRQ                       0x08007629   Thumb Code    42  drv_usart.o(.text)
    UART4EnableTxInterrupt                   0x08007653   Thumb Code    16  drv_usart.o(.text)
    InitUart4Buffer                          0x08007663   Thumb Code    22  drv_usart.o(.text)
    Usart4Init                               0x08007679   Thumb Code   156  drv_usart.o(.text)
    USART_GetChar                            0x08007715   Thumb Code    10  drv_usart.o(.text)
    USART_Peek                               0x0800771f   Thumb Code    10  drv_usart.o(.text)
    USART_Available                          0x08007729   Thumb Code    10  drv_usart.o(.text)
    USART_Flush                              0x08007733   Thumb Code    16  drv_usart.o(.text)
    USART_PutCharDirect                      0x08007743   Thumb Code    22  drv_usart.o(.text)
    USART_PutChar                            0x08007759   Thumb Code    16  drv_usart.o(.text)
    USART_PutStringDirect                    0x08007769   Thumb Code    22  drv_usart.o(.text)
    USART_PutString                          0x0800777f   Thumb Code    56  drv_usart.o(.text)
    UART4_IRQHandler                         0x080077b7   Thumb Code   178  drv_usart.o(.text)
    RingBufferInit                           0x08007881   Thumb Code    14  ringbuffer.o(.text)
    RingBufferSize                           0x0800788f   Thumb Code     8  ringbuffer.o(.text)
    RingBufferFillLevel                      0x08007897   Thumb Code    34  ringbuffer.o(.text)
    RingBufferPut                            0x080078b9   Thumb Code   108  ringbuffer.o(.text)
    RingBufferPutBlock                       0x08007925   Thumb Code   192  ringbuffer.o(.text)
    RingBufferGet                            0x080079e5   Thumb Code    56  ringbuffer.o(.text)
    RingBufferPeek                           0x08007a1d   Thumb Code    28  ringbuffer.o(.text)
    computeMPU6050TCBias                     0x08007a39   Thumb Code   202  mpu6050.o(.text)
    readMPU6050                              0x08007b03   Thumb Code   234  mpu6050.o(.text)
    computeMPU6050RTData                     0x08007bed   Thumb Code   534  mpu6050.o(.text)
    initMPU6050                              0x08007e03   Thumb Code   156  mpu6050.o(.text)
    orientIMU                                0x08007e9f   Thumb Code   330  mpu6050.o(.text)
    readStringCLI                            0x08007ff1   Thumb Code    74  cli.o(.text)
    readFloatCLI                             0x0800803b   Thumb Code    88  cli.o(.text)
    readCliPID                               0x08008093   Thumb Code    70  cli.o(.text)
    disableGimbal                            0x080080d9   Thumb Code    68  cli.o(.text)
    enableGimbal                             0x0800811d   Thumb Code    42  cli.o(.text)
    cliCom                                   0x08008147   Thumb Code  6504  cli.o(.text)
    sensorCLI                                0x08009dd1   Thumb Code   840  clisensor.o(.text)
    mpu6050Calibration                       0x0800a3b5   Thumb Code  1610  mpu6050calibration.o(.text)
    Set_System                               0x0800aa2d   Thumb Code   122  hw_config.o(.text)
    Set_USBClock                             0x0800aaa7   Thumb Code    18  hw_config.o(.text)
    Enter_LowPowerMode                       0x0800aab9   Thumb Code     8  hw_config.o(.text)
    Leave_LowPowerMode                       0x0800aac1   Thumb Code    28  hw_config.o(.text)
    USB_Interrupts_Config                    0x0800aadd   Thumb Code    60  hw_config.o(.text)
    Get_SerialNum                            0x0800ab57   Thumb Code    42  hw_config.o(.text)
    CDC_Send_DATA                            0x0800ab81   Thumb Code    42  hw_config.o(.text)
    CDC_Receive_DATA                         0x0800abab   Thumb Code    96  hw_config.o(.text)
    usbIsConfigured                          0x0800ac0b   Thumb Code    16  hw_config.o(.text)
    usbIsConnected                           0x0800ac1b   Thumb Code    14  hw_config.o(.text)
    SetVCPConnectMode                        0x0800ac29   Thumb Code    22  hw_config.o(.text)
    ERR_Callback                             0x0800ac3f   Thumb Code    14  hw_config.o(.text)
    GetVCPConnectMode                        0x0800ac4d   Thumb Code     6  hw_config.o(.text)
    EP3_OUT_Callback                         0x0800ac91   Thumb Code    30  usb_endp.o(.text)
    USB_Istr                                 0x0800acbd   Thumb Code   154  usb_istr.o(.text)
    Virtual_Com_Port_init                    0x0800ad6d   Thumb Code    30  usb_prop.o(.text)
    Virtual_Com_Port_Reset                   0x0800ad8b   Thumb Code   224  usb_prop.o(.text)
    Virtual_Com_Port_SetConfiguration        0x0800ae6b   Thumb Code    14  usb_prop.o(.text)
    Virtual_Com_Port_SetDeviceAddress        0x0800ae79   Thumb Code     8  usb_prop.o(.text)
    Virtual_Com_Port_Status_In               0x0800ae81   Thumb Code    16  usb_prop.o(.text)
    Virtual_Com_Port_Status_Out              0x0800ae91   Thumb Code     2  usb_prop.o(.text)
    Virtual_Com_Port_SetLineCoding           0x0800ae93   Thumb Code    20  usb_prop.o(.text)
    Virtual_Com_Port_GetLineCoding           0x0800aea7   Thumb Code    20  usb_prop.o(.text)
    Virtual_Com_Port_Data_Setup              0x0800aebb   Thumb Code    92  usb_prop.o(.text)
    Virtual_Com_Port_NoData_Setup            0x0800af17   Thumb Code    44  usb_prop.o(.text)
    Virtual_Com_Port_GetDeviceDescriptor     0x0800af43   Thumb Code    14  usb_prop.o(.text)
    Virtual_Com_Port_GetConfigDescriptor     0x0800af51   Thumb Code    34  usb_prop.o(.text)
    Virtual_Com_Port_GetStringDescriptor     0x0800af73   Thumb Code    32  usb_prop.o(.text)
    Virtual_Com_Port_Get_Interface_Setting   0x0800af93   Thumb Code    22  usb_prop.o(.text)
    PowerOn                                  0x0800afd5   Thumb Code    46  usb_pwr.o(.text)
    PowerOff                                 0x0800b003   Thumb Code    22  usb_pwr.o(.text)
    Suspend                                  0x0800b019   Thumb Code   240  usb_pwr.o(.text)
    Resume_Init                              0x0800b109   Thumb Code    30  usb_pwr.o(.text)
    Resume                                   0x0800b127   Thumb Code   194  usb_pwr.o(.text)
    Standard_GetConfiguration                0x0800b209   Thumb Code    34  usb_core.o(.text)
    Standard_SetConfiguration                0x0800b22b   Thumb Code    60  usb_core.o(.text)
    Standard_GetInterface                    0x0800b267   Thumb Code    34  usb_core.o(.text)
    Standard_SetInterface                    0x0800b289   Thumb Code    96  usb_core.o(.text)
    Standard_GetStatus                       0x0800b2e9   Thumb Code   238  usb_core.o(.text)
    Standard_ClearFeature                    0x0800b3d7   Thumb Code   342  usb_core.o(.text)
    Standard_SetEndPointFeature              0x0800b52d   Thumb Code   220  usb_core.o(.text)
    Standard_SetDeviceFeature                0x0800b609   Thumb Code    30  usb_core.o(.text)
    Standard_GetDescriptorData               0x0800b627   Thumb Code    32  usb_core.o(.text)
    Post0_Process                            0x0800bb5b   Thumb Code    54  usb_core.o(.text)
    Setup0_Process                           0x0800bb91   Thumb Code   170  usb_core.o(.text)
    SetDeviceAddress                         0x0800bc3b   Thumb Code    70  usb_core.o(.text)
    In0_Process                              0x0800bc81   Thumb Code    98  usb_core.o(.text)
    Out0_Process                             0x0800bce3   Thumb Code    70  usb_core.o(.text)
    NOP_Process                              0x0800bd29   Thumb Code     2  usb_core.o(.text)
    USB_Init                                 0x0800bd59   Thumb Code    36  usb_init.o(.text)
    CTR_LP                                   0x0800bd95   Thumb Code   616  usb_int.o(.text)
    CTR_HP                                   0x0800bffd   Thumb Code   178  usb_int.o(.text)
    UserToPMABufferCopy                      0x0800c0d1   Thumb Code    52  usb_mem.o(.text)
    PMAToUserBufferCopy                      0x0800c105   Thumb Code    34  usb_mem.o(.text)
    SetCNTR                                  0x0800c12d   Thumb Code     6  usb_regs.o(.text)
    GetCNTR                                  0x0800c133   Thumb Code     8  usb_regs.o(.text)
    SetISTR                                  0x0800c13b   Thumb Code     8  usb_regs.o(.text)
    GetISTR                                  0x0800c143   Thumb Code    10  usb_regs.o(.text)
    GetFNR                                   0x0800c14d   Thumb Code    10  usb_regs.o(.text)
    SetDADDR                                 0x0800c157   Thumb Code     8  usb_regs.o(.text)
    GetDADDR                                 0x0800c15f   Thumb Code    10  usb_regs.o(.text)
    SetBTABLE                                0x0800c169   Thumb Code    14  usb_regs.o(.text)
    GetBTABLE                                0x0800c177   Thumb Code    10  usb_regs.o(.text)
    SetENDPOINT                              0x0800c181   Thumb Code    12  usb_regs.o(.text)
    GetENDPOINT                              0x0800c18d   Thumb Code    16  usb_regs.o(.text)
    SetEPType                                0x0800c19d   Thumb Code    32  usb_regs.o(.text)
    GetEPType                                0x0800c1bd   Thumb Code    18  usb_regs.o(.text)
    SetEPTxStatus                            0x0800c1cf   Thumb Code    60  usb_regs.o(.text)
    SetEPRxStatus                            0x0800c20b   Thumb Code    60  usb_regs.o(.text)
    SetDouBleBuffEPStall                     0x0800c247   Thumb Code    54  usb_regs.o(.text)
    GetEPTxStatus                            0x0800c27d   Thumb Code    18  usb_regs.o(.text)
    GetEPRxStatus                            0x0800c28f   Thumb Code    18  usb_regs.o(.text)
    SetEPTxValid                             0x0800c2a1   Thumb Code    48  usb_regs.o(.text)
    SetEPRxValid                             0x0800c2d1   Thumb Code    48  usb_regs.o(.text)
    SetEP_KIND                               0x0800c301   Thumb Code    38  usb_regs.o(.text)
    ClearEP_KIND                             0x0800c327   Thumb Code    34  usb_regs.o(.text)
    Clear_Status_Out                         0x0800c349   Thumb Code    34  usb_regs.o(.text)
    Set_Status_Out                           0x0800c36b   Thumb Code    38  usb_regs.o(.text)
    SetEPDoubleBuff                          0x0800c391   Thumb Code    38  usb_regs.o(.text)
    ClearEPDoubleBuff                        0x0800c3b7   Thumb Code    34  usb_regs.o(.text)
    GetTxStallStatus                         0x0800c3d9   Thumb Code    28  usb_regs.o(.text)
    GetRxStallStatus                         0x0800c3f5   Thumb Code    30  usb_regs.o(.text)
    ClearEP_CTR_RX                           0x0800c413   Thumb Code    32  usb_regs.o(.text)
    ClearEP_CTR_TX                           0x0800c433   Thumb Code    28  usb_regs.o(.text)
    ToggleDTOG_RX                            0x0800c44f   Thumb Code    34  usb_regs.o(.text)
    ToggleDTOG_TX                            0x0800c471   Thumb Code    34  usb_regs.o(.text)
    ClearDTOG_RX                             0x0800c493   Thumb Code    48  usb_regs.o(.text)
    ClearDTOG_TX                             0x0800c4c3   Thumb Code    48  usb_regs.o(.text)
    SetEPAddress                             0x0800c4f3   Thumb Code    46  usb_regs.o(.text)
    GetEPAddress                             0x0800c521   Thumb Code    18  usb_regs.o(.text)
    SetEPTxAddr                              0x0800c533   Thumb Code    24  usb_regs.o(.text)
    SetEPRxAddr                              0x0800c54b   Thumb Code    26  usb_regs.o(.text)
    GetEPTxAddr                              0x0800c565   Thumb Code    22  usb_regs.o(.text)
    GetEPRxAddr                              0x0800c57b   Thumb Code    24  usb_regs.o(.text)
    SetEPTxCount                             0x0800c593   Thumb Code    20  usb_regs.o(.text)
    SetEPCountRxReg                          0x0800c5a7   Thumb Code    48  usb_regs.o(.text)
    SetEPRxCount                             0x0800c5d7   Thumb Code    68  usb_regs.o(.text)
    GetEPTxCount                             0x0800c61b   Thumb Code    26  usb_regs.o(.text)
    GetEPRxCount                             0x0800c635   Thumb Code    26  usb_regs.o(.text)
    SetEPDblBuffAddr                         0x0800c64f   Thumb Code    44  usb_regs.o(.text)
    SetEPDblBuf0Addr                         0x0800c67b   Thumb Code    24  usb_regs.o(.text)
    SetEPDblBuf1Addr                         0x0800c693   Thumb Code    26  usb_regs.o(.text)
    GetEPDblBuf0Addr                         0x0800c6ad   Thumb Code    22  usb_regs.o(.text)
    GetEPDblBuf1Addr                         0x0800c6c3   Thumb Code    24  usb_regs.o(.text)
    SetEPDblBuffCount                        0x0800c6db   Thumb Code   186  usb_regs.o(.text)
    SetEPDblBuf0Count                        0x0800c795   Thumb Code    96  usb_regs.o(.text)
    SetEPDblBuf1Count                        0x0800c7f5   Thumb Code    96  usb_regs.o(.text)
    GetEPDblBuf0Count                        0x0800c855   Thumb Code    26  usb_regs.o(.text)
    GetEPDblBuf1Count                        0x0800c86f   Thumb Code    26  usb_regs.o(.text)
    GetEPDblBufDir                           0x0800c889   Thumb Code    62  usb_regs.o(.text)
    FreeUserBuffer                           0x0800c8c7   Thumb Code    90  usb_regs.o(.text)
    ToWord                                   0x0800c921   Thumb Code     8  usb_regs.o(.text)
    ByteSwap                                 0x0800c929   Thumb Code    12  usb_regs.o(.text)
    USB_SIL_Init                             0x0800c935   Thumb Code    28  usb_sil.o(.text)
    USB_SIL_Write                            0x0800c951   Thumb Code    46  usb_sil.o(.text)
    USB_SIL_Read                             0x0800c97f   Thumb Code    46  usb_sil.o(.text)
    __aeabi_memcpy                           0x0800c9b5   Thumb Code    36  memcpya.o(.text)
    __aeabi_memcpy4                          0x0800c9b5   Thumb Code     0  memcpya.o(.text)
    __aeabi_memcpy8                          0x0800c9b5   Thumb Code     0  memcpya.o(.text)
    __aeabi_memset                           0x0800c9d9   Thumb Code    14  memseta.o(.text)
    __aeabi_memset4                          0x0800c9d9   Thumb Code     0  memseta.o(.text)
    __aeabi_memset8                          0x0800c9d9   Thumb Code     0  memseta.o(.text)
    __aeabi_memclr                           0x0800c9e7   Thumb Code     4  memseta.o(.text)
    __aeabi_memclr4                          0x0800c9e7   Thumb Code     0  memseta.o(.text)
    __aeabi_memclr8                          0x0800c9e7   Thumb Code     0  memseta.o(.text)
    _memset$wrapper                          0x0800c9eb   Thumb Code    18  memseta.o(.text)
    strlen                                   0x0800c9fd   Thumb Code    14  strlen.o(.text)
    __aeabi_fadd                             0x0800ca0b   Thumb Code   164  fadd.o(.text)
    __aeabi_fsub                             0x0800caaf   Thumb Code     6  fadd.o(.text)
    __aeabi_frsub                            0x0800cab5   Thumb Code     6  fadd.o(.text)
    __aeabi_fmul                             0x0800cabb   Thumb Code   100  fmul.o(.text)
    __aeabi_fdiv                             0x0800cb1f   Thumb Code   124  fdiv.o(.text)
    __aeabi_dadd                             0x0800cb9b   Thumb Code   322  dadd.o(.text)
    __aeabi_dsub                             0x0800ccdd   Thumb Code     6  dadd.o(.text)
    __aeabi_drsub                            0x0800cce3   Thumb Code     6  dadd.o(.text)
    __aeabi_dmul                             0x0800cce9   Thumb Code   228  dmul.o(.text)
    __aeabi_ddiv                             0x0800cdcd   Thumb Code   222  ddiv.o(.text)
    __aeabi_i2f                              0x0800ceab   Thumb Code    18  fflti.o(.text)
    __aeabi_ui2f                             0x0800cebd   Thumb Code    10  ffltui.o(.text)
    __aeabi_i2d                              0x0800cec7   Thumb Code    34  dflti.o(.text)
    __aeabi_f2iz                             0x0800cee9   Thumb Code    50  ffixi.o(.text)
    __aeabi_f2uiz                            0x0800cf1b   Thumb Code    40  ffixui.o(.text)
    __aeabi_f2d                              0x0800cf43   Thumb Code    38  f2d.o(.text)
    __aeabi_d2f                              0x0800cf69   Thumb Code    56  d2f.o(.text)
    __aeabi_cfcmpeq                          0x0800cfa1   Thumb Code     0  cfcmple.o(.text)
    __aeabi_cfcmple                          0x0800cfa1   Thumb Code    20  cfcmple.o(.text)
    __aeabi_cfrcmple                         0x0800cfb5   Thumb Code    20  cfrcmple.o(.text)
    __aeabi_uidiv                            0x0800cfc9   Thumb Code     0  uidiv.o(.text)
    __aeabi_uidivmod                         0x0800cfc9   Thumb Code    44  uidiv.o(.text)
    __aeabi_uldivmod                         0x0800cff5   Thumb Code    98  uldiv.o(.text)
    __aeabi_llsl                             0x0800d057   Thumb Code    30  llshl.o(.text)
    _ll_shift_l                              0x0800d057   Thumb Code     0  llshl.o(.text)
    __aeabi_lasr                             0x0800d075   Thumb Code    36  llsshr.o(.text)
    _ll_sshift_r                             0x0800d075   Thumb Code     0  llsshr.o(.text)
    __I$use$fp                               0x0800d099   Thumb Code     0  iusefp.o(.text)
    _float_round                             0x0800d099   Thumb Code    18  fepilogue.o(.text)
    _float_epilogue                          0x0800d0ab   Thumb Code    92  fepilogue.o(.text)
    __ARM_scalbnf                            0x0800d107   Thumb Code    24  fscalb.o(.text)
    scalbnf                                  0x0800d107   Thumb Code     0  fscalb.o(.text)
    _frnd                                    0x0800d11f   Thumb Code    60  frnd.o(.text)
    _double_round                            0x0800d15b   Thumb Code    30  depilogue.o(.text)
    _double_epilogue                         0x0800d179   Thumb Code   156  depilogue.o(.text)
    _dsqrt                                   0x0800d215   Thumb Code   162  dsqrt.o(.text)
    _drnd                                    0x0800d2b9   Thumb Code   132  drnd.o(.text)
    __aeabi_d2ulz                            0x0800d341   Thumb Code    48  dfixul.o(.text)
    __aeabi_cdcmpeq                          0x0800d371   Thumb Code     0  cdcmple.o(.text)
    __aeabi_cdcmple                          0x0800d371   Thumb Code    48  cdcmple.o(.text)
    __aeabi_cdrcmple                         0x0800d3a1   Thumb Code    48  cdrcmple.o(.text)
    __scatterload                            0x0800d3d1   Thumb Code    28  init.o(.text)
    __scatterload_rt2                        0x0800d3d1   Thumb Code     0  init.o(.text)
    __aeabi_llsr                             0x0800d3f5   Thumb Code    32  llushr.o(.text)
    _ll_ushift_r                             0x0800d3f5   Thumb Code     0  llushr.o(.text)
    _fsqrt                                   0x0800d415   Thumb Code    94  fsqrt.o(.text)
    __ARM_scalbn                             0x0800d473   Thumb Code    46  dscalb.o(.text)
    scalbn                                   0x0800d473   Thumb Code     0  dscalb.o(.text)
    __decompress                             0x0800d4a1   Thumb Code     0  __dczerorl2.o(.text)
    __decompress1                            0x0800d4a1   Thumb Code    86  __dczerorl2.o(.text)
    __0vsnprintf                             0x0800d4f9   Thumb Code    40  printfa.o(i.__0vsnprintf)
    __1vsnprintf                             0x0800d4f9   Thumb Code     0  printfa.o(i.__0vsnprintf)
    __2vsnprintf                             0x0800d4f9   Thumb Code     0  printfa.o(i.__0vsnprintf)
    __c89vsnprintf                           0x0800d4f9   Thumb Code     0  printfa.o(i.__0vsnprintf)
    vsnprintf                                0x0800d4f9   Thumb Code     0  printfa.o(i.__0vsnprintf)
    __ARM_fpclassify                         0x0800d525   Thumb Code    40  fpclassify.o(i.__ARM_fpclassify)
    __ARM_fpclassifyf                        0x0800d54d   Thumb Code    38  fpclassifyf.o(i.__ARM_fpclassifyf)
    __aeabi_errno_addr                       0x0800d575   Thumb Code     4  errno.o(i.__aeabi_errno_addr)
    __rt_errno_addr                          0x0800d575   Thumb Code     0  errno.o(i.__aeabi_errno_addr)
    __kernel_poly                            0x0800d57d   Thumb Code   170  poly.o(i.__kernel_poly)
    __mathlib_dbl_infnan                     0x0800d627   Thumb Code     6  dunder.o(i.__mathlib_dbl_infnan)
    __mathlib_dbl_infnan2                    0x0800d62d   Thumb Code     4  dunder.o(i.__mathlib_dbl_infnan2)
    __mathlib_dbl_underflow                  0x0800d631   Thumb Code    10  dunder.o(i.__mathlib_dbl_underflow)
    __mathlib_flt_infnan                     0x0800d641   Thumb Code     6  funder.o(i.__mathlib_flt_infnan)
    __mathlib_flt_infnan2                    0x0800d647   Thumb Code     4  funder.o(i.__mathlib_flt_infnan2)
    __mathlib_flt_invalid                    0x0800d64b   Thumb Code     8  funder.o(i.__mathlib_flt_invalid)
    __mathlib_flt_underflow                  0x0800d653   Thumb Code    10  funder.o(i.__mathlib_flt_underflow)
    __mathlib_rredf2                         0x0800d65d   Thumb Code   344  rredf.o(i.__mathlib_rredf2)
    __scatterload_copy                       0x0800d7c5   Thumb Code    14  handlers.o(i.__scatterload_copy)
    __scatterload_null                       0x0800d7d3   Thumb Code     2  handlers.o(i.__scatterload_null)
    __scatterload_zeroinit                   0x0800d7d5   Thumb Code    14  handlers.o(i.__scatterload_zeroinit)
    __set_errno                              0x0800d7e5   Thumb Code     6  errno.o(i.__set_errno)
    asinf                                    0x0800e0b9   Thumb Code   254  asinf.o(i.asinf)
    atan                                     0x0800e1dd   Thumb Code   474  atan.o(i.atan)
    atan2                                    0x0800e3fd   Thumb Code   346  atan2.o(i.atan2)
    atan2f                                   0x0800e57d   Thumb Code   528  atan2f.o(i.atan2f)
    cosf                                     0x0800e7d9   Thumb Code   328  cosf.o(i.cosf)
    round                                    0x0800e955   Thumb Code   136  round.o(i.round)
    sinf                                     0x0800e9e9   Thumb Code   338  sinf.o(i.sinf)
    sqrt                                     0x0800eb71   Thumb Code    76  sqrt.o(i.sqrt)
    sqrtf                                    0x0800ebbd   Thumb Code    44  sqrtf.o(i.sqrtf)
    Virtual_Com_Port_DeviceDescriptor        0x0800ebe8   Data          18  usb_desc.o(.constdata)
    Virtual_Com_Port_ConfigDescriptor        0x0800ebfa   Data          67  usb_desc.o(.constdata)
    Virtual_Com_Port_StringLangID            0x0800ec3d   Data           4  usb_desc.o(.constdata)
    Virtual_Com_Port_StringVendor            0x0800ec41   Data          38  usb_desc.o(.constdata)
    Virtual_Com_Port_StringProduct           0x0800ec67   Data          50  usb_desc.o(.constdata)
    __mathlib_zero                           0x0800ed38   Data           8  qnan.o(.constdata)
    Region$$Table$$Base                      0x0800f5b0   Number         0  anon$$obj.o(Region$$Table)
    Region$$Table$$Limit                     0x0800f5d0   Number         0  anon$$obj.o(Region$$Table)
    testPhase                                0x20000000   Data           4  main.o(.data)
    testPhaseDelta                           0x20000004   Data           4  main.o(.data)
    timerValue                               0x20000008   Data           2  main.o(.data)
    SystemCoreClock                          0x20000020   Data           4  system_stm32f10x.o(.data)
    AHBPrescTable                            0x20000024   Data          16  system_stm32f10x.o(.data)
    holdIntegrators                          0x20000034   Data           1  pid.o(.data)
    mechanical2electricalDegrees             0x2000003c   Data          12  computemotorcommands.o(.data)
    electrical2mechanicalDegrees             0x20000048   Data          12  computemotorcommands.o(.data)
    yawCmd                                   0x20000054   Data           4  computemotorcommands.o(.data)
    centerPoint                              0x20000058   Data           4  computemotorcommands.o(.data)
    stepSmooth                               0x2000005c   Data           4  computemotorcommands.o(.data)
    step                                     0x20000060   Data           4  computemotorcommands.o(.data)
    exAcc                                    0x20000068   Data           4  margahrs.o(.data)
    eyAcc                                    0x2000006c   Data           4  margahrs.o(.data)
    ezAcc                                    0x20000070   Data           4  margahrs.o(.data)
    exAccInt                                 0x20000074   Data           4  margahrs.o(.data)
    eyAccInt                                 0x20000078   Data           4  margahrs.o(.data)
    ezAccInt                                 0x2000007c   Data           4  margahrs.o(.data)
    exMag                                    0x20000080   Data           4  margahrs.o(.data)
    eyMag                                    0x20000084   Data           4  margahrs.o(.data)
    ezMag                                    0x20000088   Data           4  margahrs.o(.data)
    exMagInt                                 0x2000008c   Data           4  margahrs.o(.data)
    eyMagInt                                 0x20000090   Data           4  margahrs.o(.data)
    ezMagInt                                 0x20000094   Data           4  margahrs.o(.data)
    kpAcc                                    0x20000098   Data           4  margahrs.o(.data)
    kiAcc                                    0x2000009c   Data           4  margahrs.o(.data)
    q0                                       0x200000a0   Data           4  margahrs.o(.data)
    q1                                       0x200000a4   Data           4  margahrs.o(.data)
    q2                                       0x200000a8   Data           4  margahrs.o(.data)
    q3                                       0x200000ac   Data           4  margahrs.o(.data)
    q0q0                                     0x200000b0   Data           4  margahrs.o(.data)
    q0q1                                     0x200000b4   Data           4  margahrs.o(.data)
    q0q2                                     0x200000b8   Data           4  margahrs.o(.data)
    q0q3                                     0x200000bc   Data           4  margahrs.o(.data)
    q1q1                                     0x200000c0   Data           4  margahrs.o(.data)
    q1q2                                     0x200000c4   Data           4  margahrs.o(.data)
    q1q3                                     0x200000c8   Data           4  margahrs.o(.data)
    q2q2                                     0x200000cc   Data           4  margahrs.o(.data)
    q2q3                                     0x200000d0   Data           4  margahrs.o(.data)
    q3q3                                     0x200000d4   Data           4  margahrs.o(.data)
    halfT                                    0x200000d8   Data           4  margahrs.o(.data)
    MargAHRSinitialized                      0x200000dc   Data           1  margahrs.o(.data)
    accConfidenceDecay                       0x200000e0   Data           4  margahrs.o(.data)
    accConfidence                            0x200000e4   Data           4  margahrs.o(.data)
    commandInDetent                          0x200000ec   Data           3  pointingcommands.o(.data)
    previousCommandInDetent                  0x200000ef   Data           3  pointingcommands.o(.data)
    __irq_nesting_counter                    0x20000118   Data           4  drv_irq.o(.data)
    timer1timer8deadTimeRegister             0x20000120   Data           4  drv_pwmmotors.o(.data)
    timer4timer5deadTimeDelay                0x20000124   Data           4  drv_pwmmotors.o(.data)
    oddEvenFrame                             0x20000128   Data           1  drv_pwmmotors.o(.data)
    rcActive                                 0x20000130   Data           1  drv_rc.o(.data)
    frameCounter                             0x20000144   Data           2  drv_system.o(.data)
    frame_500Hz                              0x20000146   Data           1  drv_system.o(.data)
    frame_100Hz                              0x20000147   Data           1  drv_system.o(.data)
    frame_50Hz                               0x20000148   Data           1  drv_system.o(.data)
    frame_10Hz                               0x20000149   Data           1  drv_system.o(.data)
    frame_5Hz                                0x2000014a   Data           1  drv_system.o(.data)
    frame_1Hz                                0x2000014b   Data           1  drv_system.o(.data)
    deltaTime1000Hz                          0x2000014c   Data           4  drv_system.o(.data)
    executionTime1000Hz                      0x20000150   Data           4  drv_system.o(.data)
    previous1000HzTime                       0x20000154   Data           4  drv_system.o(.data)
    deltaTime500Hz                           0x20000158   Data           4  drv_system.o(.data)
    executionTime500Hz                       0x2000015c   Data           4  drv_system.o(.data)
    previous500HzTime                        0x20000160   Data           4  drv_system.o(.data)
    deltaTime100Hz                           0x20000164   Data           4  drv_system.o(.data)
    executionTime100Hz                       0x20000168   Data           4  drv_system.o(.data)
    previous100HzTime                        0x2000016c   Data           4  drv_system.o(.data)
    deltaTime50Hz                            0x20000170   Data           4  drv_system.o(.data)
    executionTime50Hz                        0x20000174   Data           4  drv_system.o(.data)
    previous50HzTime                         0x20000178   Data           4  drv_system.o(.data)
    deltaTime10Hz                            0x2000017c   Data           4  drv_system.o(.data)
    executionTime10Hz                        0x20000180   Data           4  drv_system.o(.data)
    previous10HzTime                         0x20000184   Data           4  drv_system.o(.data)
    deltaTime5Hz                             0x20000188   Data           4  drv_system.o(.data)
    executionTime5Hz                         0x2000018c   Data           4  drv_system.o(.data)
    previous5HzTime                          0x20000190   Data           4  drv_system.o(.data)
    deltaTime1Hz                             0x20000194   Data           4  drv_system.o(.data)
    executionTime1Hz                         0x20000198   Data           4  drv_system.o(.data)
    previous1HzTime                          0x2000019c   Data           4  drv_system.o(.data)
    dt500Hz                                  0x200001a0   Data           4  drv_system.o(.data)
    systemReady                              0x200001a4   Data           1  drv_system.o(.data)
    IrqCntUart4                              0x200001a8   Data           4  drv_usart.o(.data)
    rawMag                                   0x200001ac   Data           6  hmc5883.o(.data)
    magDataUpdate                            0x200001b2   Data           1  hmc5883.o(.data)
    newMagData                               0x200001b3   Data           1  hmc5883.o(.data)
    accelOneG                                0x200001b4   Data           4  mpu6050.o(.data)
    accelData500Hz                           0x200001b8   Data           6  mpu6050.o(.data)
    rawAccel                                 0x200001be   Data           6  mpu6050.o(.data)
    gyroData500Hz                            0x200001c4   Data           6  mpu6050.o(.data)
    rawGyro                                  0x200001ca   Data           6  mpu6050.o(.data)
    mpu6050Calibrating                       0x200001d0   Data           1  mpu6050.o(.data)
    mpu6050Temperature                       0x200001d4   Data           4  mpu6050.o(.data)
    rawMPU6050Temperature                    0x200001d8   Data           2  mpu6050.o(.data)
    cliBusy                                  0x200001da   Data           1  cli.o(.data)
    gimbalStateEnabled                       0x200001dd   Data           1  cli.o(.data)
    savedRollState                           0x200001de   Data           1  cli.o(.data)
    savedPitchState                          0x200001df   Data           1  cli.o(.data)
    savedYawState                            0x200001e0   Data           1  cli.o(.data)
    HSEStartUpStatus                         0x200001e5   Data           1  hw_config.o(.data)
    EXTI_InitStructure                       0x200001e8   Data           8  hw_config.o(.data)
    packetSent                               0x200001f0   Data           4  hw_config.o(.data)
    sendLength                               0x200001f4   Data           4  hw_config.o(.data)
    Virtual_Com_Port_StringSerial            0x200001f9   Data          26  usb_desc.o(.data)
    receiveLength                            0x20000214   Data           4  usb_endp.o(.data)
    wIstr                                    0x20000218   Data           2  usb_istr.o(.data)
    bIntPackSOF                              0x2000021a   Data           1  usb_istr.o(.data)
    esof_counter                             0x2000021c   Data           4  usb_istr.o(.data)
    wCNTR                                    0x20000220   Data           4  usb_istr.o(.data)
    pEpInt_IN                                0x20000224   Data          28  usb_istr.o(.data)
    pEpInt_OUT                               0x20000240   Data          28  usb_istr.o(.data)
    Request                                  0x20000260   Data           1  usb_prop.o(.data)
    linecoding                               0x20000264   Data           8  usb_prop.o(.data)
    Device_Table                             0x2000026c   Data           2  usb_prop.o(.data)
    Device_Property                          0x20000270   Data          48  usb_prop.o(.data)
    User_Standard_Requests                   0x200002a0   Data          36  usb_prop.o(.data)
    Device_Descriptor                        0x200002c4   Data           8  usb_prop.o(.data)
    Config_Descriptor                        0x200002cc   Data           8  usb_prop.o(.data)
    String_Descriptor                        0x200002d4   Data          32  usb_prop.o(.data)
    bDeviceState                             0x200002f4   Data           4  usb_pwr.o(.data)
    fSuspendEnabled                          0x200002f8   Data           1  usb_pwr.o(.data)
    ResumeS                                  0x200002f9   Data           2  usb_pwr.o(.data)
    remotewakeupon                           0x200002fc   Data           4  usb_pwr.o(.data)
    StatusInfo                               0x20000300   Data           2  usb_core.o(.data)
    Data_Mul_MaxPacketSize                   0x20000302   Data           1  usb_core.o(.data)
    EPindex                                  0x20000304   Data           1  usb_init.o(.data)
    pInformation                             0x20000308   Data           4  usb_init.o(.data)
    pProperty                                0x2000030c   Data           4  usb_init.o(.data)
    SaveState                                0x20000310   Data           2  usb_init.o(.data)
    wInterrupt_Mask                          0x20000312   Data           2  usb_init.o(.data)
    pUser_Standard_Requests                  0x20000314   Data           4  usb_init.o(.data)
    SaveRState                               0x20000318   Data           2  usb_int.o(.data)
    SaveTState                               0x2000031a   Data           2  usb_int.o(.data)
    eepromConfig                             0x20000320   Data         324  main.o(.bss)
    sensors                                  0x20000464   Data          60  main.o(.bss)
    outputRate                               0x200004a0   Data          12  computemotorcommands.o(.bss)
    pidCmd                                   0x200004ac   Data          12  computemotorcommands.o(.bss)
    pidCmdPrev                               0x200004b8   Data          12  computemotorcommands.o(.bss)
    accAngleSmooth                           0x200004c4   Data          12  evvgccf.o(.bss)
    sinDataI16                               0x200004d0   Data        2048  fasttrig.o(.bss)
    firstOrderFilters                        0x20000cd0   Data         180  firstorderfilter.o(.bss)
    pointingCmd                              0x20000d84   Data          12  pointingcommands.o(.bss)
    rxCommand                                0x20000d90   Data          12  pointingcommands.o(.bss)
    RingBufferUSBTX                          0x20000d9c   Data        1040  drv_cli.o(.bss)
    maxCnt                                   0x200011d0   Data          12  drv_pwmmotors.o(.bss)
    minCnt                                   0x200011dc   Data          12  drv_pwmmotors.o(.bss)
    irqCnt                                   0x200011e8   Data          12  drv_pwmmotors.o(.bss)
    accelTCBias                              0x20001a14   Data          12  mpu6050.o(.bss)
    gyroRTBias                               0x20001a20   Data          12  mpu6050.o(.bss)
    gyroTCBias                               0x20001a2c   Data          12  mpu6050.o(.bss)
    orientationMatrix                        0x20001a38   Data          18  mpu6050.o(.bss)
    receiveBuffer                            0x20001a4a   Data          64  hw_config.o(.bss)
    EP                                       0x20001a8c   Data          32  usb_pwr.o(.bss)
    Device_Info                              0x20001aac   Data          28  usb_init.o(.bss)
    __initial_sp                             0x20001ec8   Data           0  startup_stm32f10x_hd.o(STACK)



==============================================================================

Memory Map of the image

  Image Entry point : 0x08000131

  Load Region LR_IROM1 (Base: 0x08000000, Size: 0x0000f8f0, Max: 0x00080000, ABSOLUTE, COMPRESSED[0x0000f69c])

    Execution Region ER_IROM1 (Base: 0x08000000, Size: 0x0000f5d0, Max: 0x00080000, ABSOLUTE)

    Base Addr    Size         Type   Attr      Idx    E Section Name        Object

    0x08000000   0x00000130   Data   RO            3    RESET               startup_stm32f10x_hd.o
    0x08000130   0x00000000   Code   RO         1334  * .ARM.Collect$$$$00000000  mc_w.l(entry.o)
    0x08000130   0x00000004   Code   RO         1462    .ARM.Collect$$$$00000001  mc_w.l(entry2.o)
    0x08000134   0x00000004   Code   RO         1465    .ARM.Collect$$$$00000004  mc_w.l(entry5.o)
    0x08000138   0x00000000   Code   RO         1467    .ARM.Collect$$$$00000008  mc_w.l(entry7b.o)
    0x08000138   0x00000000   Code   RO         1469    .ARM.Collect$$$$0000000A  mc_w.l(entry8b.o)
    0x08000138   0x00000008   Code   RO         1470    .ARM.Collect$$$$0000000B  mc_w.l(entry9a.o)
    0x08000140   0x00000000   Code   RO         1472    .ARM.Collect$$$$0000000D  mc_w.l(entry10a.o)
    0x08000140   0x00000000   Code   RO         1474    .ARM.Collect$$$$0000000F  mc_w.l(entry11a.o)
    0x08000140   0x00000004   Code   RO         1463    .ARM.Collect$$$$00002712  mc_w.l(entry2.o)
    0x08000144   0x00000020   Code   RO          567    .emb_text           core_cm3.o
    0x08000164   0x00000024   Code   RO            4    .text               startup_stm32f10x_hd.o
    0x08000188   0x00000370   Code   RO           10    .text               main.o
    0x080004f8   0x000003a4   Code   RO          289    .text               stm32f10x_rcc.o
    0x0800089c   0x0000035c   Code   RO          303    .text               stm32f10x_gpio.o
    0x08000bf8   0x00000408   Code   RO          315    .text               stm32f10x_usart.o
    0x08001000   0x000000dc   Code   RO          327    .text               misc.o
    0x080010dc   0x0000011c   Code   RO          435    .text               stm32f10x_exti.o
    0x080011f8   0x000005bc   Code   RO          447    .text               stm32f10x_flash.o
    0x080017b4   0x00000404   Code   RO          471    .text               stm32f10x_i2c.o
    0x08001bb8   0x00000e1a   Code   RO          543    .text               stm32f10x_tim.o
    0x080029d2   0x00000002   PAD
    0x080029d4   0x000001e0   Code   RO          577    .text               system_stm32f10x.o
    0x08002bb4   0x00000224   Code   RO          595    .text               pid.o
    0x08002dd8   0x00000350   Code   RO          629    .text               computemotorcommands.o
    0x08003128   0x00000318   Code   RO          661    .text               config.o
    0x08003440   0x00000268   Code   RO          675    .text               evvgccf.o
    0x080036a8   0x000000e8   Code   RO          697    .text               fasttrig.o
    0x08003790   0x0000049c   Code   RO          715    .text               firstorderfilter.o
    0x08003c2c   0x00000da4   Code   RO          733    .text               margahrs.o
    0x080049d0   0x0000047c   Code   RO          748    .text               pointingcommands.o
    0x08004e4c   0x000000b0   Code   RO          767    .text               stm32_it.o
    0x08004efc   0x00000d6c   Code   RO          792    .text               utilities.o
    0x08005c68   0x000001b8   Code   RO          805    .text               drv_cli.o
    0x08005e20   0x00000054   Code   RO          825    .text               drv_gpio.o
    0x08005e74   0x000007d0   Code   RO          837    .text               drv_i2c.o
    0x08006644   0x00000804   Code   RO          858    .text               drv_pwmmotors.o
    0x08006e48   0x00000240   Code   RO          882    .text               drv_rc.o
    0x08007088   0x00000568   Code   RO          904    .text               drv_system.o
    0x080075f0   0x00000038   Code   RO          926    .text               drv_timingfunctions.o
    0x08007628   0x00000258   Code   RO          938    .text               drv_usart.o
    0x08007880   0x000001b8   Code   RO          954    .text               ringbuffer.o
    0x08007a38   0x000005b8   Code   RO          985    .text               mpu6050.o
    0x08007ff0   0x00001de0   Code   RO         1004    .text               cli.o
    0x08009dd0   0x000005e4   Code   RO         1022    .text               clisensor.o
    0x0800a3b4   0x00000678   Code   RO         1051    .text               mpu6050calibration.o
    0x0800aa2c   0x0000025c   Code   RO         1063    .text               hw_config.o
    0x0800ac88   0x00000034   Code   RO         1099    .text               usb_endp.o
    0x0800acbc   0x000000b0   Code   RO         1126    .text               usb_istr.o
    0x0800ad6c   0x00000268   Code   RO         1144    .text               usb_prop.o
    0x0800afd4   0x00000234   Code   RO         1167    .text               usb_pwr.o
    0x0800b208   0x00000b50   Code   RO         1186    .text               usb_core.o
    0x0800bd58   0x0000003c   Code   RO         1201    .text               usb_init.o
    0x0800bd94   0x0000033c   Code   RO         1224    .text               usb_int.o
    0x0800c0d0   0x0000005c   Code   RO         1248    .text               usb_mem.o
    0x0800c12c   0x00000808   Code   RO         1260    .text               usb_regs.o
    0x0800c934   0x00000080   Code   RO         1272    .text               usb_sil.o
    0x0800c9b4   0x00000024   Code   RO         1337    .text               mc_w.l(memcpya.o)
    0x0800c9d8   0x00000024   Code   RO         1339    .text               mc_w.l(memseta.o)
    0x0800c9fc   0x0000000e   Code   RO         1341    .text               mc_w.l(strlen.o)
    0x0800ca0a   0x000000b0   Code   RO         1380    .text               mf_w.l(fadd.o)
    0x0800caba   0x00000064   Code   RO         1382    .text               mf_w.l(fmul.o)
    0x0800cb1e   0x0000007c   Code   RO         1384    .text               mf_w.l(fdiv.o)
    0x0800cb9a   0x0000014e   Code   RO         1386    .text               mf_w.l(dadd.o)
    0x0800cce8   0x000000e4   Code   RO         1388    .text               mf_w.l(dmul.o)
    0x0800cdcc   0x000000de   Code   RO         1390    .text               mf_w.l(ddiv.o)
    0x0800ceaa   0x00000012   Code   RO         1392    .text               mf_w.l(fflti.o)
    0x0800cebc   0x0000000a   Code   RO         1394    .text               mf_w.l(ffltui.o)
    0x0800cec6   0x00000022   Code   RO         1396    .text               mf_w.l(dflti.o)
    0x0800cee8   0x00000032   Code   RO         1398    .text               mf_w.l(ffixi.o)
    0x0800cf1a   0x00000028   Code   RO         1400    .text               mf_w.l(ffixui.o)
    0x0800cf42   0x00000026   Code   RO         1402    .text               mf_w.l(f2d.o)
    0x0800cf68   0x00000038   Code   RO         1404    .text               mf_w.l(d2f.o)
    0x0800cfa0   0x00000014   Code   RO         1406    .text               mf_w.l(cfcmple.o)
    0x0800cfb4   0x00000014   Code   RO         1408    .text               mf_w.l(cfrcmple.o)
    0x0800cfc8   0x0000002c   Code   RO         1479    .text               mc_w.l(uidiv.o)
    0x0800cff4   0x00000062   Code   RO         1481    .text               mc_w.l(uldiv.o)
    0x0800d056   0x0000001e   Code   RO         1483    .text               mc_w.l(llshl.o)
    0x0800d074   0x00000024   Code   RO         1485    .text               mc_w.l(llsshr.o)
    0x0800d098   0x00000000   Code   RO         1487    .text               mc_w.l(iusefp.o)
    0x0800d098   0x0000006e   Code   RO         1488    .text               mf_w.l(fepilogue.o)
    0x0800d106   0x00000018   Code   RO         1490    .text               mf_w.l(fscalb.o)
    0x0800d11e   0x0000003c   Code   RO         1492    .text               mf_w.l(frnd.o)
    0x0800d15a   0x000000ba   Code   RO         1494    .text               mf_w.l(depilogue.o)
    0x0800d214   0x000000a2   Code   RO         1496    .text               mf_w.l(dsqrt.o)
    0x0800d2b6   0x00000002   PAD
    0x0800d2b8   0x00000088   Code   RO         1498    .text               mf_w.l(drnd.o)
    0x0800d340   0x00000030   Code   RO         1500    .text               mf_w.l(dfixul.o)
    0x0800d370   0x00000030   Code   RO         1502    .text               mf_w.l(cdcmple.o)
    0x0800d3a0   0x00000030   Code   RO         1504    .text               mf_w.l(cdrcmple.o)
    0x0800d3d0   0x00000024   Code   RO         1510    .text               mc_w.l(init.o)
    0x0800d3f4   0x00000020   Code   RO         1513    .text               mc_w.l(llushr.o)
    0x0800d414   0x0000005e   Code   RO         1516    .text               mf_w.l(fsqrt.o)
    0x0800d472   0x0000002e   Code   RO         1518    .text               mf_w.l(dscalb.o)
    0x0800d4a0   0x00000056   Code   RO         1528    .text               mc_w.l(__dczerorl2.o)
    0x0800d4f6   0x00000002   PAD
    0x0800d4f8   0x0000002c   Code   RO         1351    i.__0vsnprintf      mc_w.l(printfa.o)
    0x0800d524   0x00000028   Code   RO         1506    i.__ARM_fpclassify  m_ws.l(fpclassify.o)
    0x0800d54c   0x00000026   Code   RO         1434    i.__ARM_fpclassifyf  m_ws.l(fpclassifyf.o)
    0x0800d572   0x00000002   PAD
    0x0800d574   0x00000008   Code   RO         1373    i.__aeabi_errno_addr  mc_w.l(errno.o)
    0x0800d57c   0x000000aa   Code   RO         1508    i.__kernel_poly     m_ws.l(poly.o)
    0x0800d626   0x00000006   Code   RO         1421    i.__mathlib_dbl_infnan  m_ws.l(dunder.o)
    0x0800d62c   0x00000004   Code   RO         1422    i.__mathlib_dbl_infnan2  m_ws.l(dunder.o)
    0x0800d630   0x00000010   Code   RO         1426    i.__mathlib_dbl_underflow  m_ws.l(dunder.o)
    0x0800d640   0x00000006   Code   RO         1437    i.__mathlib_flt_infnan  m_ws.l(funder.o)
    0x0800d646   0x00000004   Code   RO         1438    i.__mathlib_flt_infnan2  m_ws.l(funder.o)
    0x0800d64a   0x00000008   Code   RO         1439    i.__mathlib_flt_invalid  m_ws.l(funder.o)
    0x0800d652   0x0000000a   Code   RO         1442    i.__mathlib_flt_underflow  m_ws.l(funder.o)
    0x0800d65c   0x00000168   Code   RO         1451    i.__mathlib_rredf2  m_ws.l(rredf.o)
    0x0800d7c4   0x0000000e   Code   RO         1522    i.__scatterload_copy  mc_w.l(handlers.o)
    0x0800d7d2   0x00000002   Code   RO         1523    i.__scatterload_null  mc_w.l(handlers.o)
    0x0800d7d4   0x0000000e   Code   RO         1524    i.__scatterload_zeroinit  mc_w.l(handlers.o)
    0x0800d7e2   0x00000002   PAD
    0x0800d7e4   0x0000000c   Code   RO         1375    i.__set_errno       mc_w.l(errno.o)
    0x0800d7f0   0x00000184   Code   RO         1353    i._fp_digits        mc_w.l(printfa.o)
    0x0800d974   0x000006dc   Code   RO         1354    i._printf_core      mc_w.l(printfa.o)
    0x0800e050   0x00000024   Code   RO         1355    i._printf_post_padding  mc_w.l(printfa.o)
    0x0800e074   0x0000002e   Code   RO         1356    i._printf_pre_padding  mc_w.l(printfa.o)
    0x0800e0a2   0x00000016   Code   RO         1357    i._snputc           mc_w.l(printfa.o)
    0x0800e0b8   0x00000124   Code   RO         1285    i.asinf             m_ws.l(asinf.o)
    0x0800e1dc   0x00000220   Code   RO         1411    i.atan              m_ws.l(atan.o)
    0x0800e3fc   0x00000180   Code   RO         1293    i.atan2             m_ws.l(atan2.o)
    0x0800e57c   0x0000025c   Code   RO         1301    i.atan2f            m_ws.l(atan2f.o)
    0x0800e7d8   0x0000017c   Code   RO         1309    i.cosf              m_ws.l(cosf.o)
    0x0800e954   0x00000094   Code   RO         1316    i.round             m_ws.l(round.o)
    0x0800e9e8   0x00000188   Code   RO         1319    i.sinf              m_ws.l(sinf.o)
    0x0800eb70   0x0000004c   Code   RO         1327    i.sqrt              m_ws.l(sqrt.o)
    0x0800ebbc   0x0000002c   Code   RO         1455    i.sqrtf             m_ws.l(sqrtf.o)
    0x0800ebe8   0x000000b1   Data   RO         1086    .constdata          usb_desc.o
    0x0800ec99   0x00000007   PAD
    0x0800eca0   0x00000098   Data   RO         1412    .constdata          m_ws.l(atan.o)
    0x0800ed38   0x00000008   Data   RO         1450    .constdata          m_ws.l(qnan.o)
    0x0800ed40   0x00000020   Data   RO         1452    .constdata          m_ws.l(rredf.o)
    0x0800ed60   0x00000637   Data   RO         1005    .conststring        cli.o
    0x0800f397   0x00000001   PAD
    0x0800f398   0x00000218   Data   RO         1023    .conststring        clisensor.o
    0x0800f5b0   0x00000020   Data   RO         1520    Region$$Table       anon$$obj.o


    Execution Region RW_IRAM1 (Base: 0x20000000, Size: 0x00001ec8, Max: 0x00010000, ABSOLUTE, COMPRESSED[0x000000cc])

    Base Addr    Size         Type   Attr      Idx    E Section Name        Object

    0x20000000   0x0000000a   Data   RW           12    .data               main.o
    0x2000000a   0x00000014   Data   RW          290    .data               stm32f10x_rcc.o
    0x2000001e   0x00000002   PAD
    0x20000020   0x00000014   Data   RW          578    .data               system_stm32f10x.o
    0x20000034   0x00000008   Data   RW          596    .data               pid.o
    0x2000003c   0x00000028   Data   RW          631    .data               computemotorcommands.o
    0x20000064   0x00000001   Data   RW          662    .data               config.o
    0x20000065   0x00000003   PAD
    0x20000068   0x00000084   Data   RW          734    .data               margahrs.o
    0x200000ec   0x00000006   Data   RW          750    .data               pointingcommands.o
    0x200000f2   0x00000002   PAD
    0x200000f4   0x00000004   Data   RW          793    .data               utilities.o
    0x200000f8   0x00000008   Data   RW          807    .data               drv_cli.o
    0x20000100   0x00000017   Data   RW          838    .data               drv_i2c.o
    0x20000117   0x00000001   PAD
    0x20000118   0x00000004   Data   RW          851    .data               drv_irq.o
    0x2000011c   0x0000000d   Data   RW          860    .data               drv_pwmmotors.o
    0x20000129   0x00000001   PAD
    0x2000012a   0x0000000e   Data   RW          883    .data               drv_rc.o
    0x20000138   0x0000006d   Data   RW          905    .data               drv_system.o
    0x200001a5   0x00000003   PAD
    0x200001a8   0x00000004   Data   RW          940    .data               drv_usart.o
    0x200001ac   0x00000008   Data   RW          968    .data               hmc5883.o
    0x200001b4   0x00000026   Data   RW          987    .data               mpu6050.o
    0x200001da   0x00000007   Data   RW         1006    .data               cli.o
    0x200001e1   0x00000003   PAD
    0x200001e4   0x00000015   Data   RW         1065    .data               hw_config.o
    0x200001f9   0x0000001a   Data   RW         1087    .data               usb_desc.o
    0x20000213   0x00000001   PAD
    0x20000214   0x00000004   Data   RW         1100    .data               usb_endp.o
    0x20000218   0x00000044   Data   RW         1127    .data               usb_istr.o
    0x2000025c   0x00000098   Data   RW         1145    .data               usb_prop.o
    0x200002f4   0x0000000c   Data   RW         1169    .data               usb_pwr.o
    0x20000300   0x00000003   Data   RW         1187    .data               usb_core.o
    0x20000303   0x00000001   PAD
    0x20000304   0x00000014   Data   RW         1203    .data               usb_init.o
    0x20000318   0x00000004   Data   RW         1225    .data               usb_int.o
    0x2000031c   0x00000004   Data   RW         1376    .data               mc_w.l(errno.o)
    0x20000320   0x00000180   Zero   RW           11    .bss                main.o
    0x200004a0   0x00000024   Zero   RW          630    .bss                computemotorcommands.o
    0x200004c4   0x0000000c   Zero   RW          676    .bss                evvgccf.o
    0x200004d0   0x00000800   Zero   RW          698    .bss                fasttrig.o
    0x20000cd0   0x000000b4   Zero   RW          716    .bss                firstorderfilter.o
    0x20000d84   0x00000018   Zero   RW          749    .bss                pointingcommands.o
    0x20000d9c   0x00000410   Zero   RW          806    .bss                drv_cli.o
    0x200011ac   0x00000048   Zero   RW          859    .bss                drv_pwmmotors.o
    0x200011f4   0x00000820   Zero   RW          939    .bss                drv_usart.o
    0x20001a14   0x00000036   Zero   RW          986    .bss                mpu6050.o
    0x20001a4a   0x00000040   Zero   RW         1064    .bss                hw_config.o
    0x20001a8a   0x00000002   PAD
    0x20001a8c   0x00000020   Zero   RW         1168    .bss                usb_pwr.o
    0x20001aac   0x0000001c   Zero   RW         1202    .bss                usb_init.o
    0x20001ac8   0x00000400   Zero   RW            1    STACK               startup_stm32f10x_hd.o


==============================================================================

Image component sizes


      Code (inc. data)   RO Data    RW Data    ZI Data      Debug   Object Name

      7648       3326       1591          7          0       3840   cli.o
      1508        668        536          0          0        924   clisensor.o
       848         64          0         40         36       4623   computemotorcommands.o
       792         82          0          1          0       1520   config.o
        32          0          0          0          0        556   core_cm3.o
       440         36          0          8       1040       3580   drv_cli.o
        84          4          0          0          0        535   drv_gpio.o
      2000        102          0         23          0       4737   drv_i2c.o
         0          0          0          4          0        296   drv_irq.o
      2052        142          0         13         72       8279   drv_pwmmotors.o
       576         52          0         14          0      17243   drv_rc.o
      1384        484          0        109          0      20501   drv_system.o
        56          6          0          0          0        570   drv_timingfunctions.o
       600         24          0          4       2080       3679   drv_usart.o
       616         32          0          0         12       1710   evvgccf.o
       232         12          0          0       2048       1440   fasttrig.o
      1180         24          0          0        180       2416   firstorderfilter.o
         0          0          0          8          0       1069   hmc5883.o
       604         54          0         21         64       5793   hw_config.o
       880        162          0         10        384     285684   main.o
      3492        296          0        132          0       4070   margahrs.o
       220         22          0          0          0       1817   misc.o
      1464         78          0         38         54       4448   mpu6050.o
      1656        330          0          0          0       1141   mpu6050calibration.o
       548         16          0          8          0       3026   pid.o
      1148         64          0          6         24       1698   pointingcommands.o
       440          0          0          0          0       2694   ringbuffer.o
        36          8        304          0       1024        864   startup_stm32f10x_hd.o
       176        108          0          0          0       1950   stm32_it.o
       284         10          0          0          0       2275   stm32f10x_exti.o
      1468         34          0          0          0       8230   stm32f10x_flash.o
       860         38          0          0          0       5753   stm32f10x_gpio.o
      1028         16          0          0          0       9247   stm32f10x_i2c.o
       932         36          0         20          0       8956   stm32f10x_rcc.o
      3610         88          0          0          0      22860   stm32f10x_tim.o
      1032         22          0          0          0       8476   stm32f10x_usart.o
       480         38          0         20          0       1895   system_stm32f10x.o
         0          0          0          0          0        564   usart1.o
      2896        114          0          3          0       8315   usb_core.o
         0          0        177         26          0       1143   usb_desc.o
        52         14          0          4          0       1411   usb_endp.o
        60         24          0         20         28       4362   usb_init.o
       828         34          0          4          0       2115   usb_int.o
       176         22          0         68          0       1459   usb_istr.o
        92          6          0          0          0       1554   usb_mem.o
       616         44          0        152          0       7651   usb_prop.o
       564         40          0         12         32       3091   usb_pwr.o
      2056         20          0          0          0      12133   usb_regs.o
       128          8          0          0          0       1618   usb_sil.o
      3436         40          0          4          0       4788   utilities.o

    ----------------------------------------------------------------------
     51312       6844       2648        796       7080     508599   Object Totals
         0          0         32          0          0          0   (incl. Generated)
         2          0          8         17          2          0   (incl. Padding)

    ----------------------------------------------------------------------

      Code (inc. data)   RO Data    RW Data    ZI Data      Debug   Library Member Name

       292         38          0          0          0        120   asinf.o
       544         70        152          0          0        124   atan.o
       384         38          0          0          0        144   atan2.o
       604         76          0          0          0        116   atan2f.o
       380         52          0          0          0        124   cosf.o
        26          6          0          0          0        204   dunder.o
        40          0          0          0          0         68   fpclassify.o
        38          0          0          0          0         68   fpclassifyf.o
        28          0          0          0          0        272   funder.o
       170          0          0          0          0         96   poly.o
         0          0          8          0          0          0   qnan.o
       148         12          0          0          0         88   round.o
       360         16         32          0          0         88   rredf.o
       392         54          0          0          0        124   sinf.o
        76          0          0          0          0         84   sqrt.o
        44          0          0          0          0         80   sqrtf.o
        86          0          0          0          0          0   __dczerorl2.o
         0          0          0          0          0          0   entry.o
         0          0          0          0          0          0   entry10a.o
         0          0          0          0          0          0   entry11a.o
         8          4          0          0          0          0   entry2.o
         4          0          0          0          0          0   entry5.o
         0          0          0          0          0          0   entry7b.o
         0          0          0          0          0          0   entry8b.o
         8          4          0          0          0          0   entry9a.o
        20         10          0          4          0        136   errno.o
        30          0          0          0          0          0   handlers.o
        36          8          0          0          0         68   init.o
         0          0          0          0          0          0   iusefp.o
        30          0          0          0          0         68   llshl.o
        36          0          0          0          0         68   llsshr.o
        32          0          0          0          0         68   llushr.o
        36          0          0          0          0         68   memcpya.o
        36          0          0          0          0        108   memseta.o
      2292         84          0          0          0        516   printfa.o
        14          0          0          0          0         68   strlen.o
        44          0          0          0          0         80   uidiv.o
        98          0          0          0          0         92   uldiv.o
        48          0          0          0          0         68   cdcmple.o
        48          0          0          0          0         68   cdrcmple.o
        20          0          0          0          0         68   cfcmple.o
        20          0          0          0          0         68   cfrcmple.o
        56          0          0          0          0         88   d2f.o
       334          0          0          0          0        148   dadd.o
       222          0          0          0          0        100   ddiv.o
       186          0          0          0          0        176   depilogue.o
        48          0          0          0          0         68   dfixul.o
        34          0          0          0          0         76   dflti.o
       228          0          0          0          0         96   dmul.o
       136          4          0          0          0         92   drnd.o
        46          0          0          0          0         80   dscalb.o
       162          0          0          0          0        100   dsqrt.o
        38          0          0          0          0         68   f2d.o
       176          0          0          0          0        140   fadd.o
       124          0          0          0          0         88   fdiv.o
       110          0          0          0          0        168   fepilogue.o
        50          0          0          0          0         68   ffixi.o
        40          0          0          0          0         68   ffixui.o
        18          0          0          0          0         68   fflti.o
        10          0          0          0          0         68   ffltui.o
       100          0          0          0          0         76   fmul.o
        60          0          0          0          0         76   frnd.o
        24          0          0          0          0         68   fscalb.o
        94          0          0          0          0         96   fsqrt.o

    ----------------------------------------------------------------------
      8776        476        192          4          0       5488   Library Totals
         8          0          0          0          0          0   (incl. Padding)

    ----------------------------------------------------------------------

      Code (inc. data)   RO Data    RW Data    ZI Data      Debug   Library Name

      3526        362        192          0          0       1800   m_ws.l
      2810        110          0          4          0       1340   mc_w.l
      2432          4          0          0          0       2348   mf_w.l

    ----------------------------------------------------------------------
      8776        476        192          4          0       5488   Library Totals

    ----------------------------------------------------------------------

==============================================================================


      Code (inc. data)   RO Data    RW Data    ZI Data      Debug   

     60088       7320       2840        800       7080     506831   Grand Totals
     60088       7320       2840        204       7080     506831   ELF Image Totals (compressed)
     60088       7320       2840        204          0          0   ROM Totals

==============================================================================

    Total RO  Size (Code + RO Data)                62928 (  61.45kB)
    Total RW  Size (RW Data + ZI Data)              7880 (   7.70kB)
    Total ROM Size (Code + RO Data + RW Data)      63132 (  61.65kB)

==============================================================================

