Component: ARM Compiler 5.06 update 4 (build 422) Tool: armlink [4d35d2]

==============================================================================

Section Cross References

    startup_stm32f10x_hd.o(RESET) refers to startup_stm32f10x_hd.o(STACK) for __initial_sp
    startup_stm32f10x_hd.o(RESET) refers to startup_stm32f10x_hd.o(.text) for Reset_Handler
    startup_stm32f10x_hd.o(RESET) refers to stm32_it.o(.text) for NMI_Handler
    startup_stm32f10x_hd.o(RESET) refers to drv_system.o(.text) for SysTick_Handler
    startup_stm32f10x_hd.o(RESET) refers to drv_rc.o(.text) for EXTI3_IRQHandler
    startup_stm32f10x_hd.o(RESET) refers to drv_pwmmotors.o(.text) for TIM2_IRQHandler
    startup_stm32f10x_hd.o(RESET) refers to drv_i2c.o(.text) for I2C1_EV_IRQHandler
    startup_stm32f10x_hd.o(RESET) refers to drv_usart.o(.text) for UART4_IRQHandler
    startup_stm32f10x_hd.o(.text) refers to system_stm32f10x.o(.text) for SystemInit
    startup_stm32f10x_hd.o(.text) refers to entry.o(.ARM.Collect$$$$00000000) for __main
    main.o(.text) refers to drv_system.o(.text) for systemInit
    main.o(.text) refers to evvgccf.o(.text) for initOrientation1
    main.o(.text) refers to cli.o(.text) for cliCom
    main.o(.text) refers to stm32f10x_tim.o(.text) for TIM_Cmd
    main.o(.text) refers to ffltui.o(.text) for __aeabi_ui2f
    main.o(.text) refers to fmul.o(.text) for __aeabi_fmul
    main.o(.text) refers to fflti.o(.text) for __aeabi_i2f
    main.o(.text) refers to fadd.o(.text) for __aeabi_fsub
    main.o(.text) refers to firstorderfilter.o(.text) for firstOrderFilter
    main.o(.text) refers to margahrs.o(.text) for MargAHRSupdate1
    main.o(.text) refers to stm32f10x_gpio.o(.text) for GPIO_ResetBits
    main.o(.text) refers to drv_i2c.o(.data) for I2Cx
    main.o(.text) refers to drv_system.o(.data) for systemReady
    main.o(.text) refers to hmc5883.o(.data) for newMagData
    main.o(.text) refers to main.o(.data) for timerValue
    main.o(.text) refers to mpu6050.o(.bss) for accelData500Hz
    main.o(.text) refers to main.o(.bss) for sensors
    main.o(.text) refers to evvgccf.o(.bss) for accAngleSmooth
    main.o(.text) refers to firstorderfilter.o(.bss) for firstOrderFilters
    usart1.o(.text) refers to stm32f10x_rcc.o(.text) for RCC_APB2PeriphClockCmd
    usart1.o(.text) refers to stm32f10x_gpio.o(.text) for GPIO_Init
    usart1.o(.text) refers to stm32f10x_usart.o(.text) for USART_Init
    usart1.o(.text) refers to misc.o(.text) for NVIC_PriorityGroupConfig
    usart1.o(.text) refers to printfa.o(i.__0vsnprintf) for vsnprintf
    stm32f10x_rcc.o(.text) refers to stm32f10x_rcc.o(.data) for APBAHBPrescTable
    stm32f10x_gpio.o(.text) refers to stm32f10x_rcc.o(.text) for RCC_APB2PeriphResetCmd
    stm32f10x_usart.o(.text) refers to stm32f10x_rcc.o(.text) for RCC_APB2PeriphResetCmd
    stm32f10x_adc.o(.text) refers to stm32f10x_rcc.o(.text) for RCC_APB2PeriphResetCmd
    stm32f10x_bkp.o(.text) refers to stm32f10x_rcc.o(.text) for RCC_BackupResetCmd
    stm32f10x_can.o(.text) refers to stm32f10x_rcc.o(.text) for RCC_APB1PeriphResetCmd
    stm32f10x_cec.o(.text) refers to stm32f10x_rcc.o(.text) for RCC_APB1PeriphResetCmd
    stm32f10x_dac.o(.text) refers to stm32f10x_rcc.o(.text) for RCC_APB1PeriphResetCmd
    stm32f10x_i2c.o(.text) refers to stm32f10x_rcc.o(.text) for RCC_APB1PeriphResetCmd
    stm32f10x_pwr.o(.text) refers to stm32f10x_rcc.o(.text) for RCC_APB1PeriphResetCmd
    stm32f10x_spi.o(.text) refers to stm32f10x_rcc.o(.text) for RCC_APB2PeriphResetCmd
    stm32f10x_tim.o(.text) refers to stm32f10x_rcc.o(.text) for RCC_APB2PeriphResetCmd
    stm32f10x_wwdg.o(.text) refers to stm32f10x_rcc.o(.text) for RCC_APB1PeriphResetCmd
    system_stm32f10x.o(.text) refers to system_stm32f10x.o(.data) for SystemCoreClock
    pid.o(.text) refers to fadd.o(.text) for __aeabi_fsub
    pid.o(.text) refers to utilities.o(.text) for standardRadianFormat
    pid.o(.text) refers to fmul.o(.text) for __aeabi_fmul
    pid.o(.text) refers to fdiv.o(.text) for __aeabi_fdiv
    pid.o(.text) refers to pid.o(.data) for rc
    pid.o(.text) refers to main.o(.bss) for eepromConfig
    computemotorcommands.o(.text) refers to fadd.o(.text) for __aeabi_fsub
    computemotorcommands.o(.text) refers to cfrcmple.o(.text) for __aeabi_cfrcmple
    computemotorcommands.o(.text) refers to fmul.o(.text) for __aeabi_fmul
    computemotorcommands.o(.text) refers to cfcmple.o(.text) for __aeabi_cfcmple
    computemotorcommands.o(.text) refers to fdiv.o(.text) for __aeabi_fdiv
    computemotorcommands.o(.text) refers to pid.o(.text) for updatePID
    computemotorcommands.o(.text) refers to ffixi.o(.text) for __aeabi_f2iz
    computemotorcommands.o(.text) refers to drv_pwmmotors.o(.text) for setRollMotor
    computemotorcommands.o(.text) refers to computemotorcommands.o(.data) for centerPoint
    computemotorcommands.o(.text) refers to pid.o(.data) for holdIntegrators
    computemotorcommands.o(.text) refers to main.o(.bss) for eepromConfig
[...]
    GPIO_Init                                0x08000b11   Thumb Code   278  stm32f10x_gpio.o(.text)
    GPIO_StructInit                          0x08000c27   Thumb Code    16  stm32f10x_gpio.o(.text)
    GPIO_ReadInputDataBit                    0x08000c37   Thumb Code    18  stm32f10x_gpio.o(.text)
    GPIO_ReadInputData                       0x08000c49   Thumb Code     8  stm32f10x_gpio.o(.text)
    GPIO_ReadOutputDataBit                   0x08000c51   Thumb Code    18  stm32f10x_gpio.o(.text)
    GPIO_ReadOutputData                      0x08000c63   Thumb Code     8  stm32f10x_gpio.o(.text)
    GPIO_SetBits                             0x08000c6b   Thumb Code     4  stm32f10x_gpio.o(.text)
    GPIO_ResetBits                           0x08000c6f   Thumb Code     4  stm32f10x_gpio.o(.text)
    GPIO_WriteBit                            0x08000c73   Thumb Code    10  stm32f10x_gpio.o(.text)
    GPIO_Write                               0x08000c7d   Thumb Code     4  stm32f10x_gpio.o(.text)
    GPIO_PinLockConfig                       0x08000c81   Thumb Code    18  stm32f10x_gpio.o(.text)
    GPIO_EventOutputConfig                   0x08000c93   Thumb Code    26  stm32f10x_gpio.o(.text)
    GPIO_EventOutputCmd                      0x08000cad   Thumb Code     6  stm32f10x_gpio.o(.text)
    GPIO_PinRemapConfig                      0x08000cb3   Thumb Code   138  stm32f10x_gpio.o(.text)
    GPIO_EXTILineConfig                      0x08000d3d   Thumb Code    66  stm32f10x_gpio.o(.text)
    GPIO_ETH_MediaInterfaceConfig            0x08000d7f   Thumb Code     8  stm32f10x_gpio.o(.text)
    USART_DeInit                             0x08000dad   Thumb Code   134  stm32f10x_usart.o(.text)
    USART_Init                               0x08000e33   Thumb Code   210  stm32f10x_usart.o(.text)
    USART_StructInit                         0x08000f05   Thumb Code    24  stm32f10x_usart.o(.text)
    USART_ClockInit                          0x08000f1d   Thumb Code    34  stm32f10x_usart.o(.text)
    USART_ClockStructInit                    0x08000f3f   Thumb Code    12  stm32f10x_usart.o(.text)
    USART_Cmd                                0x08000f4b   Thumb Code    24  stm32f10x_usart.o(.text)
    USART_ITConfig                           0x08000f63   Thumb Code    74  stm32f10x_usart.o(.text)
    USART_DMACmd                             0x08000fad   Thumb Code    18  stm32f10x_usart.o(.text)
    USART_SetAddress                         0x08000fbf   Thumb Code    18  stm32f10x_usart.o(.text)
    USART_WakeUpConfig                       0x08000fd1   Thumb Code    18  stm32f10x_usart.o(.text)
    USART_ReceiverWakeUpCmd                  0x08000fe3   Thumb Code    24  stm32f10x_usart.o(.text)
    USART_LINBreakDetectLengthConfig         0x08000ffb   Thumb Code    18  stm32f10x_usart.o(.text)
    USART_LINCmd                             0x0800100d   Thumb Code    24  stm32f10x_usart.o(.text)
    USART_SendData                           0x08001025   Thumb Code     8  stm32f10x_usart.o(.text)
    USART_ReceiveData                        0x0800102d   Thumb Code    10  stm32f10x_usart.o(.text)
    USART_SendBreak                          0x08001037   Thumb Code    10  stm32f10x_usart.o(.text)
    USART_SetGuardTime                       0x08001041   Thumb Code    16  stm32f10x_usart.o(.text)
    USART_SetPrescaler                       0x08001051   Thumb Code    16  stm32f10x_usart.o(.text)
    USART_SmartCardCmd                       0x08001061   Thumb Code    24  stm32f10x_usart.o(.text)
    USART_SmartCardNACKCmd                   0x08001079   Thumb Code    24  stm32f10x_usart.o(.text)
    USART_HalfDuplexCmd                      0x08001091   Thumb Code    24  stm32f10x_usart.o(.text)
    USART_OverSampling8Cmd                   0x080010a9   Thumb Code    22  stm32f10x_usart.o(.text)
    USART_OneBitMethodCmd                    0x080010bf   Thumb Code    24  stm32f10x_usart.o(.text)
    USART_IrDAConfig                         0x080010d7   Thumb Code    18  stm32f10x_usart.o(.text)
    USART_IrDACmd                            0x080010e9   Thumb Code    24  stm32f10x_usart.o(.text)
    USART_GetFlagStatus                      0x08001101   Thumb Code    26  stm32f10x_usart.o(.text)
    USART_ClearFlag                          0x0800111b   Thumb Code    18  stm32f10x_usart.o(.text)
    USART_GetITStatus                        0x0800112d   Thumb Code    84  stm32f10x_usart.o(.text)
    USART_ClearITPendingBit                  0x08001181   Thumb Code    52  stm32f10x_usart.o(.text)
    NVIC_PriorityGroupConfig                 0x080011b5   Thumb Code    10  misc.o(.text)
    NVIC_Init                                0x080011bf   Thumb Code   100  misc.o(.text)
    NVIC_SetVectorTable                      0x08001223   Thumb Code    14  misc.o(.text)
    NVIC_SystemLPConfig                      0x08001231   Thumb Code    34  misc.o(.text)
    SysTick_CLKSourceConfig                  0x08001253   Thumb Code    40  misc.o(.text)
    EXTI_DeInit                              0x08001291   Thumb Code    28  stm32f10x_exti.o(.text)
    EXTI_Init                                0x080012ad   Thumb Code   142  stm32f10x_exti.o(.text)
    EXTI_StructInit                          0x0800133b   Thumb Code    16  stm32f10x_exti.o(.text)
    EXTI_GenerateSWInterrupt                 0x0800134b   Thumb Code    16  stm32f10x_exti.o(.text)
    EXTI_GetFlagStatus                       0x0800135b   Thumb Code    22  stm32f10x_exti.o(.text)
    EXTI_ClearFlag                           0x08001371   Thumb Code     8  stm32f10x_exti.o(.text)
    EXTI_GetITStatus                         0x08001379   Thumb Code    34  stm32f10x_exti.o(.text)
    EXTI_ClearITPendingBit                   0x0800139b   Thumb Code     8  stm32f10x_exti.o(.text)
    FLASH_SetLatency                         0x080013ad   Thumb Code    18  stm32f10x_flash.o(.text)
    FLASH_HalfCycleAccessCmd                 0x080013bf   Thumb Code    22  stm32f10x_flash.o(.text)
    FLASH_PrefetchBufferCmd                  0x080013d5   Thumb Code    22  stm32f10x_flash.o(.text)
    FLASH_Unlock                             0x080013eb   Thumb Code    12  stm32f10x_flash.o(.text)
    FLASH_UnlockBank1                        0x080013f7   Thumb Code    12  stm32f10x_flash.o(.text)
    FLASH_Lock                               0x08001403   Thumb Code    14  stm32f10x_flash.o(.text)
    FLASH_LockBank1                          0x08001411   Thumb Code    14  stm32f10x_flash.o(.text)
    FLASH_GetBank1Status                     0x0800141f   Thumb Code    48  stm32f10x_flash.o(.text)
    FLASH_WaitForLastOperation               0x0800144f   Thumb Code    38  stm32f10x_flash.o(.text)
    FLASH_ErasePage                          0x08001475   Thumb Code    72  stm32f10x_flash.o(.text)
    FLASH_EraseAllPages                      0x080014bd   Thumb Code    68  stm32f10x_flash.o(.text)
    FLASH_WaitForLastBank1Operation          0x08001501   Thumb Code    38  stm32f10x_flash.o(.text)
    FLASH_EraseAllBank1Pages                 0x08001527   Thumb Code    68  stm32f10x_flash.o(.text)
    FLASH_GetReadOutProtectionStatus         0x0800156b   Thumb Code    20  stm32f10x_flash.o(.text)
    FLASH_EraseOptionBytes                   0x0800157f   Thumb Code   150  stm32f10x_flash.o(.text)
    FLASH_ProgramWord                        0x08001615   Thumb Code   102  stm32f10x_flash.o(.text)
    FLASH_ProgramHalfWord                    0x0800167b   Thumb Code    60  stm32f10x_flash.o(.text)
    FLASH_ProgramOptionByteData              0x080016b7   Thumb Code    72  stm32f10x_flash.o(.text)
    FLASH_EnableWriteProtection              0x080016ff   Thumb Code   200  stm32f10x_flash.o(.text)
    FLASH_ReadOutProtection                  0x080017c7   Thumb Code   156  stm32f10x_flash.o(.text)
    FLASH_UserOptionByteConfig               0x08001863   Thumb Code    88  stm32f10x_flash.o(.text)
    FLASH_GetUserOptionByte                  0x080018bb   Thumb Code     8  stm32f10x_flash.o(.text)
    FLASH_GetWriteProtectionOptionByte       0x080018c3   Thumb Code     6  stm32f10x_flash.o(.text)
    FLASH_GetPrefetchBufferStatus            0x080018c9   Thumb Code    20  stm32f10x_flash.o(.text)
    FLASH_ITConfig                           0x080018dd   Thumb Code    26  stm32f10x_flash.o(.text)
    FLASH_GetFlagStatus                      0x080018f7   Thumb Code    42  stm32f10x_flash.o(.text)
    FLASH_ClearFlag                          0x08001921   Thumb Code     6  stm32f10x_flash.o(.text)
    FLASH_GetStatus                          0x08001927   Thumb Code    48  stm32f10x_flash.o(.text)
    I2C_DeInit                               0x08001969   Thumb Code    50  stm32f10x_i2c.o(.text)
    I2C_Init                                 0x0800199b   Thumb Code   222  stm32f10x_i2c.o(.text)
    I2C_StructInit                           0x08001a79   Thumb Code    30  stm32f10x_i2c.o(.text)
    I2C_Cmd                                  0x08001a97   Thumb Code    24  stm32f10x_i2c.o(.text)
    I2C_DMACmd                               0x08001aaf   Thumb Code    24  stm32f10x_i2c.o(.text)
    I2C_DMALastTransferCmd                   0x08001ac7   Thumb Code    24  stm32f10x_i2c.o(.text)
    I2C_GenerateSTART                        0x08001adf   Thumb Code    24  stm32f10x_i2c.o(.text)
    I2C_GenerateSTOP                         0x08001af7   Thumb Code    24  stm32f10x_i2c.o(.text)
    I2C_AcknowledgeConfig                    0x08001b0f   Thumb Code    24  stm32f10x_i2c.o(.text)
    I2C_OwnAddress2Config                    0x08001b27   Thumb Code    22  stm32f10x_i2c.o(.text)
    I2C_DualAddressCmd                       0x08001b3d   Thumb Code    24  stm32f10x_i2c.o(.text)
    I2C_GeneralCallCmd                       0x08001b55   Thumb Code    24  stm32f10x_i2c.o(.text)
    I2C_ITConfig                             0x08001b6d   Thumb Code    18  stm32f10x_i2c.o(.text)
    I2C_SendData                             0x08001b7f   Thumb Code     4  stm32f10x_i2c.o(.text)
    I2C_ReceiveData                          0x08001b83   Thumb Code     8  stm32f10x_i2c.o(.text)
    I2C_Send7bitAddress                      0x08001b8b   Thumb Code    18  stm32f10x_i2c.o(.text)
    I2C_ReadRegister                         0x08001b9d   Thumb Code    22  stm32f10x_i2c.o(.text)
    I2C_SoftwareResetCmd                     0x08001bb3   Thumb Code    22  stm32f10x_i2c.o(.text)
    I2C_NACKPositionConfig                   0x08001bc9   Thumb Code    28  stm32f10x_i2c.o(.text)
    I2C_SMBusAlertConfig                     0x08001be5   Thumb Code    28  stm32f10x_i2c.o(.text)
    I2C_TransmitPEC                          0x08001c01   Thumb Code    24  stm32f10x_i2c.o(.text)
    I2C_PECPositionConfig                    0x08001c19   Thumb Code    28  stm32f10x_i2c.o(.text)
    I2C_CalculatePEC                         0x08001c35   Thumb Code    24  stm32f10x_i2c.o(.text)
    I2C_GetPEC                               0x08001c4d   Thumb Code     8  stm32f10x_i2c.o(.text)
    I2C_ARPCmd                               0x08001c55   Thumb Code    24  stm32f10x_i2c.o(.text)
    I2C_StretchClockCmd                      0x08001c6d   Thumb Code    24  stm32f10x_i2c.o(.text)
    I2C_FastModeDutyCycleConfig              0x08001c85   Thumb Code    28  stm32f10x_i2c.o(.text)
    I2C_CheckEvent                           0x08001ca1   Thumb Code    42  stm32f10x_i2c.o(.text)
    I2C_GetLastEvent                         0x08001ccb   Thumb Code    26  stm32f10x_i2c.o(.text)
    I2C_GetFlagStatus                        0x08001ce5   Thumb Code    58  stm32f10x_i2c.o(.text)
    I2C_ClearFlag                            0x08001d1f   Thumb Code    12  stm32f10x_i2c.o(.text)
    I2C_GetITStatus                          0x08001d2b   Thumb Code    54  stm32f10x_i2c.o(.text)
    I2C_ClearITPendingBit                    0x08001d61   Thumb Code    12  stm32f10x_i2c.o(.text)
    TIM_DeInit                               0x08001d6d   Thumb Code   424  stm32f10x_tim.o(.text)
    TIM_TimeBaseInit                         0x08001f15   Thumb Code   122  stm32f10x_tim.o(.text)
    TIM_OC1Init                              0x08001f8f   Thumb Code   132  stm32f10x_tim.o(.text)
    TIM_OC2Init                              0x08002013   Thumb Code   154  stm32f10x_tim.o(.text)
    TIM_OC3Init                              0x080020ad   Thumb Code   150  stm32f10x_tim.o(.text)
    TIM_OC4Init                              0x08002143   Thumb Code   182  stm32f10x_tim.o(.text)
    TIM_SetIC4Prescaler                      0x080021f9   Thumb Code    26  stm32f10x_tim.o(.text)
    TIM_SetIC3Prescaler                      0x08002295   Thumb Code    18  stm32f10x_tim.o(.text)
    TIM_SetIC2Prescaler                      0x08002321   Thumb Code    26  stm32f10x_tim.o(.text)
    TIM_SetIC1Prescaler                      0x080023bd   Thumb Code    18  stm32f10x_tim.o(.text)
    TIM_ICInit                               0x0800243b   Thumb Code   150  stm32f10x_tim.o(.text)
    TIM_PWMIConfig                           0x080024d1   Thumb Code   124  stm32f10x_tim.o(.text)
    TIM_BDTRConfig                           0x0800254d   Thumb Code    32  stm32f10x_tim.o(.text)
    TIM_TimeBaseStructInit                   0x0800256d   Thumb Code    18  stm32f10x_tim.o(.text)
    TIM_OCStructInit                         0x0800257f   Thumb Code    20  stm32f10x_tim.o(.text)
    TIM_ICStructInit                         0x08002593   Thumb Code    18  stm32f10x_tim.o(.text)
    TIM_BDTRStructInit                       0x080025a5   Thumb Code    40  stm32f10x_tim.o(.text)
    TIM_Cmd                                  0x080025cd   Thumb Code    24  stm32f10x_tim.o(.text)
    TIM_CtrlPWMOutputs                       0x080025e5   Thumb Code    30  stm32f10x_tim.o(.text)
    TIM_ITConfig                             0x08002603   Thumb Code    18  stm32f10x_tim.o(.text)
    TIM_GenerateEvent                        0x08002615   Thumb Code     4  stm32f10x_tim.o(.text)
    TIM_DMAConfig                            0x08002619   Thumb Code    10  stm32f10x_tim.o(.text)
    TIM_DMACmd                               0x08002623   Thumb Code    18  stm32f10x_tim.o(.text)
    TIM_InternalClockConfig                  0x08002635   Thumb Code    12  stm32f10x_tim.o(.text)
    TIM_SelectInputTrigger                   0x08002641   Thumb Code    18  stm32f10x_tim.o(.text)
    TIM_ITRxExternalClockConfig              0x08002653   Thumb Code    24  stm32f10x_tim.o(.text)
    TIM_TIxExternalClockConfig               0x0800266b   Thumb Code    62  stm32f10x_tim.o(.text)
    TIM_ETRConfig                            0x080026a9   Thumb Code    28  stm32f10x_tim.o(.text)
    TIM_ETRClockMode1Config                  0x080026c5   Thumb Code    54  stm32f10x_tim.o(.text)
    TIM_ETRClockMode2Config                  0x080026fb   Thumb Code    32  stm32f10x_tim.o(.text)
    TIM_PrescalerConfig                      0x0800271b   Thumb Code     6  stm32f10x_tim.o(.text)
    TIM_CounterModeConfig                    0x08002721   Thumb Code    18  stm32f10x_tim.o(.text)
    TIM_EncoderInterfaceConfig               0x08002733   Thumb Code    66  stm32f10x_tim.o(.text)
    TIM_ForcedOC1Config                      0x08002775   Thumb Code    18  stm32f10x_tim.o(.text)
    TIM_ForcedOC2Config                      0x08002787   Thumb Code    26  stm32f10x_tim.o(.text)
    TIM_ForcedOC3Config                      0x080027a1   Thumb Code    18  stm32f10x_tim.o(.text)
    TIM_ForcedOC4Config                      0x080027b3   Thumb Code    26  stm32f10x_tim.o(.text)
    TIM_ARRPreloadConfig                     0x080027cd   Thumb Code    24  stm32f10x_tim.o(.text)
    TIM_SelectCOM                            0x080027e5   Thumb Code    24  stm32f10x_tim.o(.text)
    TIM_SelectCCDMA                          0x080027fd   Thumb Code    24  stm32f10x_tim.o(.text)
    TIM_CCPreloadControl                     0x08002815   Thumb Code    24  stm32f10x_tim.o(.text)
    TIM_OC1PreloadConfig                     0x0800282d   Thumb Code    18  stm32f10x_tim.o(.text)
    TIM_OC2PreloadConfig                     0x0800283f   Thumb Code    26  stm32f10x_tim.o(.text)
    TIM_OC3PreloadConfig                     0x08002859   Thumb Code    18  stm32f10x_tim.o(.text)
    TIM_OC4PreloadConfig                     0x0800286b   Thumb Code    26  stm32f10x_tim.o(.text)
    TIM_OC1FastConfig                        0x08002885   Thumb Code    18  stm32f10x_tim.o(.text)
    TIM_OC2FastConfig                        0x08002897   Thumb Code    26  stm32f10x_tim.o(.text)
    TIM_OC3FastConfig                        0x080028b1   Thumb Code    18  stm32f10x_tim.o(.text)
    TIM_OC4FastConfig                        0x080028c3   Thumb Code    26  stm32f10x_tim.o(.text)
    TIM_ClearOC1Ref                          0x080028dd   Thumb Code    18  stm32f10x_tim.o(.text)
    TIM_ClearOC2Ref                          0x080028ef   Thumb Code    24  stm32f10x_tim.o(.text)
    TIM_ClearOC3Ref                          0x08002907   Thumb Code    18  stm32f10x_tim.o(.text)
    TIM_ClearOC4Ref                          0x08002919   Thumb Code    24  stm32f10x_tim.o(.text)
    TIM_OC1PolarityConfig                    0x08002931   Thumb Code    18  stm32f10x_tim.o(.text)
    TIM_OC1NPolarityConfig                   0x08002943   Thumb Code    18  stm32f10x_tim.o(.text)
    TIM_OC2PolarityConfig                    0x08002955   Thumb Code    26  stm32f10x_tim.o(.text)
    TIM_OC2NPolarityConfig                   0x0800296f   Thumb Code    26  stm32f10x_tim.o(.text)
    TIM_OC3PolarityConfig                    0x08002989   Thumb Code    26  stm32f10x_tim.o(.text)
    TIM_OC3NPolarityConfig                   0x080029a3   Thumb Code    26  stm32f10x_tim.o(.text)
    TIM_OC4PolarityConfig                    0x080029bd   Thumb Code    26  stm32f10x_tim.o(.text)
    TIM_CCxCmd                               0x080029d7   Thumb Code    30  stm32f10x_tim.o(.text)
    TIM_CCxNCmd                              0x080029f5   Thumb Code    30  stm32f10x_tim.o(.text)
    TIM_SelectOCxM                           0x08002a13   Thumb Code    82  stm32f10x_tim.o(.text)
    TIM_UpdateDisableConfig                  0x08002a65   Thumb Code    24  stm32f10x_tim.o(.text)
    TIM_UpdateRequestConfig                  0x08002a7d   Thumb Code    24  stm32f10x_tim.o(.text)
    TIM_SelectHallSensor                     0x08002a95   Thumb Code    24  stm32f10x_tim.o(.text)
    TIM_SelectOnePulseMode                   0x08002aad   Thumb Code    18  stm32f10x_tim.o(.text)
    TIM_SelectOutputTrigger                  0x08002abf   Thumb Code    18  stm32f10x_tim.o(.text)
    TIM_SelectSlaveMode                      0x08002ad1   Thumb Code    18  stm32f10x_tim.o(.text)
    TIM_SelectMasterSlaveMode                0x08002ae3   Thumb Code    18  stm32f10x_tim.o(.text)
    TIM_SetCounter                           0x08002af5   Thumb Code     4  stm32f10x_tim.o(.text)
    TIM_SetAutoreload                        0x08002af9   Thumb Code     4  stm32f10x_tim.o(.text)
    TIM_SetCompare1                          0x08002afd   Thumb Code     4  stm32f10x_tim.o(.text)
    TIM_SetCompare2                          0x08002b01   Thumb Code     4  stm32f10x_tim.o(.text)
    TIM_SetCompare3                          0x08002b05   Thumb Code     4  stm32f10x_tim.o(.text)
    TIM_SetCompare4                          0x08002b09   Thumb Code     6  stm32f10x_tim.o(.text)
    TIM_SetClockDivision                     0x08002b0f   Thumb Code    18  stm32f10x_tim.o(.text)
    TIM_GetCapture1                          0x08002b21   Thumb Code     6  stm32f10x_tim.o(.text)
    TIM_GetCapture2                          0x08002b27   Thumb Code     6  stm32f10x_tim.o(.text)
    TIM_GetCapture3                          0x08002b2d   Thumb Code     6  stm32f10x_tim.o(.text)
    TIM_GetCapture4                          0x08002b33   Thumb Code     8  stm32f10x_tim.o(.text)
    TIM_GetCounter                           0x08002b3b   Thumb Code     6  stm32f10x_tim.o(.text)
    TIM_GetPrescaler                         0x08002b41   Thumb Code     6  stm32f10x_tim.o(.text)
    TIM_GetFlagStatus                        0x08002b47   Thumb Code    18  stm32f10x_tim.o(.text)
    TIM_ClearFlag                            0x08002b59   Thumb Code     6  stm32f10x_tim.o(.text)
    TIM_GetITStatus                          0x08002b5f   Thumb Code    34  stm32f10x_tim.o(.text)
    TIM_ClearITPendingBit                    0x08002b81   Thumb Code     6  stm32f10x_tim.o(.text)
    SystemInit                               0x08002c67   Thumb Code    78  system_stm32f10x.o(.text)
    SystemCoreClockUpdate                    0x08002cb5   Thumb Code   142  system_stm32f10x.o(.text)
    initPID                                  0x08002d69   Thumb Code    70  pid.o(.text)
    updatePID                                0x08002daf   Thumb Code   282  pid.o(.text)
    setPIDintegralError                      0x08002ec9   Thumb Code    14  pid.o(.text)
    zeroPIDintegralError                     0x08002ed7   Thumb Code    24  pid.o(.text)
    setPIDstates                             0x08002eef   Thumb Code    38  pid.o(.text)
    zeroPIDstates                            0x08002f15   Thumb Code    24  pid.o(.text)
    readEEPROM                               0x08002f39   Thumb Code   198  config.o(.text)
    writeEEPROM                              0x08002fff   Thumb Code    66  config.o(.text)
    checkFirstTime                           0x08003041   Thumb Code   522  config.o(.text)
    initOrientation1                         0x080032a1   Thumb Code   272  evvgccf.o(.text)
    initOrientation2                         0x080033b1   Thumb Code   270  evvgccf.o(.text)
    getOrientation                           0x080034bf   Thumb Code   312  evvgccf.o(.text)
    initSinArray                             0x08003619   Thumb Code    86  fasttrig.o(.text)
    fastSin                                  0x0800366f   Thumb Code   140  fasttrig.o(.text)
    initFirstOrderFilter                     0x08003709   Thumb Code  1652  firstorderfilter.o(.text)
    firstOrderFilter                         0x08003d7d   Thumb Code    64  firstorderfilter.o(.text)
    calculateAccConfidence1                  0x08003dc9   Thumb Code   146  margahrs.o(.text)
    calculateAccConfidence2                  0x08003e5b   Thumb Code   146  margahrs.o(.text)
    MargAHRSinit1                            0x08003eed   Thumb Code   600  margahrs.o(.text)
    MargAHRSinit2                            0x08004145   Thumb Code   690  margahrs.o(.text)
    MargAHRSupdate1                          0x080043f7   Thumb Code  3224  margahrs.o(.text)
    MargAHRSupdate2                          0x0800508f   Thumb Code  3318  margahrs.o(.text)
    NMI_Handler                              0x08005d85   Thumb Code     2  stm32_it.o(.text)
    HardFault_Handler                        0x08005d87   Thumb Code    10  stm32_it.o(.text)
    MemManage_Handler                        0x08005d91   Thumb Code    10  stm32_it.o(.text)
    BusFault_Handler                         0x08005d9b   Thumb Code    10  stm32_it.o(.text)
    UsageFault_Handler                       0x08005da5   Thumb Code    10  stm32_it.o(.text)
    SVC_Handler                              0x08005daf   Thumb Code     2  stm32_it.o(.text)
    DebugMon_Handler                         0x08005db1   Thumb Code     2  stm32_it.o(.text)
    PendSV_Handler                           0x08005db3   Thumb Code     2  stm32_it.o(.text)
    USB_LP_CAN1_RX0_IRQHandler               0x08005db5   Thumb Code     8  stm32_it.o(.text)
    USBWakeUp_IRQHandler                     0x08005dbd   Thumb Code    12  stm32_it.o(.text)
    constrain                                0x08005e35   Thumb Code    40  utilities.o(.text)
    matrixMultiply                           0x08005e5d   Thumb Code   132  utilities.o(.text)
    Round                                    0x08005ee1   Thumb Code    38  utilities.o(.text)
    _sbrk                                    0x08005f07   Thumb Code    42  utilities.o(.text)
    sphereFit                                0x08005f31   Thumb Code  2568  utilities.o(.text)
    standardRadianFormat                     0x08006939   Thumb Code    48  utilities.o(.text)
    stringToFloat                            0x08006969   Thumb Code   492  utilities.o(.text)
    printUSART                               0x08006b79   Thumb Code    38  drv_cli.o(.text)
    printDirect                              0x08006b9f   Thumb Code    38  drv_cli.o(.text)
    usbOverrun                               0x08006bc5   Thumb Code     6  drv_cli.o(.text)
    USBPushTXData                            0x08006bcb   Thumb Code    82  drv_cli.o(.text)
    USBPushTX                                0x08006c1d   Thumb Code    18  drv_cli.o(.text)
    EP1_IN_Callback                          0x08006c2f   Thumb Code    14  drv_cli.o(.text)
    cliInit                                  0x08006c3d   Thumb Code    40  drv_cli.o(.text)
    cliPrint                                 0x08006c65   Thumb Code    28  drv_cli.o(.text)
    cliAvailable                             0x08006c81   Thumb Code     6  drv_cli.o(.text)
    cliRead                                  0x08006c87   Thumb Code    30  drv_cli.o(.text)
    cliPrintF                                0x08006ca5   Thumb Code    50  drv_cli.o(.text)
    usbDsbISR                                0x08006cd7   Thumb Code     2  drv_cli.o(.text)
    getChar                                  0x08006cd9   Thumb Code    52  drv_cli.o(.text)
    gpioInit                                 0x08006d31   Thumb Code    80  drv_gpio.o(.text)
    i2cInit                                  0x08006ed5   Thumb Code   274  drv_i2c.o(.text)
    I2C1_ER_IRQHandler                       0x08007097   Thumb Code    12  drv_i2c.o(.text)
    I2C1_EV_IRQHandler                       0x0800748d   Thumb Code    12  drv_i2c.o(.text)
    I2C2_ER_IRQHandler                       0x08007499   Thumb Code    12  drv_i2c.o(.text)
    I2C2_EV_IRQHandler                       0x080074a5   Thumb Code    12  drv_i2c.o(.text)
    i2cWriteBuffer                           0x080074b1   Thumb Code   208  drv_i2c.o(.text)
    i2cWrite                                 0x08007581   Thumb Code    20  drv_i2c.o(.text)
    i2cRead                                  0x08007595   Thumb Code   228  drv_i2c.o(.text)
    i2cGetErrorCounter                       0x08007679   Thumb Code     6  drv_i2c.o(.text)
    updateCounter                            0x08007699   Thumb Code    48  drv_pwmmotors.o(.text)
    TIM2_IRQHandler                          0x080076e9   Thumb Code   154  drv_pwmmotors.o(.text)
    TIM3_IRQHandler                          0x08007783   Thumb Code   174  drv_pwmmotors.o(.text)
    TIM4_IRQHandler                          0x08007831   Thumb Code   170  drv_pwmmotors.o(.text)
    setPWMFastTable                          0x08007971   Thumb Code   248  drv_pwmmotors.o(.text)
    setPWM                                   0x08007a69   Thumb Code    84  drv_pwmmotors.o(.text)
    setPWMData                               0x08007abd   Thumb Code    46  drv_pwmmotors.o(.text)
    limitYawPWM                              0x08007aeb   Thumb Code    70  drv_pwmmotors.o(.text)
    activateIRQ                              0x08007b31   Thumb Code    46  drv_pwmmotors.o(.text)
    setRollMotor                             0x08007b5f   Thumb Code    48  drv_pwmmotors.o(.text)
    setPitchMotor                            0x08007b8f   Thumb Code    40  drv_pwmmotors.o(.text)
    setYawMotor                              0x08007bb7   Thumb Code    54  drv_pwmmotors.o(.text)
    forceMotorUpdate                         0x08007bed   Thumb Code    24  drv_pwmmotors.o(.text)
    pwmMotorDriverInit                       0x08007c05   Thumb Code   244  drv_pwmmotors.o(.text)
    rcInit                                   0x08007d2d   Thumb Code   202  drv_rc.o(.text)
    EXTI3_IRQHandler                         0x08007df7   Thumb Code    88  drv_rc.o(.text)
    EXTI4_IRQHandler                         0x08007e4f   Thumb Code    88  drv_rc.o(.text)
    EXTI9_5_IRQHandler                       0x08007ea7   Thumb Code    88  drv_rc.o(.text)
    rxRead                                   0x08007eff   Thumb Code    36  drv_rc.o(.text)
    micros                                   0x08007f9f   Thumb Code    52  drv_system.o(.text)
    SysTick_Handler                          0x08007fd3   Thumb Code   340  drv_system.o(.text)
    millis                                   0x08008127   Thumb Code     6  drv_system.o(.text)
    BKPInit                                  0x0800812d   Thumb Code    14  drv_system.o(.text)
    delayMicroseconds                        0x0800813b   Thumb Code    54  drv_system.o(.text)
    delay                                    0x08008171   Thumb Code    24  drv_system.o(.text)
    systemInit                               0x08008189   Thumb Code   342  drv_system.o(.text)
    BKPRead                                  0x080082df   Thumb Code    40  drv_system.o(.text)
    BKPWrite                                 0x08008307   Thumb Code    36  drv_system.o(.text)
    reboot                                   0x0800832b   Thumb Code    14  drv_system.o(.text)
    bootloader                               0x08008339   Thumb Code    14  drv_system.o(.text)
    _init                                    0x08008347   Thumb Code     2  drv_system.o(.text)
    timingFunctionsInit                      0x08008535   Thumb Code    50  drv_timingfunctions.o(.text)
    InitUart4BufferIRQ                       0x0800856d   Thumb Code    42  drv_usart.o(.text)
    UART4EnableTxInterrupt                   0x08008597   Thumb Code    16  drv_usart.o(.text)
    InitUart4Buffer                          0x080085a7   Thumb Code    22  drv_usart.o(.text)
    Usart4Init                               0x080085bd   Thumb Code   156  drv_usart.o(.text)
    USART_GetChar                            0x08008659   Thumb Code    10  drv_usart.o(.text)
    USART_Peek                               0x08008663   Thumb Code    10  drv_usart.o(.text)
    USART_Available                          0x0800866d   Thumb Code    10  drv_usart.o(.text)
    USART_Flush                              0x08008677   Thumb Code    16  drv_usart.o(.text)
    USART_PutCharDirect                      0x08008687   Thumb Code    22  drv_usart.o(.text)
    USART_PutChar                            0x0800869d   Thumb Code    16  drv_usart.o(.text)
    USART_PutStringDirect                    0x080086ad   Thumb Code    22  drv_usart.o(.text)
    USART_PutString                          0x080086c3   Thumb Code    56  drv_usart.o(.text)
    UART4_IRQHandler                         0x080086fb   Thumb Code   178  drv_usart.o(.text)
    RingBufferInit                           0x080087c5   Thumb Code    14  ringbuffer.o(.text)
    RingBufferSize                           0x080087d3   Thumb Code     8  ringbuffer.o(.text)
    RingBufferFillLevel                      0x080087db   Thumb Code    34  ringbuffer.o(.text)
    RingBufferPut                            0x080087fd   Thumb Code   108  ringbuffer.o(.text)
    RingBufferPutBlock                       0x08008869   Thumb Code   192  ringbuffer.o(.text)
    RingBufferGet                            0x08008929   Thumb Code    56  ringbuffer.o(.text)
    RingBufferPeek                           0x08008961   Thumb Code    28  ringbuffer.o(.text)
    computeMPU6050TCBias1                    0x0800897d   Thumb Code   202  mpu6050.o(.text)
    readMPU60501                             0x08008a47   Thumb Code   234  mpu6050.o(.text)
    computeMPU6050RTData1                    0x08008b31   Thumb Code   534  mpu6050.o(.text)
    initMPU6050_i2c1                         0x08008d47   Thumb Code   156  mpu6050.o(.text)
    computeMPU6050TCBias2                    0x08008de3   Thumb Code   202  mpu6050.o(.text)
    readMPU60502                             0x08008ead   Thumb Code   240  mpu6050.o(.text)
    computeMPU6050RTData2                    0x08008f9d   Thumb Code   596  mpu6050.o(.text)
    initMPU6050_i2c2                         0x080091f1   Thumb Code    94  mpu6050.o(.text)
    orientIMU                                0x0800924f   Thumb Code   330  mpu6050.o(.text)
    readStringCLI                            0x080093a1   Thumb Code    74  cli.o(.text)
    readFloatCLI                             0x080093eb   Thumb Code    88  cli.o(.text)
    readCliPID                               0x08009443   Thumb Code    70  cli.o(.text)
    disableGimbal                            0x08009489   Thumb Code    68  cli.o(.text)
    enableGimbal                             0x080094cd   Thumb Code    42  cli.o(.text)
    cliCom                                   0x080094f7   Thumb Code    30  cli.o(.text)
    Set_System                               0x0800955d   Thumb Code   122  hw_config.o(.text)
    Set_USBClock                             0x080095d7   Thumb Code    18  hw_config.o(.text)
    Enter_LowPowerMode                       0x080095e9   Thumb Code     8  hw_config.o(.text)
    Leave_LowPowerMode                       0x080095f1   Thumb Code    28  hw_config.o(.text)
    USB_Interrupts_Config                    0x0800960d   Thumb Code    60  hw_config.o(.text)
    Get_SerialNum                            0x08009687   Thumb Code    42  hw_config.o(.text)
    CDC_Send_DATA                            0x080096b1   Thumb Code    42  hw_config.o(.text)
    CDC_Receive_DATA                         0x080096db   Thumb Code    96  hw_config.o(.text)
    usbIsConfigured                          0x0800973b   Thumb Code    16  hw_config.o(.text)
    usbIsConnected                           0x0800974b   Thumb Code    14  hw_config.o(.text)
    SetVCPConnectMode                        0x08009759   Thumb Code    22  hw_config.o(.text)
    ERR_Callback                             0x0800976f   Thumb Code    14  hw_config.o(.text)
    GetVCPConnectMode                        0x0800977d   Thumb Code     6  hw_config.o(.text)
    EP3_OUT_Callback                         0x080097c1   Thumb Code    30  usb_endp.o(.text)
    USB_Istr                                 0x080097ed   Thumb Code   154  usb_istr.o(.text)
    Virtual_Com_Port_init                    0x0800989d   Thumb Code    30  usb_prop.o(.text)
    Virtual_Com_Port_Reset                   0x080098bb   Thumb Code   224  usb_prop.o(.text)
    Virtual_Com_Port_SetConfiguration        0x0800999b   Thumb Code    14  usb_prop.o(.text)
    Virtual_Com_Port_SetDeviceAddress        0x080099a9   Thumb Code     8  usb_prop.o(.text)
    Virtual_Com_Port_Status_In               0x080099b1   Thumb Code    16  usb_prop.o(.text)
    Virtual_Com_Port_Status_Out              0x080099c1   Thumb Code     2  usb_prop.o(.text)
    Virtual_Com_Port_SetLineCoding           0x080099c3   Thumb Code    20  usb_prop.o(.text)
    Virtual_Com_Port_GetLineCoding           0x080099d7   Thumb Code    20  usb_prop.o(.text)
    Virtual_Com_Port_Data_Setup              0x080099eb   Thumb Code    92  usb_prop.o(.text)
    Virtual_Com_Port_NoData_Setup            0x08009a47   Thumb Code    44  usb_prop.o(.text)
    Virtual_Com_Port_GetDeviceDescriptor     0x08009a73   Thumb Code    14  usb_prop.o(.text)
    Virtual_Com_Port_GetConfigDescriptor     0x08009a81   Thumb Code    34  usb_prop.o(.text)
    Virtual_Com_Port_GetStringDescriptor     0x08009aa3   Thumb Code    32  usb_prop.o(.text)
    Virtual_Com_Port_Get_Interface_Setting   0x08009ac3   Thumb Code    22  usb_prop.o(.text)
    PowerOn                                  0x08009b05   Thumb Code    46  usb_pwr.o(.text)
    PowerOff                                 0x08009b33   Thumb Code    22  usb_pwr.o(.text)
    Suspend                                  0x08009b49   Thumb Code   240  usb_pwr.o(.text)
    Resume_Init                              0x08009c39   Thumb Code    30  usb_pwr.o(.text)
    Resume                                   0x08009c57   Thumb Code   194  usb_pwr.o(.text)
    Standard_GetConfiguration                0x08009d39   Thumb Code    34  usb_core.o(.text)
    Standard_SetConfiguration                0x08009d5b   Thumb Code    60  usb_core.o(.text)
    Standard_GetInterface                    0x08009d97   Thumb Code    34  usb_core.o(.text)
    Standard_SetInterface                    0x08009db9   Thumb Code    96  usb_core.o(.text)
    Standard_GetStatus                       0x08009e19   Thumb Code   238  usb_core.o(.text)
    Standard_ClearFeature                    0x08009f07   Thumb Code   342  usb_core.o(.text)
    Standard_SetEndPointFeature              0x0800a05d   Thumb Code   220  usb_core.o(.text)
    Standard_SetDeviceFeature                0x0800a139   Thumb Code    30  usb_core.o(.text)
    Standard_GetDescriptorData               0x0800a157   Thumb Code    32  usb_core.o(.text)
    Post0_Process                            0x0800a68b   Thumb Code    54  usb_core.o(.text)
    Setup0_Process                           0x0800a6c1   Thumb Code   170  usb_core.o(.text)
    SetDeviceAddress                         0x0800a76b   Thumb Code    70  usb_core.o(.text)
    In0_Process                              0x0800a7b1   Thumb Code    98  usb_core.o(.text)
    Out0_Process                             0x0800a813   Thumb Code    70  usb_core.o(.text)
    NOP_Process                              0x0800a859   Thumb Code     2  usb_core.o(.text)
    USB_Init                                 0x0800a889   Thumb Code    36  usb_init.o(.text)
    CTR_LP                                   0x0800a8c5   Thumb Code   616  usb_int.o(.text)
    CTR_HP                                   0x0800ab2d   Thumb Code   178  usb_int.o(.text)
    UserToPMABufferCopy                      0x0800ac01   Thumb Code    52  usb_mem.o(.text)
    PMAToUserBufferCopy                      0x0800ac35   Thumb Code    34  usb_mem.o(.text)
    SetCNTR                                  0x0800ac5d   Thumb Code     6  usb_regs.o(.text)
    GetCNTR                                  0x0800ac63   Thumb Code     8  usb_regs.o(.text)
    SetISTR                                  0x0800ac6b   Thumb Code     8  usb_regs.o(.text)
    GetISTR                                  0x0800ac73   Thumb Code    10  usb_regs.o(.text)
    GetFNR                                   0x0800ac7d   Thumb Code    10  usb_regs.o(.text)
    SetDADDR                                 0x0800ac87   Thumb Code     8  usb_regs.o(.text)
    GetDADDR                                 0x0800ac8f   Thumb Code    10  usb_regs.o(.text)
    SetBTABLE                                0x0800ac99   Thumb Code    14  usb_regs.o(.text)
    GetBTABLE                                0x0800aca7   Thumb Code    10  usb_regs.o(.text)
    SetENDPOINT                              0x0800acb1   Thumb Code    12  usb_regs.o(.text)
    GetENDPOINT                              0x0800acbd   Thumb Code    16  usb_regs.o(.text)
    SetEPType                                0x0800accd   Thumb Code    32  usb_regs.o(.text)
    GetEPType                                0x0800aced   Thumb Code    18  usb_regs.o(.text)
    SetEPTxStatus                            0x0800acff   Thumb Code    60  usb_regs.o(.text)
    SetEPRxStatus                            0x0800ad3b   Thumb Code    60  usb_regs.o(.text)
    SetDouBleBuffEPStall                     0x0800ad77   Thumb Code    54  usb_regs.o(.text)
    GetEPTxStatus                            0x0800adad   Thumb Code    18  usb_regs.o(.text)
    GetEPRxStatus                            0x0800adbf   Thumb Code    18  usb_regs.o(.text)
    SetEPTxValid                             0x0800add1   Thumb Code    48  usb_regs.o(.text)
    SetEPRxValid                             0x0800ae01   Thumb Code    48  usb_regs.o(.text)
    SetEP_KIND                               0x0800ae31   Thumb Code    38  usb_regs.o(.text)
    ClearEP_KIND                             0x0800ae57   Thumb Code    34  usb_regs.o(.text)
    Clear_Status_Out                         0x0800ae79   Thumb Code    34  usb_regs.o(.text)
    Set_Status_Out                           0x0800ae9b   Thumb Code    38  usb_regs.o(.text)
    SetEPDoubleBuff                          0x0800aec1   Thumb Code    38  usb_regs.o(.text)
    ClearEPDoubleBuff                        0x0800aee7   Thumb Code    34  usb_regs.o(.text)
    GetTxStallStatus                         0x0800af09   Thumb Code    28  usb_regs.o(.text)
    GetRxStallStatus                         0x0800af25   Thumb Code    30  usb_regs.o(.text)
    ClearEP_CTR_RX                           0x0800af43   Thumb Code    32  usb_regs.o(.text)
    ClearEP_CTR_TX                           0x0800af63   Thumb Code    28  usb_regs.o(.text)
    ToggleDTOG_RX                            0x0800af7f   Thumb Code    34  usb_regs.o(.text)
    ToggleDTOG_TX                            0x0800afa1   Thumb Code    34  usb_regs.o(.text)
    ClearDTOG_RX                             0x0800afc3   Thumb Code    48  usb_regs.o(.text)
    ClearDTOG_TX                             0x0800aff3   Thumb Code    48  usb_regs.o(.text)
    SetEPAddress                             0x0800b023   Thumb Code    46  usb_regs.o(.text)
    GetEPAddress                             0x0800b051   Thumb Code    18  usb_regs.o(.text)
    SetEPTxAddr                              0x0800b063   Thumb Code    24  usb_regs.o(.text)
    SetEPRxAddr                              0x0800b07b   Thumb Code    26  usb_regs.o(.text)
    GetEPTxAddr                              0x0800b095   Thumb Code    22  usb_regs.o(.text)
    GetEPRxAddr                              0x0800b0ab   Thumb Code    24  usb_regs.o(.text)
    SetEPTxCount                             0x0800b0c3   Thumb Code    20  usb_regs.o(.text)
    SetEPCountRxReg                          0x0800b0d7   Thumb Code    48  usb_regs.o(.text)
    SetEPRxCount                             0x0800b107   Thumb Code    68  usb_regs.o(.text)
    GetEPTxCount                             0x0800b14b   Thumb Code    26  usb_regs.o(.text)
    GetEPRxCount                             0x0800b165   Thumb Code    26  usb_regs.o(.text)
    SetEPDblBuffAddr                         0x0800b17f   Thumb Code    44  usb_regs.o(.text)
    SetEPDblBuf0Addr                         0x0800b1ab   Thumb Code    24  usb_regs.o(.text)
    SetEPDblBuf1Addr                         0x0800b1c3   Thumb Code    26  usb_regs.o(.text)
    GetEPDblBuf0Addr                         0x0800b1dd   Thumb Code    22  usb_regs.o(.text)
    GetEPDblBuf1Addr                         0x0800b1f3   Thumb Code    24  usb_regs.o(.text)
    SetEPDblBuffCount                        0x0800b20b   Thumb Code   186  usb_regs.o(.text)
    SetEPDblBuf0Count                        0x0800b2c5   Thumb Code    96  usb_regs.o(.text)
    SetEPDblBuf1Count                        0x0800b325   Thumb Code    96  usb_regs.o(.text)
    GetEPDblBuf0Count                        0x0800b385   Thumb Code    26  usb_regs.o(.text)
    GetEPDblBuf1Count                        0x0800b39f   Thumb Code    26  usb_regs.o(.text)
    GetEPDblBufDir                           0x0800b3b9   Thumb Code    62  usb_regs.o(.text)
    FreeUserBuffer                           0x0800b3f7   Thumb Code    90  usb_regs.o(.text)
    ToWord                                   0x0800b451   Thumb Code     8  usb_regs.o(.text)
    ByteSwap                                 0x0800b459   Thumb Code    12  usb_regs.o(.text)
    USB_SIL_Init                             0x0800b465   Thumb Code    28  usb_sil.o(.text)
    USB_SIL_Write                            0x0800b481   Thumb Code    46  usb_sil.o(.text)
    USB_SIL_Read                             0x0800b4af   Thumb Code    46  usb_sil.o(.text)
    __aeabi_memcpy                           0x0800b4e5   Thumb Code    36  memcpya.o(.text)
    __aeabi_memcpy4                          0x0800b4e5   Thumb Code     0  memcpya.o(.text)
    __aeabi_memcpy8                          0x0800b4e5   Thumb Code     0  memcpya.o(.text)
    __aeabi_memset                           0x0800b509   Thumb Code    14  memseta.o(.text)
    __aeabi_memset4                          0x0800b509   Thumb Code     0  memseta.o(.text)
    __aeabi_memset8                          0x0800b509   Thumb Code     0  memseta.o(.text)
    __aeabi_memclr                           0x0800b517   Thumb Code     4  memseta.o(.text)
    __aeabi_memclr4                          0x0800b517   Thumb Code     0  memseta.o(.text)
    __aeabi_memclr8                          0x0800b517   Thumb Code     0  memseta.o(.text)
    _memset$wrapper                          0x0800b51b   Thumb Code    18  memseta.o(.text)
    strlen                                   0x0800b52d   Thumb Code    14  strlen.o(.text)
    __aeabi_fadd                             0x0800b53b   Thumb Code   164  fadd.o(.text)
    __aeabi_fsub                             0x0800b5df   Thumb Code     6  fadd.o(.text)
    __aeabi_frsub                            0x0800b5e5   Thumb Code     6  fadd.o(.text)
    __aeabi_fmul                             0x0800b5eb   Thumb Code   100  fmul.o(.text)
    __aeabi_fdiv                             0x0800b64f   Thumb Code   124  fdiv.o(.text)
    __aeabi_dadd                             0x0800b6cb   Thumb Code   322  dadd.o(.text)
    __aeabi_dsub                             0x0800b80d   Thumb Code     6  dadd.o(.text)
    __aeabi_drsub                            0x0800b813   Thumb Code     6  dadd.o(.text)
    __aeabi_dmul                             0x0800b819   Thumb Code   228  dmul.o(.text)
    __aeabi_ddiv                             0x0800b8fd   Thumb Code   222  ddiv.o(.text)
    __aeabi_i2f                              0x0800b9db   Thumb Code    18  fflti.o(.text)
    __aeabi_ui2f                             0x0800b9ed   Thumb Code    10  ffltui.o(.text)
    __aeabi_i2d                              0x0800b9f7   Thumb Code    34  dflti.o(.text)
    __aeabi_f2iz                             0x0800ba19   Thumb Code    50  ffixi.o(.text)
    __aeabi_f2uiz                            0x0800ba4b   Thumb Code    40  ffixui.o(.text)
    __aeabi_d2iz                             0x0800ba73   Thumb Code    62  dfixi.o(.text)
    __aeabi_f2d                              0x0800bab1   Thumb Code    38  f2d.o(.text)
    __aeabi_d2f                              0x0800bad7   Thumb Code    56  d2f.o(.text)
    __aeabi_cfcmpeq                          0x0800bb11   Thumb Code     0  cfcmple.o(.text)
    __aeabi_cfcmple                          0x0800bb11   Thumb Code    20  cfcmple.o(.text)
    __aeabi_cfrcmple                         0x0800bb25   Thumb Code    20  cfrcmple.o(.text)
    __aeabi_uidiv                            0x0800bb39   Thumb Code     0  uidiv.o(.text)
    __aeabi_uidivmod                         0x0800bb39   Thumb Code    44  uidiv.o(.text)
    __aeabi_uldivmod                         0x0800bb65   Thumb Code    98  uldiv.o(.text)
    __aeabi_llsl                             0x0800bbc7   Thumb Code    30  llshl.o(.text)
    _ll_shift_l                              0x0800bbc7   Thumb Code     0  llshl.o(.text)
    __aeabi_llsr                             0x0800bbe5   Thumb Code    32  llushr.o(.text)
    _ll_ushift_r                             0x0800bbe5   Thumb Code     0  llushr.o(.text)
    __aeabi_lasr                             0x0800bc05   Thumb Code    36  llsshr.o(.text)
    _ll_sshift_r                             0x0800bc05   Thumb Code     0  llsshr.o(.text)
    __I$use$fp                               0x0800bc29   Thumb Code     0  iusefp.o(.text)
    _float_round                             0x0800bc29   Thumb Code    18  fepilogue.o(.text)
    _float_epilogue                          0x0800bc3b   Thumb Code    92  fepilogue.o(.text)
    __ARM_scalbnf                            0x0800bc97   Thumb Code    24  fscalb.o(.text)
    scalbnf                                  0x0800bc97   Thumb Code     0  fscalb.o(.text)
    _frnd                                    0x0800bcaf   Thumb Code    60  frnd.o(.text)
    _double_round                            0x0800bceb   Thumb Code    30  depilogue.o(.text)
    _double_epilogue                         0x0800bd09   Thumb Code   156  depilogue.o(.text)
    _dsqrt                                   0x0800bda5   Thumb Code   162  dsqrt.o(.text)
    _drnd                                    0x0800be49   Thumb Code   132  drnd.o(.text)
    __aeabi_d2ulz                            0x0800bed1   Thumb Code    48  dfixul.o(.text)
    __aeabi_cdcmpeq                          0x0800bf01   Thumb Code     0  cdcmple.o(.text)
    __aeabi_cdcmple                          0x0800bf01   Thumb Code    48  cdcmple.o(.text)
    __aeabi_cdrcmple                         0x0800bf31   Thumb Code    48  cdrcmple.o(.text)
    __scatterload                            0x0800bf61   Thumb Code    28  init.o(.text)
    __scatterload_rt2                        0x0800bf61   Thumb Code     0  init.o(.text)
    _fsqrt                                   0x0800bf85   Thumb Code    94  fsqrt.o(.text)
    __ARM_scalbn                             0x0800bfe3   Thumb Code    46  dscalb.o(.text)
    scalbn                                   0x0800bfe3   Thumb Code     0  dscalb.o(.text)
    __decompress                             0x0800c011   Thumb Code     0  __dczerorl2.o(.text)
    __decompress1                            0x0800c011   Thumb Code    86  __dczerorl2.o(.text)
    __0vsnprintf                             0x0800c069   Thumb Code    40  printfa.o(i.__0vsnprintf)
    __1vsnprintf                             0x0800c069   Thumb Code     0  printfa.o(i.__0vsnprintf)
    __2vsnprintf                             0x0800c069   Thumb Code     0  printfa.o(i.__0vsnprintf)
    __c89vsnprintf                           0x0800c069   Thumb Code     0  printfa.o(i.__0vsnprintf)
    vsnprintf                                0x0800c069   Thumb Code     0  printfa.o(i.__0vsnprintf)
    __ARM_fpclassify                         0x0800c095   Thumb Code    40  fpclassify.o(i.__ARM_fpclassify)
    __ARM_fpclassifyf                        0x0800c0bd   Thumb Code    38  fpclassifyf.o(i.__ARM_fpclassifyf)
    __aeabi_errno_addr                       0x0800c0e5   Thumb Code     4  errno.o(i.__aeabi_errno_addr)
    __rt_errno_addr                          0x0800c0e5   Thumb Code     0  errno.o(i.__aeabi_errno_addr)
    __kernel_poly                            0x0800c0ed   Thumb Code   170  poly.o(i.__kernel_poly)
    __mathlib_dbl_infnan                     0x0800c197   Thumb Code     6  dunder.o(i.__mathlib_dbl_infnan)
    __mathlib_dbl_infnan2                    0x0800c19d   Thumb Code     4  dunder.o(i.__mathlib_dbl_infnan2)
    __mathlib_dbl_underflow                  0x0800c1a1   Thumb Code    10  dunder.o(i.__mathlib_dbl_underflow)
    __mathlib_flt_infnan                     0x0800c1b1   Thumb Code     6  funder.o(i.__mathlib_flt_infnan)
    __mathlib_flt_infnan2                    0x0800c1b7   Thumb Code     4  funder.o(i.__mathlib_flt_infnan2)
    __mathlib_flt_invalid                    0x0800c1bb   Thumb Code     8  funder.o(i.__mathlib_flt_invalid)
    __mathlib_flt_underflow                  0x0800c1c3   Thumb Code    10  funder.o(i.__mathlib_flt_underflow)
    __mathlib_rredf2                         0x0800c1cd   Thumb Code   344  rredf.o(i.__mathlib_rredf2)
    __scatterload_copy                       0x0800c335   Thumb Code    14  handlers.o(i.__scatterload_copy)
    __scatterload_null                       0x0800c343   Thumb Code     2  handlers.o(i.__scatterload_null)
    __scatterload_zeroinit                   0x0800c345   Thumb Code    14  handlers.o(i.__scatterload_zeroinit)
    __set_errno                              0x0800c355   Thumb Code     6  errno.o(i.__set_errno)
    asinf                                    0x0800cc29   Thumb Code   254  asinf.o(i.asinf)
    atan                                     0x0800cd4d   Thumb Code   474  atan.o(i.atan)
    atan2                                    0x0800cf6d   Thumb Code   346  atan2.o(i.atan2)
    atan2f                                   0x0800d0ed   Thumb Code   528  atan2f.o(i.atan2f)
    cosf                                     0x0800d349   Thumb Code   328  cosf.o(i.cosf)
    round                                    0x0800d4c5   Thumb Code   136  round.o(i.round)
    sinf                                     0x0800d559   Thumb Code   338  sinf.o(i.sinf)
    sqrt                                     0x0800d6e1   Thumb Code    76  sqrt.o(i.sqrt)
    sqrtf                                    0x0800d72d   Thumb Code    44  sqrtf.o(i.sqrtf)
    Virtual_Com_Port_DeviceDescriptor        0x0800d758   Data          18  usb_desc.o(.constdata)
    Virtual_Com_Port_ConfigDescriptor        0x0800d76a   Data          67  usb_desc.o(.constdata)
    Virtual_Com_Port_StringLangID            0x0800d7ad   Data           4  usb_desc.o(.constdata)
    Virtual_Com_Port_StringVendor            0x0800d7b1   Data          38  usb_desc.o(.constdata)
    Virtual_Com_Port_StringProduct           0x0800d7d7   Data          50  usb_desc.o(.constdata)
    __mathlib_zero                           0x0800d8a8   Data           8  qnan.o(.constdata)
    Region$$Table$$Base                      0x0800d8d0   Number         0  anon$$obj.o(Region$$Table)
    Region$$Table$$Limit                     0x0800d8f0   Number         0  anon$$obj.o(Region$$Table)
    testPhase                                0x20000000   Data           4  main.o(.data)
    testPhaseDelta                           0x20000004   Data           4  main.o(.data)
    timerValue                               0x20000008   Data           2  main.o(.data)
    SystemCoreClock                          0x20000020   Data           4  system_stm32f10x.o(.data)
    AHBPrescTable                            0x20000024   Data          16  system_stm32f10x.o(.data)
    holdIntegrators                          0x20000034   Data           1  pid.o(.data)
    mechanical2electricalDegrees             0x2000003c   Data          12  computemotorcommands.o(.data)
    electrical2mechanicalDegrees             0x20000048   Data          12  computemotorcommands.o(.data)
    yawCmd                                   0x20000054   Data           4  computemotorcommands.o(.data)
    centerPoint                              0x20000058   Data           4  computemotorcommands.o(.data)
    stepSmooth                               0x2000005c   Data           4  computemotorcommands.o(.data)
    step                                     0x20000060   Data           4  computemotorcommands.o(.data)
    exAcc                                    0x20000068   Data           8  margahrs.o(.data)
    eyAcc                                    0x20000070   Data           8  margahrs.o(.data)
    ezAcc                                    0x20000078   Data           8  margahrs.o(.data)
    exAccInt                                 0x20000080   Data           8  margahrs.o(.data)
    eyAccInt                                 0x20000088   Data           8  margahrs.o(.data)
    ezAccInt                                 0x20000090   Data           8  margahrs.o(.data)
    exMag                                    0x20000098   Data           8  margahrs.o(.data)
    eyMag                                    0x200000a0   Data           8  margahrs.o(.data)
    ezMag                                    0x200000a8   Data           8  margahrs.o(.data)
    exMagInt                                 0x200000b0   Data           8  margahrs.o(.data)
    eyMagInt                                 0x200000b8   Data           8  margahrs.o(.data)
    ezMagInt                                 0x200000c0   Data           8  margahrs.o(.data)
    kpAcc                                    0x200000c8   Data           8  margahrs.o(.data)
    kiAcc                                    0x200000d0   Data           8  margahrs.o(.data)
    q0                                       0x200000d8   Data           8  margahrs.o(.data)
    q1                                       0x200000e0   Data           8  margahrs.o(.data)
    q2                                       0x200000e8   Data           8  margahrs.o(.data)
    q3                                       0x200000f0   Data           8  margahrs.o(.data)
    q0q0                                     0x200000f8   Data           8  margahrs.o(.data)
    q0q1                                     0x20000100   Data           8  margahrs.o(.data)
    q0q2                                     0x20000108   Data           8  margahrs.o(.data)
    q0q3                                     0x20000110   Data           8  margahrs.o(.data)
    q1q1                                     0x20000118   Data           8  margahrs.o(.data)
    q1q2                                     0x20000120   Data           8  margahrs.o(.data)
    q1q3                                     0x20000128   Data           8  margahrs.o(.data)
    q2q2                                     0x20000130   Data           8  margahrs.o(.data)
    q2q3                                     0x20000138   Data           8  margahrs.o(.data)
    q3q3                                     0x20000140   Data           8  margahrs.o(.data)
    halfT                                    0x20000148   Data           8  margahrs.o(.data)
    MargAHRSinitialized1                     0x20000150   Data           1  margahrs.o(.data)
    MargAHRSinitialized2                     0x20000151   Data           1  margahrs.o(.data)
    accConfidenceDecay                       0x20000154   Data           8  margahrs.o(.data)
    accConfidence                            0x2000015c   Data           8  margahrs.o(.data)
    I2Cx                                     0x20000178   Data           4  drv_i2c.o(.data)
    __irq_nesting_counter                    0x20000190   Data           4  drv_irq.o(.data)
    timer1timer8deadTimeRegister             0x20000198   Data           4  drv_pwmmotors.o(.data)
    timer4timer5deadTimeDelay                0x2000019c   Data           4  drv_pwmmotors.o(.data)
    oddEvenFrame                             0x200001a0   Data           1  drv_pwmmotors.o(.data)
    rcActive                                 0x200001a8   Data           1  drv_rc.o(.data)
    frameCounter                             0x200001bc   Data           2  drv_system.o(.data)
    frame_500Hz                              0x200001be   Data           1  drv_system.o(.data)
    frame_100Hz                              0x200001bf   Data           1  drv_system.o(.data)
    frame_50Hz                               0x200001c0   Data           1  drv_system.o(.data)
    frame_10Hz                               0x200001c1   Data           1  drv_system.o(.data)
    frame_5Hz                                0x200001c2   Data           1  drv_system.o(.data)
    frame_1Hz                                0x200001c3   Data           1  drv_system.o(.data)
    deltaTime1000Hz                          0x200001c4   Data           4  drv_system.o(.data)
    executionTime1000Hz                      0x200001c8   Data           4  drv_system.o(.data)
    previous1000HzTime                       0x200001cc   Data           4  drv_system.o(.data)
    deltaTime500Hz                           0x200001d0   Data           4  drv_system.o(.data)
    executionTime500Hz                       0x200001d4   Data           4  drv_system.o(.data)
    previous500HzTime                        0x200001d8   Data           4  drv_system.o(.data)
    deltaTime100Hz                           0x200001dc   Data           4  drv_system.o(.data)
    executionTime100Hz                       0x200001e0   Data           4  drv_system.o(.data)
    previous100HzTime                        0x200001e4   Data           4  drv_system.o(.data)
    deltaTime50Hz                            0x200001e8   Data           4  drv_system.o(.data)
    executionTime50Hz                        0x200001ec   Data           4  drv_system.o(.data)
    previous50HzTime                         0x200001f0   Data           4  drv_system.o(.data)
    deltaTime10Hz                            0x200001f4   Data           4  drv_system.o(.data)
    executionTime10Hz                        0x200001f8   Data           4  drv_system.o(.data)
    previous10HzTime                         0x200001fc   Data           4  drv_system.o(.data)
    deltaTime5Hz                             0x20000200   Data           4  drv_system.o(.data)
    executionTime5Hz                         0x20000204   Data           4  drv_system.o(.data)
    previous5HzTime                          0x20000208   Data           4  drv_system.o(.data)
    deltaTime1Hz                             0x2000020c   Data           4  drv_system.o(.data)
    executionTime1Hz                         0x20000210   Data           4  drv_system.o(.data)
    previous1HzTime                          0x20000214   Data           4  drv_system.o(.data)
    dt500Hz                                  0x20000218   Data           4  drv_system.o(.data)
    systemReady                              0x2000021c   Data           1  drv_system.o(.data)
    IrqCntUart4                              0x20000220   Data           4  drv_usart.o(.data)
    rawMag                                   0x20000224   Data           6  hmc5883.o(.data)
    magDataUpdate                            0x2000022a   Data           1  hmc5883.o(.data)
    newMagData                               0x2000022b   Data           1  hmc5883.o(.data)
    accelOneG                                0x2000022c   Data           4  mpu6050.o(.data)
    mpu6050Calibrating                       0x20000230   Data           1  mpu6050.o(.data)
    mpu6050Temperature                       0x20000234   Data           4  mpu6050.o(.data)
    rawMPU6050Temperature                    0x20000238   Data           4  mpu6050.o(.data)
    cliBusy                                  0x2000023c   Data           1  cli.o(.data)
    gimbalStateEnabled                       0x2000023f   Data           1  cli.o(.data)
    savedRollState                           0x20000240   Data           1  cli.o(.data)
    savedPitchState                          0x20000241   Data           1  cli.o(.data)
    savedYawState                            0x20000242   Data           1  cli.o(.data)
    HSEStartUpStatus                         0x20000245   Data           1  hw_config.o(.data)
    EXTI_InitStructure                       0x20000248   Data           8  hw_config.o(.data)
    packetSent                               0x20000250   Data           4  hw_config.o(.data)
    sendLength                               0x20000254   Data           4  hw_config.o(.data)
    Virtual_Com_Port_StringSerial            0x20000259   Data          26  usb_desc.o(.data)
    receiveLength                            0x20000274   Data           4  usb_endp.o(.data)
    wIstr                                    0x20000278   Data           2  usb_istr.o(.data)
    bIntPackSOF                              0x2000027a   Data           1  usb_istr.o(.data)
    esof_counter                             0x2000027c   Data           4  usb_istr.o(.data)
    wCNTR                                    0x20000280   Data           4  usb_istr.o(.data)
    pEpInt_IN                                0x20000284   Data          28  usb_istr.o(.data)
    pEpInt_OUT                               0x200002a0   Data          28  usb_istr.o(.data)
    Request                                  0x200002c0   Data           1  usb_prop.o(.data)
    linecoding                               0x200002c4   Data           8  usb_prop.o(.data)
    Device_Table                             0x200002cc   Data           2  usb_prop.o(.data)
    Device_Property                          0x200002d0   Data          48  usb_prop.o(.data)
    User_Standard_Requests                   0x20000300   Data          36  usb_prop.o(.data)
    Device_Descriptor                        0x20000324   Data           8  usb_prop.o(.data)
    Config_Descriptor                        0x2000032c   Data           8  usb_prop.o(.data)
    String_Descriptor                        0x20000334   Data          32  usb_prop.o(.data)
    bDeviceState                             0x20000354   Data           4  usb_pwr.o(.data)
    fSuspendEnabled                          0x20000358   Data           1  usb_pwr.o(.data)
    ResumeS                                  0x20000359   Data           2  usb_pwr.o(.data)
    remotewakeupon                           0x2000035c   Data           4  usb_pwr.o(.data)
    StatusInfo                               0x20000360   Data           2  usb_core.o(.data)
    Data_Mul_MaxPacketSize                   0x20000362   Data           1  usb_core.o(.data)
    EPindex                                  0x20000364   Data           1  usb_init.o(.data)
    pInformation                             0x20000368   Data           4  usb_init.o(.data)
    pProperty                                0x2000036c   Data           4  usb_init.o(.data)
    SaveState                                0x20000370   Data           2  usb_init.o(.data)
    wInterrupt_Mask                          0x20000372   Data           2  usb_init.o(.data)
    pUser_Standard_Requests                  0x20000374   Data           4  usb_init.o(.data)
    SaveRState                               0x20000378   Data           2  usb_int.o(.data)
    SaveTState                               0x2000037a   Data           2  usb_int.o(.data)
    eepromConfig                             0x20000380   Data         372  main.o(.bss)
    sensors                                  0x200004f4   Data         120  main.o(.bss)
    accAngleSmooth                           0x2000056c   Data          24  evvgccf.o(.bss)
    sinDataI16                               0x20000584   Data        2048  fasttrig.o(.bss)
    firstOrderFilters                        0x20000d84   Data         360  firstorderfilter.o(.bss)
    RingBufferUSBTX                          0x20000eec   Data        1040  drv_cli.o(.bss)
    maxCnt                                   0x20001320   Data          12  drv_pwmmotors.o(.bss)
    minCnt                                   0x2000132c   Data          12  drv_pwmmotors.o(.bss)
    irqCnt                                   0x20001338   Data          12  drv_pwmmotors.o(.bss)
    accelData500Hz                           0x20001b64   Data          12  mpu6050.o(.bss)
    accelTCBias                              0x20001b70   Data          12  mpu6050.o(.bss)
    rawAccel                                 0x20001b7c   Data          12  mpu6050.o(.bss)
    gyroRTBias                               0x20001b88   Data          24  mpu6050.o(.bss)
    gyroData500Hz                            0x20001ba0   Data          12  mpu6050.o(.bss)
    gyroTCBias                               0x20001bac   Data          24  mpu6050.o(.bss)
    rawGyro                                  0x20001bc4   Data          12  mpu6050.o(.bss)
    orientationMatrix                        0x20001bd0   Data          18  mpu6050.o(.bss)
    receiveBuffer                            0x20001be2   Data          64  hw_config.o(.bss)
    EP                                       0x20001c24   Data          32  usb_pwr.o(.bss)
    Device_Info                              0x20001c44   Data          28  usb_init.o(.bss)
    __initial_sp                             0x20002060   Data           0  startup_stm32f10x_hd.o(STACK)



==============================================================================

Memory Map of the image

  Image Entry point : 0x08000131

  Load Region LR_IROM1 (Base: 0x08000000, Size: 0x0000dc70, Max: 0x00080000, ABSOLUTE, COMPRESSED[0x0000d9b0])

    Execution Region ER_IROM1 (Base: 0x08000000, Size: 0x0000d8f0, Max: 0x00080000, ABSOLUTE)

    Base Addr    Size         Type   Attr      Idx    E Section Name        Object

    0x08000000   0x00000130   Data   RO            3    RESET               startup_stm32f10x_hd.o
    0x08000130   0x00000000   Code   RO         1342  * .ARM.Collect$$$$00000000  mc_w.l(entry.o)
    0x08000130   0x00000004   Code   RO         1472    .ARM.Collect$$$$00000001  mc_w.l(entry2.o)
    0x08000134   0x00000004   Code   RO         1475    .ARM.Collect$$$$00000004  mc_w.l(entry5.o)
    0x08000138   0x00000000   Code   RO         1477    .ARM.Collect$$$$00000008  mc_w.l(entry7b.o)
    0x08000138   0x00000000   Code   RO         1479    .ARM.Collect$$$$0000000A  mc_w.l(entry8b.o)
    0x08000138   0x00000008   Code   RO         1480    .ARM.Collect$$$$0000000B  mc_w.l(entry9a.o)
    0x08000140   0x00000000   Code   RO         1482    .ARM.Collect$$$$0000000D  mc_w.l(entry10a.o)
    0x08000140   0x00000000   Code   RO         1484    .ARM.Collect$$$$0000000F  mc_w.l(entry11a.o)
    0x08000140   0x00000004   Code   RO         1473    .ARM.Collect$$$$00002712  mc_w.l(entry2.o)
    0x08000144   0x00000020   Code   RO          583    .emb_text           core_cm3.o
    0x08000164   0x00000024   Code   RO            4    .text               startup_stm32f10x_hd.o
    0x08000188   0x00000524   Code   RO           10    .text               main.o
    0x080006ac   0x000003a4   Code   RO          305    .text               stm32f10x_rcc.o
    0x08000a50   0x0000035c   Code   RO          319    .text               stm32f10x_gpio.o
    0x08000dac   0x00000408   Code   RO          331    .text               stm32f10x_usart.o
    0x080011b4   0x000000dc   Code   RO          343    .text               misc.o
    0x08001290   0x0000011c   Code   RO          451    .text               stm32f10x_exti.o
    0x080013ac   0x000005bc   Code   RO          463    .text               stm32f10x_flash.o
    0x08001968   0x00000404   Code   RO          487    .text               stm32f10x_i2c.o
    0x08001d6c   0x00000e1a   Code   RO          559    .text               stm32f10x_tim.o
    0x08002b86   0x00000002   PAD
    0x08002b88   0x000001e0   Code   RO          593    .text               system_stm32f10x.o
    0x08002d68   0x000001d0   Code   RO          611    .text               pid.o
    0x08002f38   0x00000368   Code   RO          677    .text               config.o
    0x080032a0   0x00000378   Code   RO          691    .text               evvgccf.o
    0x08003618   0x000000f0   Code   RO          713    .text               fasttrig.o
    0x08003708   0x000006c0   Code   RO          731    .text               firstorderfilter.o
    0x08003dc8   0x00001fbc   Code   RO          749    .text               margahrs.o
    0x08005d84   0x000000b0   Code   RO          783    .text               stm32_it.o
    0x08005e34   0x00000d44   Code   RO          808    .text               utilities.o
    0x08006b78   0x000001b8   Code   RO          821    .text               drv_cli.o
    0x08006d30   0x00000054   Code   RO          841    .text               drv_gpio.o
    0x08006d84   0x00000914   Code   RO          853    .text               drv_i2c.o
    0x08007698   0x00000694   Code   RO          875    .text               drv_pwmmotors.o
    0x08007d2c   0x00000240   Code   RO          891    .text               drv_rc.o
    0x08007f6c   0x000005c8   Code   RO          913    .text               drv_system.o
    0x08008534   0x00000038   Code   RO          935    .text               drv_timingfunctions.o
    0x0800856c   0x00000258   Code   RO          947    .text               drv_usart.o
    0x080087c4   0x000001b8   Code   RO          963    .text               ringbuffer.o
    0x0800897c   0x00000a24   Code   RO          994    .text               mpu6050.o
    0x080093a0   0x000001bc   Code   RO         1013    .text               cli.o
    0x0800955c   0x0000025c   Code   RO         1071    .text               hw_config.o
    0x080097b8   0x00000034   Code   RO         1107    .text               usb_endp.o
    0x080097ec   0x000000b0   Code   RO         1134    .text               usb_istr.o
    0x0800989c   0x00000268   Code   RO         1152    .text               usb_prop.o
    0x08009b04   0x00000234   Code   RO         1175    .text               usb_pwr.o
    0x08009d38   0x00000b50   Code   RO         1194    .text               usb_core.o
    0x0800a888   0x0000003c   Code   RO         1209    .text               usb_init.o
    0x0800a8c4   0x0000033c   Code   RO         1232    .text               usb_int.o
    0x0800ac00   0x0000005c   Code   RO         1256    .text               usb_mem.o
    0x0800ac5c   0x00000808   Code   RO         1268    .text               usb_regs.o
    0x0800b464   0x00000080   Code   RO         1280    .text               usb_sil.o
    0x0800b4e4   0x00000024   Code   RO         1345    .text               mc_w.l(memcpya.o)
    0x0800b508   0x00000024   Code   RO         1347    .text               mc_w.l(memseta.o)
    0x0800b52c   0x0000000e   Code   RO         1349    .text               mc_w.l(strlen.o)
    0x0800b53a   0x000000b0   Code   RO         1388    .text               mf_w.l(fadd.o)
    0x0800b5ea   0x00000064   Code   RO         1390    .text               mf_w.l(fmul.o)
    0x0800b64e   0x0000007c   Code   RO         1392    .text               mf_w.l(fdiv.o)
    0x0800b6ca   0x0000014e   Code   RO         1394    .text               mf_w.l(dadd.o)
    0x0800b818   0x000000e4   Code   RO         1396    .text               mf_w.l(dmul.o)
    0x0800b8fc   0x000000de   Code   RO         1398    .text               mf_w.l(ddiv.o)
    0x0800b9da   0x00000012   Code   RO         1400    .text               mf_w.l(fflti.o)
    0x0800b9ec   0x0000000a   Code   RO         1402    .text               mf_w.l(ffltui.o)
    0x0800b9f6   0x00000022   Code   RO         1404    .text               mf_w.l(dflti.o)
    0x0800ba18   0x00000032   Code   RO         1406    .text               mf_w.l(ffixi.o)
    0x0800ba4a   0x00000028   Code   RO         1408    .text               mf_w.l(ffixui.o)
    0x0800ba72   0x0000003e   Code   RO         1410    .text               mf_w.l(dfixi.o)
    0x0800bab0   0x00000026   Code   RO         1412    .text               mf_w.l(f2d.o)
    0x0800bad6   0x00000038   Code   RO         1414    .text               mf_w.l(d2f.o)
    0x0800bb0e   0x00000002   PAD
    0x0800bb10   0x00000014   Code   RO         1416    .text               mf_w.l(cfcmple.o)
    0x0800bb24   0x00000014   Code   RO         1418    .text               mf_w.l(cfrcmple.o)
    0x0800bb38   0x0000002c   Code   RO         1489    .text               mc_w.l(uidiv.o)
    0x0800bb64   0x00000062   Code   RO         1491    .text               mc_w.l(uldiv.o)
    0x0800bbc6   0x0000001e   Code   RO         1493    .text               mc_w.l(llshl.o)
    0x0800bbe4   0x00000020   Code   RO         1495    .text               mc_w.l(llushr.o)
    0x0800bc04   0x00000024   Code   RO         1497    .text               mc_w.l(llsshr.o)
    0x0800bc28   0x00000000   Code   RO         1499    .text               mc_w.l(iusefp.o)
    0x0800bc28   0x0000006e   Code   RO         1500    .text               mf_w.l(fepilogue.o)
    0x0800bc96   0x00000018   Code   RO         1502    .text               mf_w.l(fscalb.o)
    0x0800bcae   0x0000003c   Code   RO         1504    .text               mf_w.l(frnd.o)
    0x0800bcea   0x000000ba   Code   RO         1506    .text               mf_w.l(depilogue.o)
    0x0800bda4   0x000000a2   Code   RO         1508    .text               mf_w.l(dsqrt.o)
    0x0800be46   0x00000002   PAD
    0x0800be48   0x00000088   Code   RO         1510    .text               mf_w.l(drnd.o)
    0x0800bed0   0x00000030   Code   RO         1512    .text               mf_w.l(dfixul.o)
    0x0800bf00   0x00000030   Code   RO         1514    .text               mf_w.l(cdcmple.o)
    0x0800bf30   0x00000030   Code   RO         1516    .text               mf_w.l(cdrcmple.o)
    0x0800bf60   0x00000024   Code   RO         1522    .text               mc_w.l(init.o)
    0x0800bf84   0x0000005e   Code   RO         1526    .text               mf_w.l(fsqrt.o)
    0x0800bfe2   0x0000002e   Code   RO         1528    .text               mf_w.l(dscalb.o)
    0x0800c010   0x00000056   Code   RO         1538    .text               mc_w.l(__dczerorl2.o)
    0x0800c066   0x00000002   PAD
    0x0800c068   0x0000002c   Code   RO         1359    i.__0vsnprintf      mc_w.l(printfa.o)
    0x0800c094   0x00000028   Code   RO         1518    i.__ARM_fpclassify  m_ws.l(fpclassify.o)
    0x0800c0bc   0x00000026   Code   RO         1444    i.__ARM_fpclassifyf  m_ws.l(fpclassifyf.o)
    0x0800c0e2   0x00000002   PAD
    0x0800c0e4   0x00000008   Code   RO         1381    i.__aeabi_errno_addr  mc_w.l(errno.o)
    0x0800c0ec   0x000000aa   Code   RO         1520    i.__kernel_poly     m_ws.l(poly.o)
    0x0800c196   0x00000006   Code   RO         1431    i.__mathlib_dbl_infnan  m_ws.l(dunder.o)
    0x0800c19c   0x00000004   Code   RO         1432    i.__mathlib_dbl_infnan2  m_ws.l(dunder.o)
    0x0800c1a0   0x00000010   Code   RO         1436    i.__mathlib_dbl_underflow  m_ws.l(dunder.o)
    0x0800c1b0   0x00000006   Code   RO         1447    i.__mathlib_flt_infnan  m_ws.l(funder.o)
    0x0800c1b6   0x00000004   Code   RO         1448    i.__mathlib_flt_infnan2  m_ws.l(funder.o)
    0x0800c1ba   0x00000008   Code   RO         1449    i.__mathlib_flt_invalid  m_ws.l(funder.o)
    0x0800c1c2   0x0000000a   Code   RO         1452    i.__mathlib_flt_underflow  m_ws.l(funder.o)
    0x0800c1cc   0x00000168   Code   RO         1461    i.__mathlib_rredf2  m_ws.l(rredf.o)
    0x0800c334   0x0000000e   Code   RO         1532    i.__scatterload_copy  mc_w.l(handlers.o)
    0x0800c342   0x00000002   Code   RO         1533    i.__scatterload_null  mc_w.l(handlers.o)
    0x0800c344   0x0000000e   Code   RO         1534    i.__scatterload_zeroinit  mc_w.l(handlers.o)
    0x0800c352   0x00000002   PAD
    0x0800c354   0x0000000c   Code   RO         1383    i.__set_errno       mc_w.l(errno.o)
    0x0800c360   0x00000184   Code   RO         1361    i._fp_digits        mc_w.l(printfa.o)
    0x0800c4e4   0x000006dc   Code   RO         1362    i._printf_core      mc_w.l(printfa.o)
    0x0800cbc0   0x00000024   Code   RO         1363    i._printf_post_padding  mc_w.l(printfa.o)
    0x0800cbe4   0x0000002e   Code   RO         1364    i._printf_pre_padding  mc_w.l(printfa.o)
    0x0800cc12   0x00000016   Code   RO         1365    i._snputc           mc_w.l(printfa.o)
    0x0800cc28   0x00000124   Code   RO         1293    i.asinf             m_ws.l(asinf.o)
    0x0800cd4c   0x00000220   Code   RO         1421    i.atan              m_ws.l(atan.o)
    0x0800cf6c   0x00000180   Code   RO         1301    i.atan2             m_ws.l(atan2.o)
    0x0800d0ec   0x0000025c   Code   RO         1309    i.atan2f            m_ws.l(atan2f.o)
    0x0800d348   0x0000017c   Code   RO         1317    i.cosf              m_ws.l(cosf.o)
    0x0800d4c4   0x00000094   Code   RO         1324    i.round             m_ws.l(round.o)
    0x0800d558   0x00000188   Code   RO         1327    i.sinf              m_ws.l(sinf.o)
    0x0800d6e0   0x0000004c   Code   RO         1335    i.sqrt              m_ws.l(sqrt.o)
    0x0800d72c   0x0000002c   Code   RO         1465    i.sqrtf             m_ws.l(sqrtf.o)
    0x0800d758   0x000000b1   Data   RO         1094    .constdata          usb_desc.o
    0x0800d809   0x00000007   PAD
    0x0800d810   0x00000098   Data   RO         1422    .constdata          m_ws.l(atan.o)
    0x0800d8a8   0x00000008   Data   RO         1460    .constdata          m_ws.l(qnan.o)
    0x0800d8b0   0x00000020   Data   RO         1462    .constdata          m_ws.l(rredf.o)
    0x0800d8d0   0x00000020   Data   RO         1530    Region$$Table       anon$$obj.o


    Execution Region RW_IRAM1 (Base: 0x20000000, Size: 0x00002060, Max: 0x00010000, ABSOLUTE, COMPRESSED[0x000000c0])

    Base Addr    Size         Type   Attr      Idx    E Section Name        Object

    0x20000000   0x0000000a   Data   RW           12    .data               main.o
    0x2000000a   0x00000014   Data   RW          306    .data               stm32f10x_rcc.o
    0x2000001e   0x00000002   PAD
    0x20000020   0x00000014   Data   RW          594    .data               system_stm32f10x.o
    0x20000034   0x00000008   Data   RW          612    .data               pid.o
    0x2000003c   0x00000028   Data   RW          647    .data               computemotorcommands.o
    0x20000064   0x00000001   Data   RW          678    .data               config.o
    0x20000065   0x00000003   PAD
    0x20000068   0x00000104   Data   RW          750    .data               margahrs.o
    0x2000016c   0x00000004   Data   RW          809    .data               utilities.o
    0x20000170   0x00000008   Data   RW          823    .data               drv_cli.o
    0x20000178   0x00000017   Data   RW          854    .data               drv_i2c.o
    0x2000018f   0x00000001   PAD
    0x20000190   0x00000004   Data   RW          868    .data               drv_irq.o
    0x20000194   0x0000000d   Data   RW          877    .data               drv_pwmmotors.o
    0x200001a1   0x00000001   PAD
    0x200001a2   0x0000000e   Data   RW          892    .data               drv_rc.o
    0x200001b0   0x0000006d   Data   RW          914    .data               drv_system.o
    0x2000021d   0x00000003   PAD
    0x20000220   0x00000004   Data   RW          949    .data               drv_usart.o
    0x20000224   0x00000008   Data   RW          977    .data               hmc5883.o
    0x2000022c   0x00000010   Data   RW          996    .data               mpu6050.o
    0x2000023c   0x00000007   Data   RW         1014    .data               cli.o
    0x20000243   0x00000001   PAD
    0x20000244   0x00000015   Data   RW         1073    .data               hw_config.o
    0x20000259   0x0000001a   Data   RW         1095    .data               usb_desc.o
    0x20000273   0x00000001   PAD
    0x20000274   0x00000004   Data   RW         1108    .data               usb_endp.o
    0x20000278   0x00000044   Data   RW         1135    .data               usb_istr.o
    0x200002bc   0x00000098   Data   RW         1153    .data               usb_prop.o
    0x20000354   0x0000000c   Data   RW         1177    .data               usb_pwr.o
    0x20000360   0x00000003   Data   RW         1195    .data               usb_core.o
    0x20000363   0x00000001   PAD
    0x20000364   0x00000014   Data   RW         1211    .data               usb_init.o
    0x20000378   0x00000004   Data   RW         1233    .data               usb_int.o
    0x2000037c   0x00000004   Data   RW         1384    .data               mc_w.l(errno.o)
    0x20000380   0x000001ec   Zero   RW           11    .bss                main.o
    0x2000056c   0x00000018   Zero   RW          692    .bss                evvgccf.o
    0x20000584   0x00000800   Zero   RW          714    .bss                fasttrig.o
    0x20000d84   0x00000168   Zero   RW          732    .bss                firstorderfilter.o
    0x20000eec   0x00000410   Zero   RW          822    .bss                drv_cli.o
    0x200012fc   0x00000048   Zero   RW          876    .bss                drv_pwmmotors.o
    0x20001344   0x00000820   Zero   RW          948    .bss                drv_usart.o
    0x20001b64   0x0000007e   Zero   RW          995    .bss                mpu6050.o
    0x20001be2   0x00000040   Zero   RW         1072    .bss                hw_config.o
    0x20001c22   0x00000002   PAD
    0x20001c24   0x00000020   Zero   RW         1176    .bss                usb_pwr.o
    0x20001c44   0x0000001c   Zero   RW         1210    .bss                usb_init.o
    0x20001c60   0x00000400   Zero   RW            1    STACK               startup_stm32f10x_hd.o


==============================================================================

Image component sizes


      Code (inc. data)   RO Data    RW Data    ZI Data      Debug   Object Name

       444         72          0          7          0       2320   cli.o
         0          0          0         40          0       3540   computemotorcommands.o
       872         86          0          1          0       1460   config.o
        32          0          0          0          0        528   core_cm3.o
       440         36          0          8       1040       3456   drv_cli.o
        84          4          0          0          0        495   drv_gpio.o
      2324        130          0         23          0       4956   drv_i2c.o
         0          0          0          4          0        252   drv_irq.o
      1684        116          0         13         72       6412   drv_pwmmotors.o
       576         52          0         14          0      17123   drv_rc.o
      1480        492          0        109          0      20393   drv_system.o
        56          6          0          0          0        530   drv_timingfunctions.o
       600         24          0          4       2080       3559   drv_usart.o
       888         34          0          0         24       1864   evvgccf.o
       240         14          0          0       2048       1316   fasttrig.o
      1728         34          0          0        360       2364   firstorderfilter.o
         0          0          0          8          0        989   hmc5883.o
       604         54          0         21         64       5585   hw_config.o
      1316        186          0         10        492     286025   main.o
      8124        672          0        260          0       7297   margahrs.o
       220         22          0          0          0       1737   misc.o
      2596        138          0         16        126       5598   mpu6050.o
       464         12          0          8          0       2830   pid.o
       440          0          0          0          0       2610   ringbuffer.o
        36          8        304          0       1024        836   startup_stm32f10x_hd.o
       176        108          0          0          0       1870   stm32_it.o
       284         10          0          0          0       2195   stm32f10x_exti.o
      1468         34          0          0          0       8146   stm32f10x_flash.o
       860         38          0          0          0       5673   stm32f10x_gpio.o
      1028         16          0          0          0       9163   stm32f10x_i2c.o
       932         36          0         20          0       8832   stm32f10x_rcc.o
      3610         88          0          0          0      22780   stm32f10x_tim.o
      1032         22          0          0          0       8392   stm32f10x_usart.o
       480         38          0         20          0       1767   system_stm32f10x.o
         0          0          0          0          0        564   usart1.o
      2896        114          0          3          0       8195   usb_core.o
         0          0        177         26          0       1059   usb_desc.o
        52         14          0          4          0       1287   usb_endp.o
        60         24          0         20         28       4198   usb_init.o
       828         34          0          4          0       1991   usb_int.o
       176         22          0         68          0       1339   usb_istr.o
        92          6          0          0          0       1474   usb_mem.o
       616         44          0        152          0       7487   usb_prop.o
       564         40          0         12         32       2923   usb_pwr.o
      2056         20          0          0          0      12049   usb_regs.o
       128          8          0          0          0       1538   usb_sil.o
      3396         42          0          4          0       4704   utilities.o

    ----------------------------------------------------------------------
     45984       2950        520        892       7392     501701   Object Totals
         0          0         32          0          0          0   (incl. Generated)
         2          0          7         13          2          0   (incl. Padding)

    ----------------------------------------------------------------------

      Code (inc. data)   RO Data    RW Data    ZI Data      Debug   Library Member Name

       292         38          0          0          0        120   asinf.o
       544         70        152          0          0        124   atan.o
       384         38          0          0          0        144   atan2.o
       604         76          0          0          0        116   atan2f.o
       380         52          0          0          0        124   cosf.o
        26          6          0          0          0        204   dunder.o
        40          0          0          0          0         68   fpclassify.o
        38          0          0          0          0         68   fpclassifyf.o
        28          0          0          0          0        272   funder.o
       170          0          0          0          0         96   poly.o
         0          0          8          0          0          0   qnan.o
       148         12          0          0          0         88   round.o
       360         16         32          0          0         88   rredf.o
       392         54          0          0          0        124   sinf.o
        76          0          0          0          0         84   sqrt.o
        44          0          0          0          0         80   sqrtf.o
        86          0          0          0          0          0   __dczerorl2.o
         0          0          0          0          0          0   entry.o
         0          0          0          0          0          0   entry10a.o
         0          0          0          0          0          0   entry11a.o
         8          4          0          0          0          0   entry2.o
         4          0          0          0          0          0   entry5.o
         0          0          0          0          0          0   entry7b.o
         0          0          0          0          0          0   entry8b.o
         8          4          0          0          0          0   entry9a.o
        20         10          0          4          0        136   errno.o
        30          0          0          0          0          0   handlers.o
        36          8          0          0          0         68   init.o
         0          0          0          0          0          0   iusefp.o
        30          0          0          0          0         68   llshl.o
        36          0          0          0          0         68   llsshr.o
        32          0          0          0          0         68   llushr.o
        36          0          0          0          0         68   memcpya.o
        36          0          0          0          0        108   memseta.o
      2292         84          0          0          0        516   printfa.o
        14          0          0          0          0         68   strlen.o
        44          0          0          0          0         80   uidiv.o
        98          0          0          0          0         92   uldiv.o
        48          0          0          0          0         68   cdcmple.o
        48          0          0          0          0         68   cdrcmple.o
        20          0          0          0          0         68   cfcmple.o
        20          0          0          0          0         68   cfrcmple.o
        56          0          0          0          0         88   d2f.o
       334          0          0          0          0        148   dadd.o
       222          0          0          0          0        100   ddiv.o
       186          0          0          0          0        176   depilogue.o
        62          0          0          0          0         80   dfixi.o
        48          0          0          0          0         68   dfixul.o
        34          0          0          0          0         76   dflti.o
       228          0          0          0          0         96   dmul.o
       136          4          0          0          0         92   drnd.o
        46          0          0          0          0         80   dscalb.o
       162          0          0          0          0        100   dsqrt.o
        38          0          0          0          0         68   f2d.o
       176          0          0          0          0        140   fadd.o
       124          0          0          0          0         88   fdiv.o
       110          0          0          0          0        168   fepilogue.o
        50          0          0          0          0         68   ffixi.o
        40          0          0          0          0         68   ffixui.o
        18          0          0          0          0         68   fflti.o
        10          0          0          0          0         68   ffltui.o
       100          0          0          0          0         76   fmul.o
        60          0          0          0          0         76   frnd.o
        24          0          0          0          0         68   fscalb.o
        94          0          0          0          0         96   fsqrt.o

    ----------------------------------------------------------------------
      8840        476        192          4          0       5568   Library Totals
        10          0          0          0          0          0   (incl. Padding)

    ----------------------------------------------------------------------

      Code (inc. data)   RO Data    RW Data    ZI Data      Debug   Library Name

      3526        362        192          0          0       1800   m_ws.l
      2810        110          0          4          0       1340   mc_w.l
      2494          4          0          0          0       2428   mf_w.l

    ----------------------------------------------------------------------
      8840        476        192          4          0       5568   Library Totals

    ----------------------------------------------------------------------

==============================================================================


      Code (inc. data)   RO Data    RW Data    ZI Data      Debug   

     54824       3426        712        896       7392     500169   Grand Totals
     54824       3426        712        192       7392     500169   ELF Image Totals (compressed)
     54824       3426        712        192          0          0   ROM Totals

==============================================================================

    Total RO  Size (Code + RO Data)                55536 (  54.23kB)
    Total RW  Size (RW Data + ZI Data)              8288 (   8.09kB)
    Total ROM Size (Code + RO Data + RW Data)      55728 (  54.42kB)

==============================================================================

